26/04/29 16:37:49 WARN Utils: Your hostname, qianzekaideMacBook-Air.local resolves to a loopback address: 127.0.0.1; using 192.168.3.1 instead (on interface bridge0)
26/04/29 16:37:49 WARN Utils: Set SPARK_LOCAL_IP if you need to bind to another address
26/04/29 16:37:50 WARN NativeCodeLoader: Unable to load native-hadoop library for your platform... using builtin-java classes where applicable
Using Spark's default log4j profile: org/apache/spark/log4j-defaults.properties
Setting default log level to "WARN".
To adjust logging level use sc.setLogLevel(newLevel). For SparkR, use setLogLevel(newLevel).
[Stage 0:>                                                          (0 + 1) / 1]                                                                                WARNING:root:No partitioning rule specified, processing might be slow
WARNING:root:No partitioning rule specified, processing might be slow
WARNING:root:No partitioning rule specified, processing might be slow
WARNING:root:No partitioning rule specified, processing might be slow
WARNING:root:No partitioning rule specified, processing might be slow
初始化清洗器和分析依赖关系...
处理单属性清洗算子：
处理单属性清洗算子：[Outlier:(domain=article_title, outliers= set())]
开始清洗属性 article_title 的数据
属性 article_title 的数据大小: 939
属性 article_title 没有可应用的清洗规则。
处理单属性清洗算子：[Outlier:(domain=journal_title, outliers= set())]
开始清洗属性 journal_title 的数据
属性 journal_title 的数据大小: 710
属性 journal_title 没有可应用的清洗规则。
处理单属性清洗算子：[Outlier:(domain=author_list, outliers= set())]
开始清洗属性 author_list 的数据
属性 author_list 的数据大小: 905
属性 author_list 没有可应用的清洗规则。
处理单属性清洗算子：[Date:(domain=article_pagination，format = %b-%y)]
开始清洗属性 article_pagination 的数据
属性 article_pagination 的数据大小: 836
属性 article_pagination 没有可应用的清洗规则。
执行层级和目标模型分类...
执行层级 (并行组): [[{'journal_abbreviation'}], [{'journal_title'}], [{'journal_issn'}]]
目标模型分类: {'journal_title': [<SampleScrubber.cleaner.multiple.AttrRelation object at 0x163e06fd0>], 'journal_issn': [<SampleScrubber.cleaner.multiple.AttrRelation object at 0x163e06e80>, <SampleScrubber.cleaner.multiple.AttrRelation object at 0x163e06e50>]}

处理第 1 层级, 包含节点: ['journal_abbreviation']
  当前节点: journal_abbreviation 无可用清洗信号
  当前节点: journal_abbreviation 无清洗操作
['journal_abbreviation']的清洗完成

本层累积的编辑规则数: 0
本层没有可以进行的清洗操作，进行下一层

处理第 2 层级, 包含节点: ['journal_title']
  当前节点: journal_title 存在可用清洗信号
数据块大小: 1000
分块属性:
[['journal_abbreviation']]
Starting initial block mapping...
Initial number of blocks: 420
Final number of blocks after further splitting: 420
Computing Block 16 out of 420
Processing Block size=2
begin cleaner[FunctionalDependency:(s: {'journal_abbreviation'}, t: {'journal_title'})]*1.0
列 'p' 不存在，对列 journal_title 不过滤，直接选择所有非无效值。
Block processing time: 0.002908 seconds
Computing Block 85 out of 420
Processing Block size=3
begin cleaner{left: ("[FunctionalDependency:(s: {journal_abbreviation}, t: {journal_title})]", 0.0), operator: *, right: (1.0, 1.0), result: 0.0}
列 'p' 不存在，对列 journal_title 不过滤，直接选择所有非无效值。
clean_bool length:2
newest best op: Uniop(df,'journal_title','Am J Clin Nutr',(['journal_abbreviation'], {('The American journal of clinical nutrition',)}),{left: ("[FunctionalDependency:(s: {journal_abbreviation}, t: {journal_title})]", 0.0), operator: *, right: (1.0, 1.0), result: 0.0})
now error: 0.0
Block processing time: 0.00808 seconds
Computing Block 113 out of 420
Processing Block size=2
begin cleaner{left: ("[FunctionalDependency:(s: {journal_abbreviation}, t: {journal_title})]", 0.0), operator: *, right: (1.0, 1.0), result: 0.0}
列 'p' 不存在，对列 journal_title 不过滤，直接选择所有非无效值。
Block processing time: 0.002488 seconds
Computing Block 120 out of 420
Processing Block size=4
begin cleaner{left: ("[FunctionalDependency:(s: {journal_abbreviation}, t: {journal_title})]", 0.0), operator: *, right: (1.0, 1.0), result: 0.0}
列 'p' 不存在，对列 journal_title 不过滤，直接选择所有非无效值。
clean_bool length:2
newest best op: Uniop(df,'journal_title','Circulation',(['journal_abbreviation'], {('Circulation',)}),{left: ("[FunctionalDependency:(s: {journal_abbreviation}, t: {journal_title})]", 0.0), operator: *, right: (1.0, 1.0), result: 0.0})
now error: 0.0
Block processing time: 0.010016 seconds
Computing Block 150 out of 420
Processing Block size=2
begin cleaner{left: ("[FunctionalDependency:(s: {journal_abbreviation}, t: {journal_title})]", 0.0), operator: *, right: (1.0, 1.0), result: 0.0}
列 'p' 不存在，对列 journal_title 不过滤，直接选择所有非无效值。
clean_bool length:3
newest best op: Uniop(df,'journal_title','Gut',(['journal_abbreviation'], {('Gut',)}),{left: ("[FunctionalDependency:(s: {journal_abbreviation}, t: {journal_title})]", 0.0), operator: *, right: (1.0, 1.0), result: 0.0})
now error: 0.0
Block processing time: 0.008563 seconds
Computing Block 155 out of 420
Processing Block size=2
begin cleaner{left: ("[FunctionalDependency:(s: {journal_abbreviation}, t: {journal_title})]", 0.0), operator: *, right: (1.0, 1.0), result: 0.0}
列 'p' 不存在，对列 journal_title 不过滤，直接选择所有非无效值。
clean_bool length:2
newest best op: Uniop(df,'journal_title','Catheterization and cardiovascular interventions : official journal of the Society for Cardiac Angiography & Interventions',(['journal_abbreviation'], {('Catheter Cardiovasc Interv',)}),{left: ("[FunctionalDependency:(s: {journal_abbreviation}, t: {journal_title})]", 0.0), operator: *, right: (1.0, 1.0), result: 0.0})
now error: 0.0
Block processing time: 0.005537 seconds
Computing Block 175 out of 420
Processing Block size=3
begin cleaner{left: ("[FunctionalDependency:(s: {journal_abbreviation}, t: {journal_title})]", 0.0), operator: *, right: (1.0, 1.0), result: 0.0}
列 'p' 不存在，对列 journal_title 不过滤，直接选择所有非无效值。
clean_bool length:4
newest best op: Uniop(df,'journal_title','Tumour biology : the journal of the International Society for Oncodevelopmental Biology and Medicine',(['journal_abbreviation'], {('Tumour Biol.',)}),{left: ("[FunctionalDependency:(s: {journal_abbreviation}, t: {journal_title})]", 0.0), operator: *, right: (1.0, 1.0), result: 0.0})
now error: 0.0
Block processing time: 0.034201 seconds
Computing Block 197 out of 420
Processing Block size=2
begin cleaner{left: ("[FunctionalDependency:(s: {journal_abbreviation}, t: {journal_title})]", 0.0), operator: *, right: (1.0, 1.0), result: 0.0}
列 'p' 不存在，对列 journal_title 不过滤，直接选择所有非无效值。
clean_bool length:3
newest best op: Uniop(df,'journal_title','Annal??s of in??ternal medicine',(['journal_abbreviation'], {('Ann. Intern. Med.',)}),{left: ("[FunctionalDependency:(s: {journal_abbreviation}, t: {journal_title})]", 0.0), operator: *, right: (1.0, 1.0), result: 0.0})
now error: 0.0
Block processing time: 0.008882 seconds
Computing Block 240 out of 420
Processing Block size=2
begin cleaner{left: ("[FunctionalDependency:(s: {journal_abbreviation}, t: {journal_title})]", 0.0), operator: *, right: (1.0, 1.0), result: 0.0}
列 'p' 不存在，对列 journal_title 不过滤，直接选择所有非无效值。
clean_bool length:3
newest best op: Uniop(df,'journal_title','Obesity (Silver Spring Md.)',(['journal_abbreviation'], {('Obesity (Silver Spring)',)}),{left: ("[FunctionalDependency:(s: {journal_abbreviation}, t: {journal_title})]", 0.0), operator: *, right: (1.0, 1.0), result: 0.0})
now error: 0.0
Block processing time: 0.008975 seconds
Computing Block 246 out of 420
Processing Block size=2
begin cleaner{left: ("[FunctionalDependency:(s: {journal_abbreviation}, t: {journal_title})]", 0.0), operator: *, right: (1.0, 1.0), result: 0.0}
列 'p' 不存在，对列 journal_title 不过滤，直接选择所有非无效值。
Block processing time: 0.002452 seconds
Computing Block 257 out of 420
Processing Block size=2
begin cleaner{left: ("[FunctionalDependency:(s: {journal_abbreviation}, t: {journal_title})]", 0.0), operator: *, right: (1.0, 1.0), result: 0.0}
列 'p' 不存在，对列 journal_title 不过滤，直接选择所有非无效值。
clean_bool length:3
newest best op: Uniop(df,'journal_title','Science (New York N.Y.)',(['journal_abbreviation'], {('Science',)}),{left: ("[FunctionalDependency:(s: {journal_abbreviation}, t: {journal_title})]", 0.0), operator: *, right: (1.0, 1.0), result: 0.0})
now error: 0.0
Block processing time: 0.008592 seconds
Computing Block 270 out of 420
Processing Block size=3
begin cleaner{left: ("[FunctionalDependency:(s: {journal_abbreviation}, t: {journal_title})]", 0.0), operator: *, right: (1.0, 1.0), result: 0.0}
WARNING:root:No partitioning rule specified, processing might be slow
列 'p' 不存在，对列 journal_title 不过滤，直接选择所有非无效值。
clean_bool length:3
newest best op: Uniop(df,'journal_title','Journal of ??the National Cancer Insti??tute',(['journal_abbreviation'], {('J. Natl. Cancer Inst.',)}),{left: ("[FunctionalDependency:(s: {journal_abbreviation}, t: {journal_title})]", 0.0), operator: *, right: (1.0, 1.0), result: 0.0})
now error: 0.0
newest best op: Uniop(df,'journal_title','Journal of the National Cancer Institute',(['journal_abbreviation'], {('J. Natl. Cancer Inst.',)}),{left: ("[FunctionalDependency:(s: {journal_abbreviation}, t: {journal_title})]", 0.0), operator: *, right: (1.0, 1.0), result: 0.0})
now error: 0.0
Block processing time: 0.013262 seconds
Computing Block 275 out of 420
Processing Block size=2
begin cleaner{left: ("[FunctionalDependency:(s: {journal_abbreviation}, t: {journal_title})]", 0.0), operator: *, right: (1.0, 1.0), result: 0.0}
列 'p' 不存在，对列 journal_title 不过滤，直接选择所有非无效值。
Block processing time: 0.002405 seconds
Computing Block 278 out of 420
Processing Block size=2
begin cleaner{left: ("[FunctionalDependency:(s: {journal_abbreviation}, t: {journal_title})]", 0.0), operator: *, right: (1.0, 1.0), result: 0.0}
列 'p' 不存在，对列 journal_title 不过滤，直接选择所有非无效值。
Block processing time: 0.002398 seconds
Computing Block 286 out of 420
Processing Block size=2
begin cleaner{left: ("[FunctionalDependency:(s: {journal_abbreviation}, t: {journal_title})]", 0.0), operator: *, right: (1.0, 1.0), result: 0.0}
列 'p' 不存在，对列 journal_title 不过滤，直接选择所有非无效值。
clean_bool length:2
newest best op: Uniop(df,'journal_title','Endocrinology',(['journal_abbreviation'], {('Endocrinology',)}),{left: ("[FunctionalDependency:(s: {journal_abbreviation}, t: {journal_title})]", 0.0), operator: *, right: (1.0, 1.0), result: 0.0})
now error: 0.0
Block processing time: 0.005455 seconds
Computing Block 307 out of 420
Processing Block size=2
begin cleaner{left: ("[FunctionalDependency:(s: {journal_abbreviation}, t: {journal_title})]", 0.0), operator: *, right: (1.0, 1.0), result: 0.0}
列 'p' 不存在，对列 journal_title 不过滤，直接选择所有非无效值。
Block processing time: 0.002401 seconds
Computing Block 313 out of 420
Processing Block size=2
begin cleaner{left: ("[FunctionalDependency:(s: {journal_abbreviation}, t: {journal_title})]", 0.0), operator: *, right: (1.0, 1.0), result: 0.0}
列 'p' 不存在，对列 journal_title 不过滤，直接选择所有非无效值。
Block processing time: 0.002372 seconds
Computing Block 360 out of 420
Processing Block size=2
begin cleaner{left: ("[FunctionalDependency:(s: {journal_abbreviation}, t: {journal_title})]", 0.0), operator: *, right: (1.0, 1.0), result: 0.0}
列 'p' 不存在，对列 journal_title 不过滤，直接选择所有非无效值。
Block processing time: 0.002366 seconds
Computing Block 362 out of 420
Processing Block size=6
begin cleaner{left: ("[FunctionalDependency:(s: {journal_abbreviation}, t: {journal_title})]", 0.0), operator: *, right: (1.0, 1.0), result: 0.0}
列 'p' 不存在，对列 journal_title 不过滤，直接选择所有非无效值。
clean_bool length:2
newest best op: Uniop(df,'journal_title','PLoS One',(['journal_abbreviation'], {('PloS one',)}),{left: ("[FunctionalDependency:(s: {journal_abbreviation}, t: {journal_title})]", 0.0), operator: *, right: (1.0, 1.0), result: 0.0})
now error: 0.0
Block processing time: 0.013965 seconds
Computing Block 367 out of 420
Processing Block size=2
begin cleaner{left: ("[FunctionalDependency:(s: {journal_abbreviation}, t: {journal_title})]", 0.0), operator: *, right: (1.0, 1.0), result: 0.0}
列 'p' 不存在，对列 journal_title 不过滤，直接选择所有非无效值。
clean_bool length:3
newest best op: Uniop(df,'journal_title','Journal of clinical oncology : official journal of the American Society of Clinical Oncology',(['journal_abbreviation'], {('J. Clin. Oncol.',)}),{left: ("[FunctionalDependency:(s: {journal_abbreviation}, t: {journal_title})]", 0.0), operator: *, right: (1.0, 1.0), result: 0.0})
now error: 0.0
Block processing time: 0.013136 seconds
Computing Block 393 out of 420
Processing Block size=2
begin cleaner{left: ("[FunctionalDependency:(s: {journal_abbreviation}, t: {journal_title})]", 0.0), operator: *, right: (1.0, 1.0), result: 0.0}
列 'p' 不存在，对列 journal_title 不过滤，直接选择所有非无效值。
Block processing time: 0.002393 seconds
Computing Block 413 out of 420
Processing Block size=2
begin cleaner{left: ("[FunctionalDependency:(s: {journal_abbreviation}, t: {journal_title})]", 0.0), operator: *, right: (1.0, 1.0), result: 0.0}
列 'p' 不存在，对列 journal_title 不过滤，直接选择所有非无效值。
clean_bool length:3
newest best op: Uniop(df,'journal_title','Physiotherapy',(['journal_abbreviation'], {('Physiotherapy',)}),{left: ("[FunctionalDependency:(s: {journal_abbreviation}, t: {journal_title})]", 0.0), operator: *, right: (1.0, 1.0), result: 0.0})
now error: 0.0
Block processing time: 0.007862 seconds
Computing Block 416 out of 420
Processing Block size=2
begin cleaner{left: ("[FunctionalDependency:(s: {journal_abbreviation}, t: {journal_title})]", 0.0), operator: *, right: (1.0, 1.0), result: 0.0}
列 'p' 不存在，对列 journal_title 不过滤，直接选择所有非无效值。
clean_bool length:3
newest best op: Uniop(df,'journal_title','J Orthop$ Sci',(['journal_abbreviation'], {('Journal of orthopaedic science : official journal of the Japanese Orthopaedic Association',)}),{left: ("[FunctionalDependency:(s: {journal_abbreviation}, t: {journal_title})]", 0.0), operator: *, right: (1.0, 1.0), result: 0.0})
now error: 0.0
Block processing time: 0.007461 seconds
Computing Block 420 out of 420
Processing Block size=3
begin cleaner{left: ("[FunctionalDependency:(s: {journal_abbreviation}, t: {journal_title})]", 0.0), operator: *, right: (1.0, 1.0), result: 0.0}
列 'p' 不存在，对列 journal_title 不过滤，直接选择所有非无效值。
Block processing time: 0.003181 seconds
  当前节点: journal_title 有 14 个清洗操作
['journal_title']的清洗完成

本层累积的编辑规则数: 14
读入数据大小：1000
处理了 14 条规则，更新数据...
所有编辑规则已更新完成

处理第 1 层级, 包含节点: ['journal_abbreviation']
  跳过已清洗结束的节点: journal_abbreviation
['journal_abbreviation']的清洗完成

本层累积的编辑规则数: 0
本层没有可以进行的清洗操作，进行下一层

处理第 2 层级, 包含节点: ['journal_title']
  当前节点: journal_title 存在可用清洗信号
数据块大小: 1000
分块属性:
[['journal_abbreviation']]
Starting initial block mapping...
Initial number of blocks: 420
Final number of blocks after further splitting: 420
Computing Block 16 out of 420
Processing Block size=2
begin cleaner[FunctionalDependency:(s: {'journal_abbreviation'}, t: {'journal_title'})]*1.0
列 'p' 不存在，对列 journal_title 不过滤，直接选择所有非无效值。
Block processing time: 0.00261 seconds
Computing Block 85 out of 420
Processing Block size=3
begin cleaner{left: ("[FunctionalDependency:(s: {journal_abbreviation}, t: {journal_title})]", 0.0), operator: *, right: (1.0, 1.0), result: 0.0}
列 'p' 不存在，对列 journal_title 不过滤，直接选择所有非无效值。
Block processing time: 0.003612 seconds
Computing Block 113 out of 420
Processing Block size=2
begin cleaner{left: ("[FunctionalDependency:(s: {journal_abbreviation}, t: {journal_title})]", 0.0), operator: *, right: (1.0, 1.0), result: 0.0}
列 'p' 不存在，对列 journal_title 不过滤，直接选择所有非无效值。
Block processing time: 0.002381 seconds
Computing Block 120 out of 420
Processing Block size=4
begin cleaner{left: ("[FunctionalDependency:(s: {journal_abbreviation}, t: {journal_title})]", 0.0), operator: *, right: (1.0, 1.0), result: 0.0}
列 'p' 不存在，对列 journal_title 不过滤，直接选择所有非无效值。
WARNING:root:No partitioning rule specified, processing might be slow
Block processing time: 0.004525 seconds
Computing Block 150 out of 420
Processing Block size=2
begin cleaner{left: ("[FunctionalDependency:(s: {journal_abbreviation}, t: {journal_title})]", 0.0), operator: *, right: (1.0, 1.0), result: 0.0}
列 'p' 不存在，对列 journal_title 不过滤，直接选择所有非无效值。
Block processing time: 0.002393 seconds
Computing Block 155 out of 420
Processing Block size=2
begin cleaner{left: ("[FunctionalDependency:(s: {journal_abbreviation}, t: {journal_title})]", 0.0), operator: *, right: (1.0, 1.0), result: 0.0}
列 'p' 不存在，对列 journal_title 不过滤，直接选择所有非无效值。
Block processing time: 0.002343 seconds
Computing Block 175 out of 420
Processing Block size=3
begin cleaner{left: ("[FunctionalDependency:(s: {journal_abbreviation}, t: {journal_title})]", 0.0), operator: *, right: (1.0, 1.0), result: 0.0}
列 'p' 不存在，对列 journal_title 不过滤，直接选择所有非无效值。
Block processing time: 0.003438 seconds
Computing Block 197 out of 420
Processing Block size=2
begin cleaner{left: ("[FunctionalDependency:(s: {journal_abbreviation}, t: {journal_title})]", 0.0), operator: *, right: (1.0, 1.0), result: 0.0}
列 'p' 不存在，对列 journal_title 不过滤，直接选择所有非无效值。
Block processing time: 0.002345 seconds
Computing Block 240 out of 420
Processing Block size=2
begin cleaner{left: ("[FunctionalDependency:(s: {journal_abbreviation}, t: {journal_title})]", 0.0), operator: *, right: (1.0, 1.0), result: 0.0}
列 'p' 不存在，对列 journal_title 不过滤，直接选择所有非无效值。
Block processing time: 0.0025 seconds
Computing Block 246 out of 420
Processing Block size=2
begin cleaner{left: ("[FunctionalDependency:(s: {journal_abbreviation}, t: {journal_title})]", 0.0), operator: *, right: (1.0, 1.0), result: 0.0}
列 'p' 不存在，对列 journal_title 不过滤，直接选择所有非无效值。
Block processing time: 0.002418 seconds
Computing Block 257 out of 420
Processing Block size=2
begin cleaner{left: ("[FunctionalDependency:(s: {journal_abbreviation}, t: {journal_title})]", 0.0), operator: *, right: (1.0, 1.0), result: 0.0}
列 'p' 不存在，对列 journal_title 不过滤，直接选择所有非无效值。
Block processing time: 0.002346 seconds
Computing Block 270 out of 420
Processing Block size=3
begin cleaner{left: ("[FunctionalDependency:(s: {journal_abbreviation}, t: {journal_title})]", 0.0), operator: *, right: (1.0, 1.0), result: 0.0}
列 'p' 不存在，对列 journal_title 不过滤，直接选择所有非无效值。
Block processing time: 0.003442 seconds
Computing Block 275 out of 420
Processing Block size=2
begin cleaner{left: ("[FunctionalDependency:(s: {journal_abbreviation}, t: {journal_title})]", 0.0), operator: *, right: (1.0, 1.0), result: 0.0}
列 'p' 不存在，对列 journal_title 不过滤，直接选择所有非无效值。
Block processing time: 0.002429 seconds
Computing Block 278 out of 420
Processing Block size=2
begin cleaner{left: ("[FunctionalDependency:(s: {journal_abbreviation}, t: {journal_title})]", 0.0), operator: *, right: (1.0, 1.0), result: 0.0}
列 'p' 不存在，对列 journal_title 不过滤，直接选择所有非无效值。
Block processing time: 0.002155 seconds
Computing Block 286 out of 420
Processing Block size=2
begin cleaner{left: ("[FunctionalDependency:(s: {journal_abbreviation}, t: {journal_title})]", 0.0), operator: *, right: (1.0, 1.0), result: 0.0}
列 'p' 不存在，对列 journal_title 不过滤，直接选择所有非无效值。
Block processing time: 0.002149 seconds
Computing Block 307 out of 420
Processing Block size=2
begin cleaner{left: ("[FunctionalDependency:(s: {journal_abbreviation}, t: {journal_title})]", 0.0), operator: *, right: (1.0, 1.0), result: 0.0}
列 'p' 不存在，对列 journal_title 不过滤，直接选择所有非无效值。
Block processing time: 0.002146 seconds
Computing Block 313 out of 420
Processing Block size=2
begin cleaner{left: ("[FunctionalDependency:(s: {journal_abbreviation}, t: {journal_title})]", 0.0), operator: *, right: (1.0, 1.0), result: 0.0}
列 'p' 不存在，对列 journal_title 不过滤，直接选择所有非无效值。
Block processing time: 0.002142 seconds
Computing Block 360 out of 420
Processing Block size=2
begin cleaner{left: ("[FunctionalDependency:(s: {journal_abbreviation}, t: {journal_title})]", 0.0), operator: *, right: (1.0, 1.0), result: 0.0}
列 'p' 不存在，对列 journal_title 不过滤，直接选择所有非无效值。
Block processing time: 0.002154 seconds
Computing Block 362 out of 420
Processing Block size=6
begin cleaner{left: ("[FunctionalDependency:(s: {journal_abbreviation}, t: {journal_title})]", 0.0), operator: *, right: (1.0, 1.0), result: 0.0}
列 'p' 不存在，对列 journal_title 不过滤，直接选择所有非无效值。
Block processing time: 0.006143 seconds
Computing Block 367 out of 420
Processing Block size=2
begin cleaner{left: ("[FunctionalDependency:(s: {journal_abbreviation}, t: {journal_title})]", 0.0), operator: *, right: (1.0, 1.0), result: 0.0}
列 'p' 不存在，对列 journal_title 不过滤，直接选择所有非无效值。
Block processing time: 0.002232 seconds
Computing Block 393 out of 420
Processing Block size=2
begin cleaner{left: ("[FunctionalDependency:(s: {journal_abbreviation}, t: {journal_title})]", 0.0), operator: *, right: (1.0, 1.0), result: 0.0}
列 'p' 不存在，对列 journal_title 不过滤，直接选择所有非无效值。
Block processing time: 0.002191 seconds
Computing Block 413 out of 420
Processing Block size=2
begin cleaner{left: ("[FunctionalDependency:(s: {journal_abbreviation}, t: {journal_title})]", 0.0), operator: *, right: (1.0, 1.0), result: 0.0}
列 'p' 不存在，对列 journal_title 不过滤，直接选择所有非无效值。
Block processing time: 0.002153 seconds
Computing Block 416 out of 420
Processing Block size=2
begin cleaner{left: ("[FunctionalDependency:(s: {journal_abbreviation}, t: {journal_title})]", 0.0), operator: *, right: (1.0, 1.0), result: 0.0}
列 'p' 不存在，对列 journal_title 不过滤，直接选择所有非无效值。
Block processing time: 0.002146 seconds
Computing Block 420 out of 420
Processing Block size=3
begin cleaner{left: ("[FunctionalDependency:(s: {journal_abbreviation}, t: {journal_title})]", 0.0), operator: *, right: (1.0, 1.0), result: 0.0}
列 'p' 不存在，对列 journal_title 不过滤，直接选择所有非无效值。
Block processing time: 0.003206 seconds
  当前节点: journal_title 无清洗操作
['journal_title']的清洗完成

本层累积的编辑规则数: 0
本层没有可以进行的清洗操作，进行下一层

处理第 3 层级, 包含节点: ['journal_issn']
  当前节点: journal_issn 存在可用清洗信号
数据块大小: 1000
分块属性:
[['journal_abbreviation'], ['journal_title']]
Grouping by ['journal_abbreviation'] yields 420 groups.
Grouping by ['journal_title'] yields 699 groups.
Current group product: 293580, Total rows: 1000
Removing attribute group ['journal_title'] with 699 groups.
Current group product: 420, Total rows: 1000
Final selected attributes for partitioning: [['journal_abbreviation']]
Removed attributes for potential later use: [['journal_title']]
Starting initial block mapping...
Initial number of blocks: 420
Final number of blocks after further splitting: 420
Computing Block 16 out of 420
Processing Block size=2
begin cleaner[FunctionalDependency:(s: {'journal_abbreviation'}, t: {'journal_issn'})]*1.0+[FunctionalDependency:(s: {'journal_title'}, t: {'journal_issn'})]*1.0
列 'p' 不存在，对列 journal_issn 不过滤，直接选择所有非无效值。
clean_bool length:5
newest best op: Uniop(df,'journal_issn','1423-0356',(['journal_abbreviation'], {('Respiration',)}),{left: ({left: ("[FunctionalDependency:(s: {journal_abbreviation}, t: {journal_issn})]", 0.0), operator: *, right: (1.0, 1.0), result: 0.0}, 0.0), operator: +, right: ({left: ("[FunctionalDependency:(s: {journal_title}, t: {journal_issn})]", 0.0), operator: *, right: (1.0, 1.0), result: 0.0}, 0.0), result: 0.0})
now error: 0.0
Block processing time: 0.027746 seconds
Computing Block 85 out of 420
Processing Block size=3
begin cleaner{left: ({left: ("[FunctionalDependency:(s: {journal_abbreviation}, t: {journal_issn})]", 0.0), operator: *, right: (1.0, 1.0), result: 0.0}, 0.0), operator: +, right: ({left: ("[FunctionalDependency:(s: {journal_title}, t: {journal_issn})]", 0.0), operator: *, right: (1.0, 1.0), result: 0.0}, 0.0), result: 0.0}
列 'p' 不存在，对列 journal_issn 不过滤，直接选择所有非无效值。
Block processing time: 0.012328 seconds
Computing Block 113 out of 420
Processing Block size=2
begin cleaner{left: ({left: ("[FunctionalDependency:(s: {journal_abbreviation}, t: {journal_issn})]", 0.0), operator: *, right: (1.0, 1.0), result: 0.0}, 0.0), operator: +, right: ({left: ("[FunctionalDependency:(s: {journal_title}, t: {journal_issn})]", 0.0), operator: *, right: (1.0, 1.0), result: 0.0}, 0.0), result: 0.0}
列 'p' 不存在，对列 journal_issn 不过滤，直接选择所有非无效值。
clean_bool length:5
newest best op: Uniop(df,'journal_issn','1532-85@%@11',(['journal_abbreviation'], {('J Stroke Cerebrovasc Dis',)}),{left: ({left: ("[FunctionalDependency:(s: {journal_abbreviation}, t: {journal_issn})]", 0.0), operator: *, right: (1.0, 1.0), result: 0.0}, 0.0), operator: +, right: ({left: ("[FunctionalDependency:(s: {journal_title}, t: {journal_issn})]", 0.0), operator: *, right: (1.0, 1.0), result: 0.0}, 0.0), result: 0.0})
now error: 0.0
Block processing time: 0.025036 seconds
Computing Block 120 out of 420
Processing Block size=4
begin cleaner{left: ({left: ("[FunctionalDependency:(s: {journal_abbreviation}, t: {journal_issn})]", 0.0), operator: *, right: (1.0, 1.0), result: 0.0}, 0.0), operator: +, right: ({left: ("[FunctionalDependency:(s: {journal_title}, t: {journal_issn})]", 0.0), operator: *, right: (1.0, 1.0), result: 0.0}, 0.0), result: 0.0}
列 'p' 不存在，对列 journal_issn 不过滤，直接选择所有非无效值。
clean_bool length:7
newest best op: Uniop(df,'journal_issn','22-$S$ep',(['journal_abbreviation'], {('Circulation',)}),{left: ({left: ("[FunctionalDependency:(s: {journal_abbreviation}, t: {journal_issn})]", 0.0), operator: *, right: (1.0, 1.0), result: 0.0}, 0.0), operator: +, right: ({left: ("[FunctionalDependency:(s: {journal_title}, t: {journal_issn})]", 0.0), operator: *, right: (1.0, 1.0), result: 0.0}, 0.0), result: 0.0})
now error: 0.0
newest best op: Uniop(df,'journal_issn','22-Sep',(['journal_abbreviation'], {('Circulation',)}),{left: ({left: ("[FunctionalDependency:(s: {journal_abbreviation}, t: {journal_issn})]", 0.0), operator: *, right: (1.0, 1.0), result: 0.0}, 0.0), operator: +, right: ({left: ("[FunctionalDependency:(s: {journal_title}, t: {journal_issn})]", 0.0), operator: *, right: (1.0, 1.0), result: 0.0}, 0.0), result: 0.0})
now error: 0.0
Block processing time: 0.062957 seconds
Computing Block 150 out of 420
Processing Block size=2
begin cleaner{left: ({left: ("[FunctionalDependency:(s: {journal_abbreviation}, t: {journal_issn})]", 0.0), operator: *, right: (1.0, 1.0), result: 0.0}, 0.0), operator: +, right: ({left: ("[FunctionalDependency:(s: {journal_title}, t: {journal_issn})]", 0.0), operator: *, right: (1.0, 1.0), result: 0.0}, 0.0), result: 0.0}
列 'p' 不存在，对列 journal_issn 不过滤，直接选择所有非无效值。
Block processing time: 0.007594 seconds
Computing Block 155 out of 420
Processing Block size=2
begin cleaner{left: ({left: ("[FunctionalDependency:(s: {journal_abbreviation}, t: {journal_issn})]", 0.0), operator: *, right: (1.0, 1.0), result: 0.0}, 0.0), operator: +, right: ({left: ("[FunctionalDependency:(s: {journal_title}, t: {journal_issn})]", 0.0), operator: *, right: (1.0, 1.0), result: 0.0}, 0.0), result: 0.0}
列 'p' 不存在，对列 journal_issn 不过滤，直接选择所有非无效值。
Block processing time: 0.007568 seconds
Computing Block 175 out of 420
Processing Block size=3
begin cleaner{left: ({left: ("[FunctionalDependency:(s: {journal_abbreviation}, t: {journal_issn})]", 0.0), operator: *, right: (1.0, 1.0), result: 0.0}, 0.0), operator: +, right: ({left: ("[FunctionalDependency:(s: {journal_title}, t: {journal_issn})]", 0.0), operator: *, right: (1.0, 1.0), result: 0.0}, 0.0), result: 0.0}
列 'p' 不存在，对列 journal_issn 不过滤，直接选择所有非无效值。
clean_bool length:3
newest best op: Uniop(df,'journal_issn','1423-0380',(['journal_abbreviation'], {('Tumour Biol.',)}),{left: ({left: ("[FunctionalDependency:(s: {journal_abbreviation}, t: {journal_issn})]", 0.0), operator: *, right: (1.0, 1.0), result: 0.0}, 0.0), operator: +, right: ({left: ("[FunctionalDependency:(s: {journal_title}, t: {journal_issn})]", 0.0), operator: *, right: (1.0, 1.0), result: 0.0}, 0.0), result: 0.0})
now error: 0.0
Block processing time: 0.0235 seconds
Computing Block 197 out of 420
Processing Block size=2
begin cleaner{left: ({left: ("[FunctionalDependency:(s: {journal_abbreviation}, t: {journal_issn})]", 0.0), operator: *, right: (1.0, 1.0), result: 0.0}, 0.0), operator: +, right: ({left: ("[FunctionalDependency:(s: {journal_title}, t: {journal_issn})]", 0.0), operator: *, right: (1.0, 1.0), result: 0.0}, 0.0), result: 0.0}
列 'p' 不存在，对列 journal_issn 不过滤，直接选择所有非无效值。
Block processing time: 0.007691 seconds
Computing Block 240 out of 420
Processing Block size=2
begin cleaner{left: ({left: ("[FunctionalDependency:(s: {journal_abbreviation}, t: {journal_issn})]", 0.0), operator: *, right: (1.0, 1.0), result: 0.0}, 0.0), operator: +, right: ({left: ("[FunctionalDependency:(s: {journal_title}, t: {journal_issn})]", 0.0), operator: *, right: (1.0, 1.0), result: 0.0}, 0.0), result: 0.0}
列 'p' 不存在，对列 journal_issn 不过滤，直接选择所有非无效值。
clean_bool length:3
newest best op: Uniop(df,'journal_issn','1930-739X',(['journal_abbreviation'], {('Obesity (Silver Spring)',)}),{left: ({left: ("[FunctionalDependency:(s: {journal_abbreviation}, t: {journal_issn})]", 0.0), operator: *, right: (1.0, 1.0), result: 0.0}, 0.0), operator: +, right: ({left: ("[FunctionalDependency:(s: {journal_title}, t: {journal_issn})]", 0.0), operator: *, right: (1.0, 1.0), result: 0.0}, 0.0), result: 0.0})
now error: 0.0
Block processing time: 0.016326 seconds
Computing Block 246 out of 420
Processing Block size=2
begin cleaner{left: ({left: ("[FunctionalDependency:(s: {journal_abbreviation}, t: {journal_issn})]", 0.0), operator: *, right: (1.0, 1.0), result: 0.0}, 0.0), operator: +, right: ({left: ("[FunctionalDependency:(s: {journal_title}, t: {journal_issn})]", 0.0), operator: *, right: (1.0, 1.0), result: 0.0}, 0.0), result: 0.0}
列 'p' 不存在，对列 journal_issn 不过滤，直接选择所有非无效值。
Block processing time: 0.00759 seconds
Computing Block 257 out of 420
Processing Block size=2
begin cleaner{left: ({left: ("[FunctionalDependency:(s: {journal_abbreviation}, t: {journal_issn})]", 0.0), operator: *, right: (1.0, 1.0), result: 0.0}, 0.0), operator: +, right: ({left: ("[FunctionalDependency:(s: {journal_title}, t: {journal_issn})]", 0.0), operator: *, right: (1.0, 1.0), result: 0.0}, 0.0), result: 0.0}
列 'p' 不存在，对列 journal_issn 不过滤，直接选择所有非无效值。
clean_bool length:5
newest best op: Uniop(df,'journal_issn','1??095-9203',(['journal_abbreviation'], {('Science',)}),{left: ({left: ("[FunctionalDependency:(s: {journal_abbreviation}, t: {journal_issn})]", 0.0), operator: *, right: (1.0, 1.0), result: 0.0}, 0.0), operator: +, right: ({left: ("[FunctionalDependency:(s: {journal_title}, t: {journal_issn})]", 0.0), operator: *, right: (1.0, 1.0), result: 0.0}, 0.0), result: 0.0})
now error: 0.0
Block processing time: 0.024907 seconds
Computing Block 270 out of 420
Processing Block size=3
begin cleaner{left: ({left: ("[FunctionalDependency:(s: {journal_abbreviation}, t: {journal_issn})]", 0.0), operator: *, right: (1.0, 1.0), result: 0.0}, 0.0), operator: +, right: ({left: ("[FunctionalDependency:(s: {journal_title}, t: {journal_issn})]", 0.0), operator: *, right: (1.0, 1.0), result: 0.0}, 0.0), result: 0.0}
列 'p' 不存在，对列 journal_issn 不过滤，直接选择所有非无效值。
Block processing time: 0.011154 seconds
Computing Block 275 out of 420
Processing Block size=2
begin cleaner{left: ({left: ("[FunctionalDependency:(s: {journal_abbreviation}, t: {journal_issn})]", 0.0), operator: *, right: (1.0, 1.0), result: 0.0}, 0.0), operator: +, right: ({left: ("[FunctionalDependency:(s: {journal_title}, t: {journal_issn})]", 0.0), operator: *, right: (1.0, 1.0), result: 0.0}, 0.0), result: 0.0}
列 'p' 不存在，对列 journal_issn 不过滤，直接选择所有非无效值。
clean_bool length:3
newest best op: Uniop(df,'journal_issn','1558-2035',(['journal_abbreviation'], {('J Cardiovasc Med (Hagerstown)',)}),{left: ({left: ("[FunctionalDependency:(s: {journal_abbreviation}, t: {journal_issn})]", 0.0), operator: *, right: (1.0, 1.0), result: 0.0}, 0.0), operator: +, right: ({left: ("[FunctionalDependency:(s: {journal_title}, t: {journal_issn})]", 0.0), operator: *, right: (1.0, 1.0), result: 0.0}, 0.0), result: 0.0})
now error: 0.0
Block processing time: 0.016336 seconds
Computing Block 278 out of 420
Processing Block size=2
begin cleaner{left: ({left: ("[FunctionalDependency:(s: {journal_abbreviation}, t: {journal_issn})]", 0.0), operator: *, right: (1.0, 1.0), result: 0.0}, 0.0), operator: +, right: ({left: ("[FunctionalDependency:(s: {journal_title}, t: {journal_issn})]", 0.0), operator: *, right: (1.0, 1.0), result: 0.0}, 0.0), result: 0.0}
列 'p' 不存在，对列 journal_issn 不过滤，直接选择所有非无效值。
clean_bool length:5
newest best op: Uniop(df,'journal_issn','1097-0142#',(['journal_abbreviation'], {('Cancer',)}),{left: ({left: ("[FunctionalDependency:(s: {journal_abbreviation}, t: {journal_issn})]", 0.0), operator: *, right: (1.0, 1.0), result: 0.0}, 0.0), operator: +, right: ({left: ("[FunctionalDependency:(s: {journal_title}, t: {journal_issn})]", 0.0), operator: *, right: (1.0, 1.0), result: 0.0}, 0.0), result: 0.0})
now error: 0.0
Block processing time: 0.024692 seconds
Computing Block 286 out of 420
Processing Block size=2
begin cleaner{left: ({left: ("[FunctionalDependency:(s: {journal_abbreviation}, t: {journal_issn})]", 0.0), operator: *, right: (1.0, 1.0), result: 0.0}, 0.0), operator: +, right: ({left: ("[FunctionalDependency:(s: {journal_title}, t: {journal_issn})]", 0.0), operator: *, right: (1.0, 1.0), result: 0.0}, 0.0), result: 0.0}
列 'p' 不存在，对列 journal_issn 不过滤，直接选择所有非无效值。
clean_bool length:5
newest best op: Uniop(df,'journal_issn','1945-7170',(['journal_abbreviation'], {('Endocrinology',)}),{left: ({left: ("[FunctionalDependency:(s: {journal_abbreviation}, t: {journal_issn})]", 0.0), operator: *, right: (1.0, 1.0), result: 0.0}, 0.0), operator: +, right: ({left: ("[FunctionalDependency:(s: {journal_title}, t: {journal_issn})]", 0.0), operator: *, right: (1.0, 1.0), result: 0.0}, 0.0), result: 0.0})
now error: 0.0
Block processing time: 0.024195 seconds
Computing Block 307 out of 420
Processing Block size=2
begin cleaner{left: ({left: ("[FunctionalDependency:(s: {journal_abbreviation}, t: {journal_issn})]", 0.0), operator: *, right: (1.0, 1.0), result: 0.0}, 0.0), operator: +, right: ({left: ("[FunctionalDependency:(s: {journal_title}, t: {journal_issn})]", 0.0), operator: *, right: (1.0, 1.0), result: 0.0}, 0.0), result: 0.0}
列 'p' 不存在，对列 journal_issn 不过滤，直接选择所有非无效值。
clean_bool length:5
newest best op: Uniop(df,'journal_issn','0039-2499',(['journal_abbreviation'], {('Stroke',)}),{left: ({left: ("[FunctionalDependency:(s: {journal_abbreviation}, t: {journal_issn})]", 0.0), operator: *, right: (1.0, 1.0), result: 0.0}, 0.0), operator: +, right: ({left: ("[FunctionalDependency:(s: {journal_title}, t: {journal_issn})]", 0.0), operator: *, right: (1.0, 1.0), result: 0.0}, 0.0), result: 0.0})
now error: 0.0
Block processing time: 0.023387 seconds
Computing Block 313 out of 420
Processing Block size=2
begin cleaner{left: ({left: ("[FunctionalDependency:(s: {journal_abbreviation}, t: {journal_issn})]", 0.0), operator: *, right: (1.0, 1.0), result: 0.0}, 0.0), operator: +, right: ({left: ("[FunctionalDependency:(s: {journal_title}, t: {journal_issn})]", 0.0), operator: *, right: (1.0, 1.0), result: 0.0}, 0.0), result: 0.0}
列 'p' 不存在，对列 journal_issn 不过滤，直接选择所有非无效值。
Block processing time: 0.007134 seconds
Computing Block 360 out of 420
Processing Block size=2
begin cleaner{left: ({left: ("[FunctionalDependency:(s: {journal_abbreviation}, t: {journal_issn})]", 0.0), operator: *, right: (1.0, 1.0), result: 0.0}, 0.0), operator: +, right: ({left: ("[FunctionalDependency:(s: {journal_title}, t: {journal_issn})]", 0.0), operator: *, right: (1.0, 1.0), result: 0.0}, 0.0), result: 0.0}
列 'p' 不存在，对列 journal_issn 不过滤，直接选择所有非无效值。
clean_bool length:5
newest best op: Uniop(df,'journal_issn','1463-1318',(['journal_abbreviation'], {('Colorectal Dis',)}),{left: ({left: ("[FunctionalDependency:(s: {journal_abbreviation}, t: {journal_issn})]", 0.0), operator: *, right: (1.0, 1.0), result: 0.0}, 0.0), operator: +, right: ({left: ("[FunctionalDependency:(s: {journal_title}, t: {journal_issn})]", 0.0), operator: *, right: (1.0, 1.0), result: 0.0}, 0.0), result: 0.0})
now error: 0.0
Block processing time: 0.023187 seconds
Computing Block 362 out of 420
Processing Block size=6
begin cleaner{left: ({left: ("[FunctionalDependency:(s: {journal_abbreviation}, t: {journal_issn})]", 0.0), operator: *, right: (1.0, 1.0), result: 0.0}, 0.0), operator: +, right: ({left: ("[FunctionalDependency:(s: {journal_title}, t: {journal_issn})]", 0.0), operator: *, right: (1.0, 1.0), result: 0.0}, 0.0), result: 0.0}
列 'p' 不存在，对列 journal_issn 不过滤，直接选择所有非无效值。
Block processing time: 0.020447 seconds
Computing Block 367 out of 420
Processing Block size=2
begin cleaner{left: ({left: ("[FunctionalDependency:(s: {journal_abbreviation}, t: {journal_issn})]", 0.0), operator: *, right: (1.0, 1.0), result: 0.0}, 0.0), operator: +, right: ({left: ("[FunctionalDependency:(s: {journal_title}, t: {journal_issn})]", 0.0), operator: *, right: (1.0, 1.0), result: 0.0}, 0.0), result: 0.0}
列 'p' 不存在，对列 journal_issn 不过滤，直接选择所有非无效值。
clean_bool length:5
newest best op: Uniop(df,'journal_issn','1@@527-7755',(['journal_abbreviation'], {('J. Clin. Oncol.',)}),{left: ({left: ("[FunctionalDependency:(s: {journal_abbreviation}, t: {journal_issn})]", 0.0), operator: *, right: (1.0, 1.0), result: 0.0}, 0.0), operator: +, right: ({left: ("[FunctionalDependency:(s: {journal_title}, t: {journal_issn})]", 0.0), operator: *, right: (1.0, 1.0), result: 0.0}, 0.0), result: 0.0})
now error: 0.0
Block processing time: 0.023104 seconds
Computing Block 393 out of 420
Processing Block size=2
begin cleaner{left: ({left: ("[FunctionalDependency:(s: {journal_abbreviation}, t: {journal_issn})]", 0.0), operator: *, right: (1.0, 1.0), result: 0.0}, 0.0), operator: +, right: ({left: ("[FunctionalDependency:(s: {journal_title}, t: {journal_issn})]", 0.0), operator: *, right: (1.0, 1.0), result: 0.0}, 0.0), result: 0.0}
列 'p' 不存在，对列 journal_issn 不过滤，直接选择所有非无效值。
Block processing time: 0.007098 seconds
Computing Block 413 out of 420
Processing Block size=2
WARNING:root:No partitioning rule specified, processing might be slow
begin cleaner{left: ({left: ("[FunctionalDependency:(s: {journal_abbreviation}, t: {journal_issn})]", 0.0), operator: *, right: (1.0, 1.0), result: 0.0}, 0.0), operator: +, right: ({left: ("[FunctionalDependency:(s: {journal_title}, t: {journal_issn})]", 0.0), operator: *, right: (1.0, 1.0), result: 0.0}, 0.0), result: 0.0}
列 'p' 不存在，对列 journal_issn 不过滤，直接选择所有非无效值。
clean_bool length:5
newest best op: Uniop(df,'journal_issn','1873-14#65',(['journal_abbreviation'], {('Physiotherapy',)}),{left: ({left: ("[FunctionalDependency:(s: {journal_abbreviation}, t: {journal_issn})]", 0.0), operator: *, right: (1.0, 1.0), result: 0.0}, 0.0), operator: +, right: ({left: ("[FunctionalDependency:(s: {journal_title}, t: {journal_issn})]", 0.0), operator: *, right: (1.0, 1.0), result: 0.0}, 0.0), result: 0.0})
now error: 0.0
Block processing time: 0.023419 seconds
Computing Block 416 out of 420
Processing Block size=2
begin cleaner{left: ({left: ("[FunctionalDependency:(s: {journal_abbreviation}, t: {journal_issn})]", 0.0), operator: *, right: (1.0, 1.0), result: 0.0}, 0.0), operator: +, right: ({left: ("[FunctionalDependency:(s: {journal_title}, t: {journal_issn})]", 0.0), operator: *, right: (1.0, 1.0), result: 0.0}, 0.0), result: 0.0}
列 'p' 不存在，对列 journal_issn 不过滤，直接选择所有非无效值。
Block processing time: 0.00727 seconds
Computing Block 420 out of 420
Processing Block size=3
begin cleaner{left: ({left: ("[FunctionalDependency:(s: {journal_abbreviation}, t: {journal_issn})]", 0.0), operator: *, right: (1.0, 1.0), result: 0.0}, 0.0), operator: +, right: ({left: ("[FunctionalDependency:(s: {journal_title}, t: {journal_issn})]", 0.0), operator: *, right: (1.0, 1.0), result: 0.0}, 0.0), result: 0.0}
列 'p' 不存在，对列 journal_issn 不过滤，直接选择所有非无效值。
Block processing time: 0.010613 seconds
  当前节点: journal_issn 有 13 个清洗操作
['journal_issn']的清洗完成

本层累积的编辑规则数: 13
读入数据大小：1000
处理了 13 条规则，更新数据...
所有编辑规则已更新完成

处理第 1 层级, 包含节点: ['journal_abbreviation']
  跳过已清洗结束的节点: journal_abbreviation
['journal_abbreviation']的清洗完成

本层累积的编辑规则数: 0
本层没有可以进行的清洗操作，进行下一层

处理第 2 层级, 包含节点: ['journal_title']
  跳过已清洗结束的节点: journal_title
['journal_title']的清洗完成

本层累积的编辑规则数: 0
本层没有可以进行的清洗操作，进行下一层

处理第 3 层级, 包含节点: ['journal_issn']
  当前节点: journal_issn 存在可用清洗信号
数据块大小: 1000
分块属性:
[['journal_abbreviation'], ['journal_title']]
Grouping by ['journal_abbreviation'] yields 420 groups.
Grouping by ['journal_title'] yields 699 groups.
Current group product: 293580, Total rows: 1000
Removing attribute group ['journal_title'] with 699 groups.
Current group product: 420, Total rows: 1000
Final selected attributes for partitioning: [['journal_abbreviation']]
Removed attributes for potential later use: [['journal_title']]
Starting initial block mapping...
Initial number of blocks: 420
Final number of blocks after further splitting: 420
Computing Block 16 out of 420
Processing Block size=2
begin cleaner[FunctionalDependency:(s: {'journal_abbreviation'}, t: {'journal_issn'})]*1.0+[FunctionalDependency:(s: {'journal_title'}, t: {'journal_issn'})]*1.0
列 'p' 不存在，对列 journal_issn 不过滤，直接选择所有非无效值。
Block processing time: 0.011571 seconds
Computing Block 85 out of 420
Processing Block size=3
begin cleaner{left: ({left: ("[FunctionalDependency:(s: {journal_abbreviation}, t: {journal_issn})]", 0.0), operator: *, right: (1.0, 1.0), result: 0.0}, 0.0), operator: +, right: ({left: ("[FunctionalDependency:(s: {journal_title}, t: {journal_issn})]", 0.0), operator: *, right: (1.0, 1.0), result: 0.0}, 0.0), result: 0.0}
列 'p' 不存在，对列 journal_issn 不过滤，直接选择所有非无效值。
Block processing time: 0.016745 seconds
Computing Block 113 out of 420
Processing Block size=2
begin cleaner{left: ({left: ("[FunctionalDependency:(s: {journal_abbreviation}, t: {journal_issn})]", 0.0), operator: *, right: (1.0, 1.0), result: 0.0}, 0.0), operator: +, right: ({left: ("[FunctionalDependency:(s: {journal_title}, t: {journal_issn})]", 0.0), operator: *, right: (1.0, 1.0), result: 0.0}, 0.0), result: 0.0}
列 'p' 不存在，对列 journal_issn 不过滤，直接选择所有非无效值。
Block processing time: 0.011333 seconds
Computing Block 120 out of 420
Processing Block size=4
begin cleaner{left: ({left: ("[FunctionalDependency:(s: {journal_abbreviation}, t: {journal_issn})]", 0.0), operator: *, right: (1.0, 1.0), result: 0.0}, 0.0), operator: +, right: ({left: ("[FunctionalDependency:(s: {journal_title}, t: {journal_issn})]", 0.0), operator: *, right: (1.0, 1.0), result: 0.0}, 0.0), result: 0.0}
列 'p' 不存在，对列 journal_issn 不过滤，直接选择所有非无效值。
Block processing time: 0.022126 seconds
Computing Block 150 out of 420
Processing Block size=2
begin cleaner{left: ({left: ("[FunctionalDependency:(s: {journal_abbreviation}, t: {journal_issn})]", 0.0), operator: *, right: (1.0, 1.0), result: 0.0}, 0.0), operator: +, right: ({left: ("[FunctionalDependency:(s: {journal_title}, t: {journal_issn})]", 0.0), operator: *, right: (1.0, 1.0), result: 0.0}, 0.0), result: 0.0}
列 'p' 不存在，对列 journal_issn 不过滤，直接选择所有非无效值。
Block processing time: 0.011374 seconds
Computing Block 155 out of 420
Processing Block size=2
begin cleaner{left: ({left: ("[FunctionalDependency:(s: {journal_abbreviation}, t: {journal_issn})]", 0.0), operator: *, right: (1.0, 1.0), result: 0.0}, 0.0), operator: +, right: ({left: ("[FunctionalDependency:(s: {journal_title}, t: {journal_issn})]", 0.0), operator: *, right: (1.0, 1.0), result: 0.0}, 0.0), result: 0.0}
列 'p' 不存在，对列 journal_issn 不过滤，直接选择所有非无效值。
Block processing time: 0.011299 seconds
Computing Block 175 out of 420
Processing Block size=3
begin cleaner{left: ({left: ("[FunctionalDependency:(s: {journal_abbreviation}, t: {journal_issn})]", 0.0), operator: *, right: (1.0, 1.0), result: 0.0}, 0.0), operator: +, right: ({left: ("[FunctionalDependency:(s: {journal_title}, t: {journal_issn})]", 0.0), operator: *, right: (1.0, 1.0), result: 0.0}, 0.0), result: 0.0}
列 'p' 不存在，对列 journal_issn 不过滤，直接选择所有非无效值。
Block processing time: 0.016687 seconds
Computing Block 197 out of 420
Processing Block size=2
begin cleaner{left: ({left: ("[FunctionalDependency:(s: {journal_abbreviation}, t: {journal_issn})]", 0.0), operator: *, right: (1.0, 1.0), result: 0.0}, 0.0), operator: +, right: ({left: ("[FunctionalDependency:(s: {journal_title}, t: {journal_issn})]", 0.0), operator: *, right: (1.0, 1.0), result: 0.0}, 0.0), result: 0.0}
列 'p' 不存在，对列 journal_issn 不过滤，直接选择所有非无效值。
Block processing time: 0.011269 seconds
Computing Block 240 out of 420
Processing Block size=2
begin cleaner{left: ({left: ("[FunctionalDependency:(s: {journal_abbreviation}, t: {journal_issn})]", 0.0), operator: *, right: (1.0, 1.0), result: 0.0}, 0.0), operator: +, right: ({left: ("[FunctionalDependency:(s: {journal_title}, t: {journal_issn})]", 0.0), operator: *, right: (1.0, 1.0), result: 0.0}, 0.0), result: 0.0}
列 'p' 不存在，对列 journal_issn 不过滤，直接选择所有非无效值。
Block processing time: 0.011294 seconds
Computing Block 246 out of 420
Processing Block size=2
begin cleaner{left: ({left: ("[FunctionalDependency:(s: {journal_abbreviation}, t: {journal_issn})]", 0.0), operator: *, right: (1.0, 1.0), result: 0.0}, 0.0), operator: +, right: ({left: ("[FunctionalDependency:(s: {journal_title}, t: {journal_issn})]", 0.0), operator: *, right: (1.0, 1.0), result: 0.0}, 0.0), result: 0.0}
列 'p' 不存在，对列 journal_issn 不过滤，直接选择所有非无效值。
Block processing time: 0.011295 seconds
Computing Block 257 out of 420
Processing Block size=2
begin cleaner{left: ({left: ("[FunctionalDependency:(s: {journal_abbreviation}, t: {journal_issn})]", 0.0), operator: *, right: (1.0, 1.0), result: 0.0}, 0.0), operator: +, right: ({left: ("[FunctionalDependency:(s: {journal_title}, t: {journal_issn})]", 0.0), operator: *, right: (1.0, 1.0), result: 0.0}, 0.0), result: 0.0}
列 'p' 不存在，对列 journal_issn 不过滤，直接选择所有非无效值。
Block processing time: 0.011499 seconds
Computing Block 270 out of 420
Processing Block size=3
begin cleaner{left: ({left: ("[FunctionalDependency:(s: {journal_abbreviation}, t: {journal_issn})]", 0.0), operator: *, right: (1.0, 1.0), result: 0.0}, 0.0), operator: +, right: ({left: ("[FunctionalDependency:(s: {journal_title}, t: {journal_issn})]", 0.0), operator: *, right: (1.0, 1.0), result: 0.0}, 0.0), result: 0.0}
列 'p' 不存在，对列 journal_issn 不过滤，直接选择所有非无效值。
Block processing time: 0.016662 seconds
Computing Block 275 out of 420
Processing Block size=2
begin cleaner{left: ({left: ("[FunctionalDependency:(s: {journal_abbreviation}, t: {journal_issn})]", 0.0), operator: *, right: (1.0, 1.0), result: 0.0}, 0.0), operator: +, right: ({left: ("[FunctionalDependency:(s: {journal_title}, t: {journal_issn})]", 0.0), operator: *, right: (1.0, 1.0), result: 0.0}, 0.0), result: 0.0}
列 'p' 不存在，对列 journal_issn 不过滤，直接选择所有非无效值。
Block processing time: 0.011276 seconds
Computing Block 278 out of 420
Processing Block size=2
begin cleaner{left: ({left: ("[FunctionalDependency:(s: {journal_abbreviation}, t: {journal_issn})]", 0.0), operator: *, right: (1.0, 1.0), result: 0.0}, 0.0), operator: +, right: ({left: ("[FunctionalDependency:(s: {journal_title}, t: {journal_issn})]", 0.0), operator: *, right: (1.0, 1.0), result: 0.0}, 0.0), result: 0.0}
列 'p' 不存在，对列 journal_issn 不过滤，直接选择所有非无效值。
Block processing time: 0.011234 seconds
Computing Block 286 out of 420
Processing Block size=2
begin cleaner{left: ({left: ("[FunctionalDependency:(s: {journal_abbreviation}, t: {journal_issn})]", 0.0), operator: *, right: (1.0, 1.0), result: 0.0}, 0.0), operator: +, right: ({left: ("[FunctionalDependency:(s: {journal_title}, t: {journal_issn})]", 0.0), operator: *, right: (1.0, 1.0), result: 0.0}, 0.0), result: 0.0}
列 'p' 不存在，对列 journal_issn 不过滤，直接选择所有非无效值。
Block processing time: 0.01123 seconds
Computing Block 307 out of 420
Processing Block size=2
begin cleaner{left: ({left: ("[FunctionalDependency:(s: {journal_abbreviation}, t: {journal_issn})]", 0.0), operator: *, right: (1.0, 1.0), result: 0.0}, 0.0), operator: +, right: ({left: ("[FunctionalDependency:(s: {journal_title}, t: {journal_issn})]", 0.0), operator: *, right: (1.0, 1.0), result: 0.0}, 0.0), result: 0.0}
列 'p' 不存在，对列 journal_issn 不过滤，直接选择所有非无效值。
Block processing time: 0.011241 seconds
Computing Block 313 out of 420
Processing Block size=2
begin cleaner{left: ({left: ("[FunctionalDependency:(s: {journal_abbreviation}, t: {journal_issn})]", 0.0), operator: *, right: (1.0, 1.0), result: 0.0}, 0.0), operator: +, right: ({left: ("[FunctionalDependency:(s: {journal_title}, t: {journal_issn})]", 0.0), operator: *, right: (1.0, 1.0), result: 0.0}, 0.0), result: 0.0}
列 'p' 不存在，对列 journal_issn 不过滤，直接选择所有非无效值。
Block processing time: 0.011256 seconds
Computing Block 360 out of 420
Processing Block size=2
begin cleaner{left: ({left: ("[FunctionalDependency:(s: {journal_abbreviation}, t: {journal_issn})]", 0.0), operator: *, right: (1.0, 1.0), result: 0.0}, 0.0), operator: +, right: ({left: ("[FunctionalDependency:(s: {journal_title}, t: {journal_issn})]", 0.0), operator: *, right: (1.0, 1.0), result: 0.0}, 0.0), result: 0.0}
列 'p' 不存在，对列 journal_issn 不过滤，直接选择所有非无效值。
Block processing time: 0.011352 seconds
Computing Block 362 out of 420
Processing Block size=6
begin cleaner{left: ({left: ("[FunctionalDependency:(s: {journal_abbreviation}, t: {journal_issn})]", 0.0), operator: *, right: (1.0, 1.0), result: 0.0}, 0.0), operator: +, right: ({left: ("[FunctionalDependency:(s: {journal_title}, t: {journal_issn})]", 0.0), operator: *, right: (1.0, 1.0), result: 0.0}, 0.0), result: 0.0}
列 'p' 不存在，对列 journal_issn 不过滤，直接选择所有非无效值。
Block processing time: 0.032823 seconds
Computing Block 367 out of 420
Processing Block size=2
begin cleaner{left: ({left: ("[FunctionalDependency:(s: {journal_abbreviation}, t: {journal_issn})]", 0.0), operator: *, right: (1.0, 1.0), result: 0.0}, 0.0), operator: +, right: ({left: ("[FunctionalDependency:(s: {journal_title}, t: {journal_issn})]", 0.0), operator: *, right: (1.0, 1.0), result: 0.0}, 0.0), result: 0.0}
列 'p' 不存在，对列 journal_issn 不过滤，直接选择所有非无效值。
Block processing time: 0.010889 seconds
Computing Block 393 out of 420
Processing Block size=2
begin cleaner{left: ({left: ("[FunctionalDependency:(s: {journal_abbreviation}, t: {journal_issn})]", 0.0), operator: *, right: (1.0, 1.0), result: 0.0}, 0.0), operator: +, right: ({left: ("[FunctionalDependency:(s: {journal_title}, t: {journal_issn})]", 0.0), operator: *, right: (1.0, 1.0), result: 0.0}, 0.0), result: 0.0}
列 'p' 不存在，对列 journal_issn 不过滤，直接选择所有非无效值。
Block processing time: 0.010603 seconds
Computing Block 413 out of 420
Processing Block size=2
begin cleaner{left: ({left: ("[FunctionalDependency:(s: {journal_abbreviation}, t: {journal_issn})]", 0.0), operator: *, right: (1.0, 1.0), result: 0.0}, 0.0), operator: +, right: ({left: ("[FunctionalDependency:(s: {journal_title}, t: {journal_issn})]", 0.0), operator: *, right: (1.0, 1.0), result: 0.0}, 0.0), result: 0.0}
列 'p' 不存在，对列 journal_issn 不过滤，直接选择所有非无效值。
Block processing time: 0.01064 seconds
Computing Block 416 out of 420
Processing Block size=2
begin cleaner{left: ({left: ("[FunctionalDependency:(s: {journal_abbreviation}, t: {journal_issn})]", 0.0), operator: *, right: (1.0, 1.0), result: 0.0}, 0.0), operator: +, right: ({left: ("[FunctionalDependency:(s: {journal_title}, t: {journal_issn})]", 0.0), operator: *, right: (1.0, 1.0), result: 0.0}, 0.0), result: 0.0}
列 'p' 不存在，对列 journal_issn 不过滤，直接选择所有非无效值。
Block processing time: 0.010625 seconds
Computing Block 420 out of 420
Processing Block size=3
begin cleaner{left: ({left: ("[FunctionalDependency:(s: {journal_abbreviation}, t: {journal_issn})]", 0.0), operator: *, right: (1.0, 1.0), result: 0.0}, 0.0), operator: +, right: ({left: ("[FunctionalDependency:(s: {journal_title}, t: {journal_issn})]", 0.0), operator: *, right: (1.0, 1.0), result: 0.0}, 0.0), result: 0.0}
列 'p' 不存在，对列 journal_issn 不过滤，直接选择所有非无效值。
Block processing time: 0.015717 seconds
  当前节点: journal_issn 无清洗操作
['journal_issn']的清洗完成

本层累积的编辑规则数: 0
本层没有可以进行的清洗操作，进行下一层

清洗规则溯源分析:

处理第 1 层级, 包含节点: ['journal_abbreviation']

处理第 2 层级, 包含节点: ['journal_title']

处理第 3 层级, 包含节点: ['journal_issn']

清洗流程展示:
关联图存储到: TestDataset/result/train/rayyan/rayyan_13/acplt.png
清洗总执行时间: 7.0482 秒
清洗结果已保存到: TestDataset/result/train/rayyan/rayyan_13/rayyan_13Cleaned.csv
测评性能开始：
没有指定错误比例，仅进行原数据集的空值替换，不添加错误
已将注入错误的文件保存到: TestDataset/result/train/rayyan/rayyan_13/rayyan_13Cleaned.csv
差异文件已保存到:
TestDataset/result/train/rayyan/rayyan_13/rayyan_13_clean_vs_dirty.csv
TestDataset/result/train/rayyan/rayyan_13/rayyan_13_dirty_vs_cleaned.csv
TestDataset/result/train/rayyan/rayyan_13/rayyan_13_clean_vs_cleaned.csv
修复错误数据文件已保存到: TestDataset/result/train/rayyan/rayyan_13/rayyan_13_repair_errors.csv
未修复但是应该修复数据文件已保存到: TestDataset/result/train/rayyan/rayyan_13/rayyan_13_unrepaired.csv
修复准确率: 0.53125, 修复召回率: 0.009254218835057159, F1值: 0.018191546278068262
========================================
EDR 结果已保存到: TestDataset/result/train/rayyan/rayyan_13/rayyan_13_edr_evaluation.txt
错误减少率 (EDR): 0.00326619488296135
========================================
混合距离结果已保存到: TestDataset/result/train/rayyan/rayyan_13/rayyan_13_hybrid_distance_evaluation.txt
混合距离 (Hybrid Distance): 0.21199264345329594
========================================
R-EDR 结果已保存到: TestDataset/result/train/rayyan/rayyan_13/rayyan_13_record_based_edr_evaluation.txt
基于条目的错误减少率 (R-EDR): 0.0011918951132300357
========================================
测试结果:
Accuracy: 0.53125
Recall: 0.009254218835057159
F1 Score: 0.018191546278068262
EDR: 0.00326619488296135
Hybrid Distance: 0.21199264345329594
R-EDR: 0.0011918951132300357
time(s): 7.048160958000002
speed: 0.7048160958000002 seconds/100num
测评结束，详细测评日志见：TestDataset/result/train/rayyan/rayyan_13
