26/04/29 16:38:07 WARN Utils: Your hostname, qianzekaideMacBook-Air.local resolves to a loopback address: 127.0.0.1; using 192.168.3.1 instead (on interface bridge0)
26/04/29 16:38:07 WARN Utils: Set SPARK_LOCAL_IP if you need to bind to another address
26/04/29 16:38:07 WARN NativeCodeLoader: Unable to load native-hadoop library for your platform... using builtin-java classes where applicable
Using Spark's default log4j profile: org/apache/spark/log4j-defaults.properties
Setting default log level to "WARN".
To adjust logging level use sc.setLogLevel(newLevel). For SparkR, use setLogLevel(newLevel).
WARNING:root:No partitioning rule specified, processing might be slow
WARNING:root:No partitioning rule specified, processing might be slow
WARNING:root:No partitioning rule specified, processing might be slow
WARNING:root:No partitioning rule specified, processing might be slow
WARNING:root:No partitioning rule specified, processing might be slow
初始化清洗器和分析依赖关系...
处理单属性清洗算子：
处理单属性清洗算子：[Outlier:(domain=article_title, outliers= set())]
开始清洗属性 article_title 的数据
属性 article_title 的数据大小: 892
属性 article_title 没有可应用的清洗规则。
处理单属性清洗算子：[Outlier:(domain=journal_title, outliers= set())]
开始清洗属性 journal_title 的数据
属性 journal_title 的数据大小: 667
属性 journal_title 没有可应用的清洗规则。
处理单属性清洗算子：[Outlier:(domain=author_list, outliers= set())]
开始清洗属性 author_list 的数据
属性 author_list 的数据大小: 860
属性 author_list 没有可应用的清洗规则。
处理单属性清洗算子：[Date:(domain=article_pagination，format = %b-%y)]
开始清洗属性 article_pagination 的数据
属性 article_pagination 的数据大小: 805
属性 article_pagination 没有可应用的清洗规则。
执行层级和目标模型分类...
执行层级 (并行组): [[{'journal_abbreviation'}], [{'journal_title'}], [{'journal_issn'}]]
目标模型分类: {'journal_title': [<SampleScrubber.cleaner.multiple.AttrRelation object at 0x13ec18f40>], 'journal_issn': [<SampleScrubber.cleaner.multiple.AttrRelation object at 0x13ec18e80>, <SampleScrubber.cleaner.multiple.AttrRelation object at 0x13ec18e20>]}

处理第 1 层级, 包含节点: ['journal_abbreviation']
  当前节点: journal_abbreviation 无可用清洗信号
  当前节点: journal_abbreviation 无清洗操作
['journal_abbreviation']的清洗完成

本层累积的编辑规则数: 0
本层没有可以进行的清洗操作，进行下一层

处理第 2 层级, 包含节点: ['journal_title']
  当前节点: journal_title 存在可用清洗信号
数据块大小: 1000
分块属性:
[['journal_abbreviation']]
Starting initial block mapping...
Initial number of blocks: 386
Final number of blocks after further splitting: 386
Computing Block 16 out of 386
Processing Block size=2
begin cleaner[FunctionalDependency:(s: {'journal_abbreviation'}, t: {'journal_title'})]*1.0
列 'p' 不存在，对列 journal_title 不过滤，直接选择所有非无效值。
clean_bool length:3
newest best op: Uniop(df,'journal_title','Respiration; international review of thoracic dis$eases',(['journal_abbreviation'], {('Respiration',)}),{left: ("[FunctionalDependency:(s: {journal_abbreviation}, t: {journal_title})]", 0.0), operator: *, right: (1.0, 1.0), result: 0.0})
now error: 0.0
Block processing time: 0.010605 seconds
Computing Block 51 out of 386
Processing Block size=2
begin cleaner{left: ("[FunctionalDependency:(s: {journal_abbreviation}, t: {journal_title})]", 0.0), operator: *, right: (1.0, 1.0), result: 0.0}
列 'p' 不存在，对列 journal_title 不过滤，直接选择所有非无效值。
Block processing time: 0.002478 seconds
Computing Block 54 out of 386
Processing Block size=5
begin cleaner{left: ("[FunctionalDependency:(s: {journal_abbreviation}, t: {journal_title})]", 0.0), operator: *, right: (1.0, 1.0), result: 0.0}
列 'p' 不存在，对列 journal_title 不过滤，直接选择所有非无效值。
clean_bool length:4
newest best op: Uniop(df,'journal_title','PLoS O#ne',(['journal_abbreviation'], {('PloS one',)}),{left: ("[FunctionalDependency:(s: {journal_abbreviation}, t: {journal_title})]", 0.0), operator: *, right: (1.0, 1.0), result: 0.0})
now error: 0.0
newest best op: Uniop(df,'journal_title','PLoS One',(['journal_abbreviation'], {('PloS one',)}),{left: ("[FunctionalDependency:(s: {journal_abbreviation}, t: {journal_title})]", 0.0), operator: *, right: (1.0, 1.0), result: 0.0})
now error: 0.0
Block processing time: 0.024641 seconds
Computing Block 84 out of 386
Processing Block size=2
begin cleaner{left: ("[FunctionalDependency:(s: {journal_abbreviation}, t: {journal_title})]", 0.0), operator: *, right: (1.0, 1.0), result: 0.0}
列 'p' 不存在，对列 journal_title 不过滤，直接选择所有非无效值。
Block processing time: 0.002461 seconds
Computing Block 88 out of 386
Processing Block size=3
begin cleaner{left: ("[FunctionalDependency:(s: {journal_abbreviation}, t: {journal_title})]", 0.0), operator: *, right: (1.0, 1.0), result: 0.0}
列 'p' 不存在，对列 journal_title 不过滤，直接选择所有非无效值。
clean_bool length:2
newest best op: Uniop(df,'journal_title','Am J Clin Nutr',(['journal_abbreviation'], {('The American journal of clinical nutrition',)}),{left: ("[FunctionalDependency:(s: {journal_abbreviation}, t: {journal_title})]", 0.0), operator: *, right: (1.0, 1.0), result: 0.0})
now error: 0.0
Block processing time: 0.00795 seconds
Computing Block 147 out of 386
Processing Block size=2
begin cleaner{left: ("[FunctionalDependency:(s: {journal_abbreviation}, t: {journal_title})]", 0.0), operator: *, right: (1.0, 1.0), result: 0.0}
列 'p' 不存在，对列 journal_title 不过滤，直接选择所有非无效值。
Block processing time: 0.002467 seconds
Computing Block 152 out of 386
Processing Block size=2
begin cleaner{left: ("[FunctionalDependency:(s: {journal_abbreviation}, t: {journal_title})]", 0.0), operator: *, right: (1.0, 1.0), result: 0.0}
列 'p' 不存在，对列 journal_title 不过滤，直接选择所有非无效值。
clean_bool length:3
newest best op: Uniop(df,'journal_title','Cathet$erization and cardiovascular interventions : official journal of the Society for Cardiac Angiography & Interventions',(['journal_abbreviation'], {('Catheter Cardiovasc Interv',)}),{left: ("[FunctionalDependency:(s: {journal_abbreviation}, t: {journal_title})]", 0.0), operator: *, right: (1.0, 1.0), result: 0.0})
now error: 0.0
Block processing time: 0.017242 seconds
Computing Block 171 out of 386
Processing Block size=3
begin cleaner{left: ("[FunctionalDependency:(s: {journal_abbreviation}, t: {journal_title})]", 0.0), operator: *, right: (1.0, 1.0), result: 0.0}
列 'p' 不存在，对列 journal_title 不过滤，直接选择所有非无效值。
clean_bool length:3
newest best op: Uniop(df,'journal_title','Circulation',(['journal_abbreviation'], {('Circulation',)}),{left: ("[FunctionalDependency:(s: {journal_abbreviation}, t: {journal_title})]", 0.0), operator: *, right: (1.0, 1.0), result: 0.0})
now error: 0.0
Block processing time: 0.011238 seconds
Computing Block 175 out of 386
Processing Block size=2
begin cleaner{left: ("[FunctionalDependency:(s: {journal_abbreviation}, t: {journal_title})]", 0.0), operator: *, right: (1.0, 1.0), result: 0.0}
列 'p' 不存在，对列 journal_title 不过滤，直接选择所有非无效值。
Block processing time: 0.002224 seconds
Computing Block 196 out of 386
Processing Block size=2
begin cleaner{left: ("[FunctionalDependency:(s: {journal_abbreviation}, t: {journal_title})]", 0.0), operator: *, right: (1.0, 1.0), result: 0.0}
列 'p' 不存在，对列 journal_title 不过滤，直接选择所有非无效值。
clean_bool length:3
newest best op: Uniop(df,'journal_title','Public health nursing (Boston Mass.)',(['journal_abbreviation'], {('Public Health Nurs',)}),{left: ("[FunctionalDependency:(s: {journal_abbreviation}, t: {journal_title})]", 0.0), operator: *, right: (1.0, 1.0), result: 0.0})
now error: 0.0
Block processing time: 0.008269 seconds
Computing Block 214 out of 386
Processing Block size=2
begin cleaner{left: ("[FunctionalDependency:(s: {journal_abbreviation}, t: {journal_title})]", 0.0), operator: *, right: (1.0, 1.0), result: 0.0}
列 'p' 不存在，对列 journal_title 不过滤，直接选择所有非无效值。
clean_bool length:3
newest best op: Uniop(df,'journal_title','BioMed re%search% international',(['journal_abbreviation'], {('Biomed Res Int',)}),{left: ("[FunctionalDependency:(s: {journal_abbreviation}, t: {journal_title})]", 0.0), operator: *, right: (1.0, 1.0), result: 0.0})
now error: 0.0
Block processing time: 0.008047 seconds
Computing Block 220 out of 386
Processing Block size=2
begin cleaner{left: ("[FunctionalDependency:(s: {journal_abbreviation}, t: {journal_title})]", 0.0), operator: *, right: (1.0, 1.0), result: 0.0}
列 'p' 不存在，对列 journal_title 不过滤，直接选择所有非无效值。
WARNING:root:No partitioning rule specified, processing might be slow
clean_bool length:2
newest best op: Uniop(df,'journal_title','Tumour biology : the journal of the International Society for Oncodevelopmental Biology and Medicine',(['journal_abbreviation'], {('Tumour Biol.',)}),{left: ("[FunctionalDependency:(s: {journal_abbreviation}, t: {journal_title})]", 0.0), operator: *, right: (1.0, 1.0), result: 0.0})
now error: 0.0
Block processing time: 0.00513 seconds
Computing Block 226 out of 386
Processing Block size=2
begin cleaner{left: ("[FunctionalDependency:(s: {journal_abbreviation}, t: {journal_title})]", 0.0), operator: *, right: (1.0, 1.0), result: 0.0}
列 'p' 不存在，对列 journal_title 不过滤，直接选择所有非无效值。
Block processing time: 0.002219 seconds
Computing Block 243 out of 386
Processing Block size=2
begin cleaner{left: ("[FunctionalDependency:(s: {journal_abbreviation}, t: {journal_title})]", 1.0), operator: *, right: (1.0, 1.0), result: 1.0}
列 'p' 不存在，对列 journal_title 不过滤，直接选择所有非无效值。
Block processing time: 0.002205 seconds
Computing Block 257 out of 386
Processing Block size=2
begin cleaner{left: ("[FunctionalDependency:(s: {journal_abbreviation}, t: {journal_title})]", 0.0), operator: *, right: (1.0, 1.0), result: 0.0}
列 'p' 不存在，对列 journal_title 不过滤，直接选择所有非无效值。
clean_bool length:3
newest best op: Uniop(df,'journal_title','Journal of cardiovascular medicine (Hagerstown Md.)',(['journal_abbreviation'], {('J Cardiovasc Med (Hagerstown)',)}),{left: ("[FunctionalDependency:(s: {journal_abbreviation}, t: {journal_title})]", 0.0), operator: *, right: (1.0, 1.0), result: 0.0})
now error: 0.0
Block processing time: 0.009478 seconds
Computing Block 268 out of 386
Processing Block size=2
begin cleaner{left: ("[FunctionalDependency:(s: {journal_abbreviation}, t: {journal_title})]", 0.0), operator: *, right: (1.0, 1.0), result: 0.0}
列 'p' 不存在，对列 journal_title 不过滤，直接选择所有非无效值。
clean_bool length:3
newest best op: Uniop(df,'journal_title','Endocr#inology',(['journal_abbreviation'], {('Endocrinology',)}),{left: ("[FunctionalDependency:(s: {journal_abbreviation}, t: {journal_title})]", 0.0), operator: *, right: (1.0, 1.0), result: 0.0})
now error: 0.0
Block processing time: 0.007915 seconds
Computing Block 290 out of 386
Processing Block size=2
begin cleaner{left: ("[FunctionalDependency:(s: {journal_abbreviation}, t: {journal_title})]", 0.0), operator: *, right: (1.0, 1.0), result: 0.0}
列 'p' 不存在，对列 journal_title 不过滤，直接选择所有非无效值。
Block processing time: 0.00226 seconds
Computing Block 317 out of 386
Processing Block size=3
begin cleaner{left: ("[FunctionalDependency:(s: {journal_abbreviation}, t: {journal_title})]", 0.0), operator: *, right: (1.0, 1.0), result: 0.0}
列 'p' 不存在，对列 journal_title 不过滤，直接选择所有非无效值。
clean_bool length:3
newest best op: Uniop(df,'journal_title','J Hand Surg Am',(['journal_abbreviation'], {('The Journal of hand surgery',)}),{left: ("[FunctionalDependency:(s: {journal_abbreviation}, t: {journal_title})]", 0.0), operator: *, right: (1.0, 1.0), result: 0.0})
now error: 0.0
Block processing time: 0.010677 seconds
Computing Block 331 out of 386
Processing Block size=2
begin cleaner{left: ("[FunctionalDependency:(s: {journal_abbreviation}, t: {journal_title})]", 0.0), operator: *, right: (1.0, 1.0), result: 0.0}
列 'p' 不存在，对列 journal_title 不过滤，直接选择所有非无效值。
Block processing time: 0.002228 seconds
Computing Block 336 out of 386
Processing Block size=2
begin cleaner{left: ("[FunctionalDependency:(s: {journal_abbreviation}, t: {journal_title})]", 0.0), operator: *, right: (1.0, 1.0), result: 0.0}
列 'p' 不存在，对列 journal_title 不过滤，直接选择所有非无效值。
clean_bool length:3
newest best op: Uniop(df,'journal_title','Journal of clinical oncology : official journal of the American Society of Clinical Oncology',(['journal_abbreviation'], {('J. Clin. Oncol.',)}),{left: ("[FunctionalDependency:(s: {journal_abbreviation}, t: {journal_title})]", 0.0), operator: *, right: (1.0, 1.0), result: 0.0})
now error: 0.0
Block processing time: 0.01217 seconds
Computing Block 361 out of 386
Processing Block size=2
begin cleaner{left: ("[FunctionalDependency:(s: {journal_abbreviation}, t: {journal_title})]", 0.0), operator: *, right: (1.0, 1.0), result: 0.0}
列 'p' 不存在，对列 journal_title 不过滤，直接选择所有非无效值。
Block processing time: 0.002212 seconds
Computing Block 362 out of 386
Processing Block size=2
begin cleaner{left: ("[FunctionalDependency:(s: {journal_abbreviation}, t: {journal_title})]", 0.0), operator: *, right: (1.0, 1.0), result: 0.0}
列 'p' 不存在，对列 journal_title 不过滤，直接选择所有非无效值。
Block processing time: 0.002175 seconds
Computing Block 381 out of 386
Processing Block size=2
begin cleaner{left: ("[FunctionalDependency:(s: {journal_abbreviation}, t: {journal_title})]", 0.0), operator: *, right: (1.0, 1.0), result: 0.0}
列 'p' 不存在，对列 journal_title 不过滤，直接选择所有非无效值。
clean_bool length:3
newest best op: Uniop(df,'journal_title','Nepal Medical College journal :?? NMCJ',(['journal_abbreviation'], {('Nepal Med Coll J',)}),{left: ("[FunctionalDependency:(s: {journal_abbreviation}, t: {journal_title})]", 0.0), operator: *, right: (1.0, 1.0), result: 0.0})
now error: 0.0
Block processing time: 0.008242 seconds
Computing Block 382 out of 386
Processing Block size=2
begin cleaner{left: ("[FunctionalDependency:(s: {journal_abbreviation}, t: {journal_title})]", 0.0), operator: *, right: (1.0, 1.0), result: 0.0}
列 'p' 不存在，对列 journal_title 不过滤，直接选择所有非无效值。
Block processing time: 0.0022 seconds
  当前节点: journal_title 有 13 个清洗操作
['journal_title']的清洗完成

本层累积的编辑规则数: 13
读入数据大小：1000
处理了 13 条规则，更新数据...
所有编辑规则已更新完成

处理第 1 层级, 包含节点: ['journal_abbreviation']
  跳过已清洗结束的节点: journal_abbreviation
['journal_abbreviation']的清洗完成

本层累积的编辑规则数: 0
本层没有可以进行的清洗操作，进行下一层

处理第 2 层级, 包含节点: ['journal_title']
  当前节点: journal_title 存在可用清洗信号
数据块大小: 1000
分块属性:
[['journal_abbreviation']]
Starting initial block mapping...
Initial number of blocks: 386
Final number of blocks after further splitting: 386
Computing Block 16 out of 386
Processing Block size=2
begin cleaner[FunctionalDependency:(s: {'journal_abbreviation'}, t: {'journal_title'})]*1.0
列 'p' 不存在，对列 journal_title 不过滤，直接选择所有非无效值。
Block processing time: 0.002557 seconds
Computing Block 51 out of 386
Processing Block size=2
begin cleaner{left: ("[FunctionalDependency:(s: {journal_abbreviation}, t: {journal_title})]", 0.0), operator: *, right: (1.0, 1.0), result: 0.0}
列 'p' 不存在，对列 journal_title 不过滤，直接选择所有非无效值。
Block processing time: 0.002439 seconds
Computing Block 54 out of 386
Processing Block size=5
begin cleaner{left: ("[FunctionalDependency:(s: {journal_abbreviation}, t: {journal_title})]", 0.0), operator: *, right: (1.0, 1.0), result: 0.0}
列 'p' 不存在，对列 journal_title 不过滤，直接选择所有非无效值。
Block processing time: 0.005734 seconds
Computing Block 84 out of 386
Processing Block size=2
begin cleaner{left: ("[FunctionalDependency:(s: {journal_abbreviation}, t: {journal_title})]", 0.0), operator: *, right: (1.0, 1.0), result: 0.0}
列 'p' 不存在，对列 journal_title 不过滤，直接选择所有非无效值。
Block processing time: 0.002426 seconds
Computing Block 88 out of 386
Processing Block size=3
begin cleaner{left: ("[FunctionalDependency:(s: {journal_abbreviation}, t: {journal_title})]", 0.0), operator: *, right: (1.0, 1.0), result: 0.0}
列 'p' 不存在，对列 journal_title 不过滤，直接选择所有非无效值。
WARNING:root:No partitioning rule specified, processing might be slow
Block processing time: 0.003488 seconds
Computing Block 147 out of 386
Processing Block size=2
begin cleaner{left: ("[FunctionalDependency:(s: {journal_abbreviation}, t: {journal_title})]", 0.0), operator: *, right: (1.0, 1.0), result: 0.0}
列 'p' 不存在，对列 journal_title 不过滤，直接选择所有非无效值。
Block processing time: 0.002432 seconds
Computing Block 152 out of 386
Processing Block size=2
begin cleaner{left: ("[FunctionalDependency:(s: {journal_abbreviation}, t: {journal_title})]", 0.0), operator: *, right: (1.0, 1.0), result: 0.0}
列 'p' 不存在，对列 journal_title 不过滤，直接选择所有非无效值。
Block processing time: 0.002379 seconds
Computing Block 171 out of 386
Processing Block size=3
begin cleaner{left: ("[FunctionalDependency:(s: {journal_abbreviation}, t: {journal_title})]", 0.0), operator: *, right: (1.0, 1.0), result: 0.0}
列 'p' 不存在，对列 journal_title 不过滤，直接选择所有非无效值。
Block processing time: 0.003482 seconds
Computing Block 175 out of 386
Processing Block size=2
begin cleaner{left: ("[FunctionalDependency:(s: {journal_abbreviation}, t: {journal_title})]", 0.0), operator: *, right: (1.0, 1.0), result: 0.0}
列 'p' 不存在，对列 journal_title 不过滤，直接选择所有非无效值。
Block processing time: 0.00237 seconds
Computing Block 196 out of 386
Processing Block size=2
begin cleaner{left: ("[FunctionalDependency:(s: {journal_abbreviation}, t: {journal_title})]", 0.0), operator: *, right: (1.0, 1.0), result: 0.0}
列 'p' 不存在，对列 journal_title 不过滤，直接选择所有非无效值。
Block processing time: 0.002202 seconds
Computing Block 214 out of 386
Processing Block size=2
begin cleaner{left: ("[FunctionalDependency:(s: {journal_abbreviation}, t: {journal_title})]", 0.0), operator: *, right: (1.0, 1.0), result: 0.0}
列 'p' 不存在，对列 journal_title 不过滤，直接选择所有非无效值。
Block processing time: 0.002442 seconds
Computing Block 220 out of 386
Processing Block size=2
begin cleaner{left: ("[FunctionalDependency:(s: {journal_abbreviation}, t: {journal_title})]", 0.0), operator: *, right: (1.0, 1.0), result: 0.0}
列 'p' 不存在，对列 journal_title 不过滤，直接选择所有非无效值。
Block processing time: 0.00224 seconds
Computing Block 226 out of 386
Processing Block size=2
begin cleaner{left: ("[FunctionalDependency:(s: {journal_abbreviation}, t: {journal_title})]", 0.0), operator: *, right: (1.0, 1.0), result: 0.0}
列 'p' 不存在，对列 journal_title 不过滤，直接选择所有非无效值。
Block processing time: 0.002416 seconds
Computing Block 243 out of 386
Processing Block size=2
begin cleaner{left: ("[FunctionalDependency:(s: {journal_abbreviation}, t: {journal_title})]", 1.0), operator: *, right: (1.0, 1.0), result: 1.0}
列 'p' 不存在，对列 journal_title 不过滤，直接选择所有非无效值。
Block processing time: 0.002404 seconds
Computing Block 257 out of 386
Processing Block size=2
begin cleaner{left: ("[FunctionalDependency:(s: {journal_abbreviation}, t: {journal_title})]", 0.0), operator: *, right: (1.0, 1.0), result: 0.0}
列 'p' 不存在，对列 journal_title 不过滤，直接选择所有非无效值。
Block processing time: 0.002403 seconds
Computing Block 268 out of 386
Processing Block size=2
begin cleaner{left: ("[FunctionalDependency:(s: {journal_abbreviation}, t: {journal_title})]", 0.0), operator: *, right: (1.0, 1.0), result: 0.0}
列 'p' 不存在，对列 journal_title 不过滤，直接选择所有非无效值。
Block processing time: 0.002397 seconds
Computing Block 290 out of 386
Processing Block size=2
begin cleaner{left: ("[FunctionalDependency:(s: {journal_abbreviation}, t: {journal_title})]", 0.0), operator: *, right: (1.0, 1.0), result: 0.0}
列 'p' 不存在，对列 journal_title 不过滤，直接选择所有非无效值。
Block processing time: 0.002384 seconds
Computing Block 317 out of 386
Processing Block size=3
begin cleaner{left: ("[FunctionalDependency:(s: {journal_abbreviation}, t: {journal_title})]", 0.0), operator: *, right: (1.0, 1.0), result: 0.0}
列 'p' 不存在，对列 journal_title 不过滤，直接选择所有非无效值。
Block processing time: 0.004014 seconds
Computing Block 331 out of 386
Processing Block size=2
begin cleaner{left: ("[FunctionalDependency:(s: {journal_abbreviation}, t: {journal_title})]", 0.0), operator: *, right: (1.0, 1.0), result: 0.0}
列 'p' 不存在，对列 journal_title 不过滤，直接选择所有非无效值。
Block processing time: 0.002466 seconds
Computing Block 336 out of 386
Processing Block size=2
begin cleaner{left: ("[FunctionalDependency:(s: {journal_abbreviation}, t: {journal_title})]", 0.0), operator: *, right: (1.0, 1.0), result: 0.0}
列 'p' 不存在，对列 journal_title 不过滤，直接选择所有非无效值。
Block processing time: 0.002421 seconds
Computing Block 361 out of 386
Processing Block size=2
begin cleaner{left: ("[FunctionalDependency:(s: {journal_abbreviation}, t: {journal_title})]", 0.0), operator: *, right: (1.0, 1.0), result: 0.0}
列 'p' 不存在，对列 journal_title 不过滤，直接选择所有非无效值。
Block processing time: 0.002196 seconds
Computing Block 362 out of 386
Processing Block size=2
begin cleaner{left: ("[FunctionalDependency:(s: {journal_abbreviation}, t: {journal_title})]", 0.0), operator: *, right: (1.0, 1.0), result: 0.0}
列 'p' 不存在，对列 journal_title 不过滤，直接选择所有非无效值。
Block processing time: 0.002207 seconds
Computing Block 381 out of 386
Processing Block size=2
begin cleaner{left: ("[FunctionalDependency:(s: {journal_abbreviation}, t: {journal_title})]", 0.0), operator: *, right: (1.0, 1.0), result: 0.0}
列 'p' 不存在，对列 journal_title 不过滤，直接选择所有非无效值。
Block processing time: 0.002378 seconds
Computing Block 382 out of 386
Processing Block size=2
begin cleaner{left: ("[FunctionalDependency:(s: {journal_abbreviation}, t: {journal_title})]", 0.0), operator: *, right: (1.0, 1.0), result: 0.0}
列 'p' 不存在，对列 journal_title 不过滤，直接选择所有非无效值。
Block processing time: 0.00238 seconds
  当前节点: journal_title 无清洗操作
['journal_title']的清洗完成

本层累积的编辑规则数: 0
本层没有可以进行的清洗操作，进行下一层

处理第 3 层级, 包含节点: ['journal_issn']
  当前节点: journal_issn 存在可用清洗信号
数据块大小: 1000
分块属性:
[['journal_abbreviation'], ['journal_title']]
Grouping by ['journal_abbreviation'] yields 386 groups.
Grouping by ['journal_title'] yields 654 groups.
Current group product: 252444, Total rows: 1000
Removing attribute group ['journal_title'] with 654 groups.
Current group product: 386, Total rows: 1000
Final selected attributes for partitioning: [['journal_abbreviation']]
Removed attributes for potential later use: [['journal_title']]
Starting initial block mapping...
Initial number of blocks: 386
Final number of blocks after further splitting: 386
Computing Block 16 out of 386
Processing Block size=2
begin cleaner[FunctionalDependency:(s: {'journal_abbreviation'}, t: {'journal_issn'})]*1.0+[FunctionalDependency:(s: {'journal_title'}, t: {'journal_issn'})]*1.0
列 'p' 不存在，对列 journal_issn 不过滤，直接选择所有非无效值。
clean_bool length:5
newest best op: Uniop(df,'journal_issn','0025-7931',(['journal_abbreviation'], {('Respiration',)}),{left: ({left: ("[FunctionalDependency:(s: {journal_abbreviation}, t: {journal_issn})]", 0.0), operator: *, right: (1.0, 1.0), result: 0.0}, 0.0), operator: +, right: ({left: ("[FunctionalDependency:(s: {journal_title}, t: {journal_issn})]", 0.0), operator: *, right: (1.0, 1.0), result: 0.0}, 0.0), result: 0.0})
now error: 0.0
Block processing time: 0.028056 seconds
Computing Block 51 out of 386
Processing Block size=2
begin cleaner{left: ({left: ("[FunctionalDependency:(s: {journal_abbreviation}, t: {journal_issn})]", 0.0), operator: *, right: (1.0, 1.0), result: 0.0}, 0.0), operator: +, right: ({left: ("[FunctionalDependency:(s: {journal_title}, t: {journal_issn})]", 0.0), operator: *, right: (1.0, 1.0), result: 0.0}, 0.0), result: 0.0}
列 'p' 不存在，对列 journal_issn 不过滤，直接选择所有非无效值。
Block processing time: 0.008359 seconds
Computing Block 54 out of 386
Processing Block size=5
begin cleaner{left: ({left: ("[FunctionalDependency:(s: {journal_abbreviation}, t: {journal_issn})]", 0.0), operator: *, right: (1.0, 1.0), result: 0.0}, 0.0), operator: +, right: ({left: ("[FunctionalDependency:(s: {journal_title}, t: {journal_issn})]", 0.0), operator: *, right: (1.0, 1.0), result: 0.0}, 0.0), result: 0.0}
列 'p' 不存在，对列 journal_issn 不过滤，直接选择所有非无效值。
Block processing time: 0.021507 seconds
Computing Block 84 out of 386
Processing Block size=2
begin cleaner{left: ({left: ("[FunctionalDependency:(s: {journal_abbreviation}, t: {journal_issn})]", 0.0), operator: *, right: (1.0, 1.0), result: 0.0}, 0.0), operator: +, right: ({left: ("[FunctionalDependency:(s: {journal_title}, t: {journal_issn})]", 0.0), operator: *, right: (1.0, 1.0), result: 0.0}, 0.0), result: 0.0}
列 'p' 不存在，对列 journal_issn 不过滤，直接选择所有非无效值。
Block processing time: 0.00931 seconds
Computing Block 88 out of 386
Processing Block size=3
begin cleaner{left: ({left: ("[FunctionalDependency:(s: {journal_abbreviation}, t: {journal_issn})]", 0.0), operator: *, right: (1.0, 1.0), result: 0.0}, 0.0), operator: +, right: ({left: ("[FunctionalDependency:(s: {journal_title}, t: {journal_issn})]", 0.0), operator: *, right: (1.0, 1.0), result: 0.0}, 0.0), result: 0.0}
列 'p' 不存在，对列 journal_issn 不过滤，直接选择所有非无效值。
clean_bool length:5
newest best op: Uniop(df,'journal_issn','Feb-65',(['journal_abbreviation'], {('The American journal of clinical nutrition',)}),{left: ({left: ("[FunctionalDependency:(s: {journal_abbreviation}, t: {journal_issn})]", 0.0), operator: *, right: (1.0, 1.0), result: 0.0}, 0.0), operator: +, right: ({left: ("[FunctionalDependency:(s: {journal_title}, t: {journal_issn})]", 0.0), operator: *, right: (1.0, 1.0), result: 0.0}, 0.0), result: 0.0})
now error: 0.0
Block processing time: 0.042955 seconds
Computing Block 147 out of 386
Processing Block size=2
begin cleaner{left: ({left: ("[FunctionalDependency:(s: {journal_abbreviation}, t: {journal_issn})]", 0.0), operator: *, right: (1.0, 1.0), result: 0.0}, 0.0), operator: +, right: ({left: ("[FunctionalDependency:(s: {journal_title}, t: {journal_issn})]", 0.0), operator: *, right: (1.0, 1.0), result: 0.0}, 0.0), result: 0.0}
列 'p' 不存在，对列 journal_issn 不过滤，直接选择所有非无效值。
Block processing time: 0.007705 seconds
Computing Block 152 out of 386
Processing Block size=2
begin cleaner{left: ({left: ("[FunctionalDependency:(s: {journal_abbreviation}, t: {journal_issn})]", 0.0), operator: *, right: (1.0, 1.0), result: 0.0}, 0.0), operator: +, right: ({left: ("[FunctionalDependency:(s: {journal_title}, t: {journal_issn})]", 0.0), operator: *, right: (1.0, 1.0), result: 0.0}, 0.0), result: 0.0}
列 'p' 不存在，对列 journal_issn 不过滤，直接选择所有非无效值。
Block processing time: 0.007974 seconds
Computing Block 171 out of 386
Processing Block size=3
begin cleaner{left: ({left: ("[FunctionalDependency:(s: {journal_abbreviation}, t: {journal_issn})]", 0.0), operator: *, right: (1.0, 1.0), result: 0.0}, 0.0), operator: +, right: ({left: ("[FunctionalDependency:(s: {journal_title}, t: {journal_issn})]", 0.0), operator: *, right: (1.0, 1.0), result: 0.0}, 0.0), result: 0.0}
列 'p' 不存在，对列 journal_issn 不过滤，直接选择所有非无效值。
clean_bool length:7
newest best op: Uniop(df,'journal_issn','22??-Se@@p',(['journal_abbreviation'], {('Circulation',)}),{left: ({left: ("[FunctionalDependency:(s: {journal_abbreviation}, t: {journal_issn})]", 0.0), operator: *, right: (1.0, 1.0), result: 0.0}, 0.0), operator: +, right: ({left: ("[FunctionalDependency:(s: {journal_title}, t: {journal_issn})]", 0.0), operator: *, right: (1.0, 1.0), result: 0.0}, 0.0), result: 0.0})
now error: 0.0
newest best op: Uniop(df,'journal_issn','22-Sep',(['journal_abbreviation'], {('Circulation',)}),{left: ({left: ("[FunctionalDependency:(s: {journal_abbreviation}, t: {journal_issn})]", 0.0), operator: *, right: (1.0, 1.0), result: 0.0}, 0.0), operator: +, right: ({left: ("[FunctionalDependency:(s: {journal_title}, t: {journal_issn})]", 0.0), operator: *, right: (1.0, 1.0), result: 0.0}, 0.0), result: 0.0})
now error: 0.0
Block processing time: 0.048965 seconds
Computing Block 175 out of 386
Processing Block size=2
begin cleaner{left: ({left: ("[FunctionalDependency:(s: {journal_abbreviation}, t: {journal_issn})]", 0.0), operator: *, right: (1.0, 1.0), result: 0.0}, 0.0), operator: +, right: ({left: ("[FunctionalDependency:(s: {journal_title}, t: {journal_issn})]", 0.0), operator: *, right: (1.0, 1.0), result: 0.0}, 0.0), result: 0.0}
列 'p' 不存在，对列 journal_issn 不过滤，直接选择所有非无效值。
clean_bool length:5
newest best op: Uniop(df,'journal_issn','1460-2105',(['journal_abbreviation'], {('J. Natl. Cancer Inst.',)}),{left: ({left: ("[FunctionalDependency:(s: {journal_abbreviation}, t: {journal_issn})]", 0.0), operator: *, right: (1.0, 1.0), result: 0.0}, 0.0), operator: +, right: ({left: ("[FunctionalDependency:(s: {journal_title}, t: {journal_issn})]", 0.0), operator: *, right: (1.0, 1.0), result: 0.0}, 0.0), result: 0.0})
now error: 0.0
Block processing time: 0.025675 seconds
Computing Block 196 out of 386
Processing Block size=2
begin cleaner{left: ({left: ("[FunctionalDependency:(s: {journal_abbreviation}, t: {journal_issn})]", 0.0), operator: *, right: (1.0, 1.0), result: 0.0}, 0.0), operator: +, right: ({left: ("[FunctionalDependency:(s: {journal_title}, t: {journal_issn})]", 0.0), operator: *, right: (1.0, 1.0), result: 0.0}, 0.0), result: 0.0}
列 'p' 不存在，对列 journal_issn 不过滤，直接选择所有非无效值。
clean_bool length:5
newest best op: Uniop(df,'journal_issn','0737-1209',(['journal_abbreviation'], {('Public Health Nurs',)}),{left: ({left: ("[FunctionalDependency:(s: {journal_abbreviation}, t: {journal_issn})]", 0.0), operator: *, right: (1.0, 1.0), result: 0.0}, 0.0), operator: +, right: ({left: ("[FunctionalDependency:(s: {journal_title}, t: {journal_issn})]", 0.0), operator: *, right: (1.0, 1.0), result: 0.0}, 0.0), result: 0.0})
now error: 0.0
Block processing time: 0.025325 seconds
Computing Block 214 out of 386
Processing Block size=2
begin cleaner{left: ({left: ("[FunctionalDependency:(s: {journal_abbreviation}, t: {journal_issn})]", 0.0), operator: *, right: (1.0, 1.0), result: 0.0}, 0.0), operator: +, right: ({left: ("[FunctionalDependency:(s: {journal_title}, t: {journal_issn})]", 0.0), operator: *, right: (1.0, 1.0), result: 0.0}, 0.0), result: 0.0}
列 'p' 不存在，对列 journal_issn 不过滤，直接选择所有非无效值。
clean_bool length:5
newest best op: Uniop(df,'journal_issn','2314$-6141',(['journal_abbreviation'], {('Biomed Res Int',)}),{left: ({left: ("[FunctionalDependency:(s: {journal_abbreviation}, t: {journal_issn})]", 0.0), operator: *, right: (1.0, 1.0), result: 0.0}, 0.0), operator: +, right: ({left: ("[FunctionalDependency:(s: {journal_title}, t: {journal_issn})]", 0.0), operator: *, right: (1.0, 1.0), result: 0.0}, 0.0), result: 0.0})
now error: 0.0
Block processing time: 0.025559 seconds
Computing Block 220 out of 386
Processing Block size=2
begin cleaner{left: ({left: ("[FunctionalDependency:(s: {journal_abbreviation}, t: {journal_issn})]", 0.0), operator: *, right: (1.0, 1.0), result: 0.0}, 0.0), operator: +, right: ({left: ("[FunctionalDependency:(s: {journal_title}, t: {journal_issn})]", 0.0), operator: *, right: (1.0, 1.0), result: 0.0}, 0.0), result: 0.0}
列 'p' 不存在，对列 journal_issn 不过滤，直接选择所有非无效值。
Block processing time: 0.007822 seconds
Computing Block 226 out of 386
Processing Block size=2
begin cleaner{left: ({left: ("[FunctionalDependency:(s: {journal_abbreviation}, t: {journal_issn})]", 0.0), operator: *, right: (1.0, 1.0), result: 0.0}, 0.0), operator: +, right: ({left: ("[FunctionalDependency:(s: {journal_title}, t: {journal_issn})]", 0.0), operator: *, right: (1.0, 1.0), result: 0.0}, 0.0), result: 0.0}
列 'p' 不存在，对列 journal_issn 不过滤，直接选择所有非无效值。
clean_bool length:3
newest best op: Uniop(df,'journal_issn','1930-7381',(['journal_abbreviation'], {('Obesity (Silver Spring)',)}),{left: ({left: ("[FunctionalDependency:(s: {journal_abbreviation}, t: {journal_issn})]", 0.0), operator: *, right: (1.0, 1.0), result: 0.0}, 0.0), operator: +, right: ({left: ("[FunctionalDependency:(s: {journal_title}, t: {journal_issn})]", 1.0), operator: *, right: (1.0, 1.0), result: 1.0}, 1.0), result: 0.5})
now error: 1.0
pruned: 2
UpdateCleanBool,purned:2
clean_bool length:1
Block processing time: 0.016634 seconds
Computing Block 243 out of 386
Processing Block size=2
begin cleaner{left: ({left: ("[FunctionalDependency:(s: {journal_abbreviation}, t: {journal_issn})]", 0.0), operator: *, right: (1.0, 1.0), result: 0.0}, 0.0), operator: +, right: ({left: ("[FunctionalDependency:(s: {journal_title}, t: {journal_issn})]", 1.0), operator: *, right: (1.0, 1.0), result: 1.0}, 1.0), result: 0.5}
列 'p' 不存在，对列 journal_issn 不过滤，直接选择所有非无效值。
clean_bool length:5
newest best op: Uniop(df,'journal_issn','0903-1936',(['journal_abbreviation'], {('Eur. Respir. J.',)}),{left: ({left: ("[FunctionalDependency:(s: {journal_abbreviation}, t: {journal_issn})]", 0.0), operator: *, right: (1.0, 1.0), result: 0.0}, 0.0), operator: +, right: ({left: ("[FunctionalDependency:(s: {journal_title}, t: {journal_issn})]", 0.0), operator: *, right: (1.0, 1.0), result: 0.0}, 0.0), result: 0.0})
now error: 0.0
Block processing time: 0.024899 seconds
Computing Block 257 out of 386
Processing Block size=2
begin cleaner{left: ({left: ("[FunctionalDependency:(s: {journal_abbreviation}, t: {journal_issn})]", 0.0), operator: *, right: (1.0, 1.0), result: 0.0}, 0.0), operator: +, right: ({left: ("[FunctionalDependency:(s: {journal_title}, t: {journal_issn})]", 0.0), operator: *, right: (1.0, 1.0), result: 0.0}, 0.0), result: 0.0}
列 'p' 不存在，对列 journal_issn 不过滤，直接选择所有非无效值。
clean_bool length:3
newest best op: Uniop(df,'journal_issn','1558-2035',(['journal_abbreviation'], {('J Cardiovasc Med (Hagerstown)',)}),{left: ({left: ("[FunctionalDependency:(s: {journal_abbreviation}, t: {journal_issn})]", 0.0), operator: *, right: (1.0, 1.0), result: 0.0}, 0.0), operator: +, right: ({left: ("[FunctionalDependency:(s: {journal_title}, t: {journal_issn})]", 0.0), operator: *, right: (1.0, 1.0), result: 0.0}, 0.0), result: 0.0})
now error: 0.0
Block processing time: 0.015497 seconds
Computing Block 268 out of 386
Processing Block size=2
begin cleaner{left: ({left: ("[FunctionalDependency:(s: {journal_abbreviation}, t: {journal_issn})]", 0.0), operator: *, right: (1.0, 1.0), result: 0.0}, 0.0), operator: +, right: ({left: ("[FunctionalDependency:(s: {journal_title}, t: {journal_issn})]", 0.0), operator: *, right: (1.0, 1.0), result: 0.0}, 0.0), result: 0.0}
列 'p' 不存在，对列 journal_issn 不过滤，直接选择所有非无效值。
Block processing time: 0.007102 seconds
Computing Block 290 out of 386
Processing Block size=2
begin cleaner{left: ({left: ("[FunctionalDependency:(s: {journal_abbreviation}, t: {journal_issn})]", 0.0), operator: *, right: (1.0, 1.0), result: 0.0}, 0.0), operator: +, right: ({left: ("[FunctionalDependency:(s: {journal_title}, t: {journal_issn})]", 0.0), operator: *, right: (1.0, 1.0), result: 0.0}, 0.0), result: 0.0}
列 'p' 不存在，对列 journal_issn 不过滤，直接选择所有非无效值。
Block processing time: 0.007066 seconds
Computing Block 317 out of 386
Processing Block size=3
begin cleaner{left: ({left: ("[FunctionalDependency:(s: {journal_abbreviation}, t: {journal_issn})]", 0.0), operator: *, right: (1.0, 1.0), result: 0.0}, 0.0), operator: +, right: ({left: ("[FunctionalDependency:(s: {journal_title}, t: {journal_issn})]", 0.0), operator: *, right: (1.0, 1.0), result: 0.0}, 0.0), result: 0.0}
列 'p' 不存在，对列 journal_issn 不过滤，直接选择所有非无效值。
clean_bool length:5
newest best op: Uniop(df,'journal_issn','0363-5023',(['journal_abbreviation'], {('The Journal of hand surgery',)}),{left: ({left: ("[FunctionalDependency:(s: {journal_abbreviation}, t: {journal_issn})]", 0.0), operator: *, right: (1.0, 1.0), result: 0.0}, 0.0), operator: +, right: ({left: ("[FunctionalDependency:(s: {journal_title}, t: {journal_issn})]", 0.0), operator: *, right: (1.0, 1.0), result: 0.0}, 0.0), result: 0.0})
now error: 0.0
Block processing time: 0.034311 seconds
Computing Block 331 out of 386
Processing Block size=2
begin cleaner{left: ({left: ("[FunctionalDependency:(s: {journal_abbreviation}, t: {journal_issn})]", 0.0), operator: *, right: (1.0, 1.0), result: 0.0}, 0.0), operator: +, right: ({left: ("[FunctionalDependency:(s: {journal_title}, t: {journal_issn})]", 0.0), operator: *, right: (1.0, 1.0), result: 0.0}, 0.0), result: 0.0}
列 'p' 不存在，对列 journal_issn 不过滤，直接选择所有非无效值。
clean_bool length:5
newest best op: Uniop(df,'journal_issn','1463-1318',(['journal_abbreviation'], {('Colorectal Dis',)}),{left: ({left: ("[FunctionalDependency:(s: {journal_abbreviation}, t: {journal_issn})]", 0.0), operator: *, right: (1.0, 1.0), result: 0.0}, 0.0), operator: +, right: ({left: ("[FunctionalDependency:(s: {journal_title}, t: {journal_issn})]", 0.0), operator: *, right: (1.0, 1.0), result: 0.0}, 0.0), result: 0.0})
now error: 0.0
Block processing time: 0.023286 seconds
Computing Block 336 out of 386
Processing Block size=2
begin cleaner{left: ({left: ("[FunctionalDependency:(s: {journal_abbreviation}, t: {journal_issn})]", 0.0), operator: *, right: (1.0, 1.0), result: 0.0}, 0.0), operator: +, right: ({left: ("[FunctionalDependency:(s: {journal_title}, t: {journal_issn})]", 0.0), operator: *, right: (1.0, 1.0), result: 0.0}, 0.0), result: 0.0}
列 'p' 不存在，对列 journal_issn 不过滤，直接选择所有非无效值。
Block processing time: 0.007083 seconds
Computing Block 361 out of 386
Processing Block size=2
begin cleaner{left: ({left: ("[FunctionalDependency:(s: {journal_abbreviation}, t: {journal_issn})]", 0.0), operator: *, right: (1.0, 1.0), result: 0.0}, 0.0), operator: +, right: ({left: ("[FunctionalDependency:(s: {journal_title}, t: {journal_issn})]", 0.0), operator: *, right: (1.0, 1.0), result: 0.0}, 0.0), result: 0.0}
列 'p' 不存在，对列 journal_issn 不过滤，直接选择所有非无效值。
Block processing time: 0.007098 seconds
Computing Block 362 out of 386
Processing Block size=2
begin cleaner{left: ({left: ("[FunctionalDependency:(s: {journal_abbreviation}, t: {journal_issn})]", 0.0), operator: *, right: (1.0, 1.0), result: 0.0}, 0.0), operator: +, right: ({left: ("[FunctionalDependency:(s: {journal_title}, t: {journal_issn})]", 0.0), operator: *, right: (1.0, 1.0), result: 0.0}, 0.0), result: 0.0}
列 'p' 不存在，对列 journal_issn 不过滤，直接选择所有非无效值。
Block processing time: 0.007017 seconds
Computing Block 381 out of 386
Processing Block size=2
begin cleaner{left: ({left: ("[FunctionalDependency:(s: {journal_abbreviation}, t: {journal_issn})]", 0.0), operator: *, right: (1.0, 1.0), result: 0.0}, 0.0), operator: +, right: ({left: ("[FunctionalDependency:(s: {journal_title}, t: {journal_issn})]", 0.0), operator: *, right: (1.0, 1.0), result: 0.0}, 0.0), result: 0.0}
列 'p' 不存在，对列 journal_issn 不过滤，直接选择所有非无效值。
Block processing time: 0.007084 seconds
Computing Block 382 out of 386
Processing Block size=2
WARNING:root:No partitioning rule specified, processing might be slow
begin cleaner{left: ({left: ("[FunctionalDependency:(s: {journal_abbreviation}, t: {journal_issn})]", 1.0), operator: *, right: (1.0, 1.0), result: 1.0}, 1.0), operator: +, right: ({left: ("[FunctionalDependency:(s: {journal_title}, t: {journal_issn})]", 1.0), operator: *, right: (1.0, 1.0), result: 1.0}, 1.0), result: 1.0}
列 'p' 不存在，对列 journal_issn 不过滤，直接选择所有非无效值。
clean_bool length:3
newest best op: Uniop(df,'journal_issn','1873-1465',(['journal_abbreviation'], {('Physiotherapy',)}),{left: ({left: ("[FunctionalDependency:(s: {journal_abbreviation}, t: {journal_issn})]", 0.0), operator: *, right: (1.0, 1.0), result: 0.0}, 0.0), operator: +, right: ({left: ("[FunctionalDependency:(s: {journal_title}, t: {journal_issn})]", 0.0), operator: *, right: (1.0, 1.0), result: 0.0}, 0.0), result: 0.0})
now error: 0.0
Block processing time: 0.015458 seconds
  当前节点: journal_issn 有 12 个清洗操作
['journal_issn']的清洗完成

本层累积的编辑规则数: 12
读入数据大小：1000
处理了 12 条规则，更新数据...
所有编辑规则已更新完成

处理第 1 层级, 包含节点: ['journal_abbreviation']
  跳过已清洗结束的节点: journal_abbreviation
['journal_abbreviation']的清洗完成

本层累积的编辑规则数: 0
本层没有可以进行的清洗操作，进行下一层

处理第 2 层级, 包含节点: ['journal_title']
  跳过已清洗结束的节点: journal_title
['journal_title']的清洗完成

本层累积的编辑规则数: 0
本层没有可以进行的清洗操作，进行下一层

处理第 3 层级, 包含节点: ['journal_issn']
  当前节点: journal_issn 存在可用清洗信号
数据块大小: 1000
分块属性:
[['journal_abbreviation'], ['journal_title']]
Grouping by ['journal_abbreviation'] yields 386 groups.
Grouping by ['journal_title'] yields 654 groups.
Current group product: 252444, Total rows: 1000
Removing attribute group ['journal_title'] with 654 groups.
Current group product: 386, Total rows: 1000
Final selected attributes for partitioning: [['journal_abbreviation']]
Removed attributes for potential later use: [['journal_title']]
Starting initial block mapping...
Initial number of blocks: 386
Final number of blocks after further splitting: 386
Computing Block 16 out of 386
Processing Block size=2
begin cleaner[FunctionalDependency:(s: {'journal_abbreviation'}, t: {'journal_issn'})]*1.0+[FunctionalDependency:(s: {'journal_title'}, t: {'journal_issn'})]*1.0
列 'p' 不存在，对列 journal_issn 不过滤，直接选择所有非无效值。
Block processing time: 0.011747 seconds
Computing Block 51 out of 386
Processing Block size=2
begin cleaner{left: ({left: ("[FunctionalDependency:(s: {journal_abbreviation}, t: {journal_issn})]", 0.0), operator: *, right: (1.0, 1.0), result: 0.0}, 0.0), operator: +, right: ({left: ("[FunctionalDependency:(s: {journal_title}, t: {journal_issn})]", 0.0), operator: *, right: (1.0, 1.0), result: 0.0}, 0.0), result: 0.0}
列 'p' 不存在，对列 journal_issn 不过滤，直接选择所有非无效值。
Block processing time: 0.011342 seconds
Computing Block 54 out of 386
Processing Block size=5
begin cleaner{left: ({left: ("[FunctionalDependency:(s: {journal_abbreviation}, t: {journal_issn})]", 0.0), operator: *, right: (1.0, 1.0), result: 0.0}, 0.0), operator: +, right: ({left: ("[FunctionalDependency:(s: {journal_title}, t: {journal_issn})]", 0.0), operator: *, right: (1.0, 1.0), result: 0.0}, 0.0), result: 0.0}
列 'p' 不存在，对列 journal_issn 不过滤，直接选择所有非无效值。
Block processing time: 0.027517 seconds
Computing Block 84 out of 386
Processing Block size=2
begin cleaner{left: ({left: ("[FunctionalDependency:(s: {journal_abbreviation}, t: {journal_issn})]", 0.0), operator: *, right: (1.0, 1.0), result: 0.0}, 0.0), operator: +, right: ({left: ("[FunctionalDependency:(s: {journal_title}, t: {journal_issn})]", 0.0), operator: *, right: (1.0, 1.0), result: 0.0}, 0.0), result: 0.0}
列 'p' 不存在，对列 journal_issn 不过滤，直接选择所有非无效值。
Block processing time: 0.011245 seconds
Computing Block 88 out of 386
Processing Block size=3
begin cleaner{left: ({left: ("[FunctionalDependency:(s: {journal_abbreviation}, t: {journal_issn})]", 0.0), operator: *, right: (1.0, 1.0), result: 0.0}, 0.0), operator: +, right: ({left: ("[FunctionalDependency:(s: {journal_title}, t: {journal_issn})]", 0.0), operator: *, right: (1.0, 1.0), result: 0.0}, 0.0), result: 0.0}
列 'p' 不存在，对列 journal_issn 不过滤，直接选择所有非无效值。
Block processing time: 0.016668 seconds
Computing Block 147 out of 386
Processing Block size=2
begin cleaner{left: ({left: ("[FunctionalDependency:(s: {journal_abbreviation}, t: {journal_issn})]", 0.0), operator: *, right: (1.0, 1.0), result: 0.0}, 0.0), operator: +, right: ({left: ("[FunctionalDependency:(s: {journal_title}, t: {journal_issn})]", 0.0), operator: *, right: (1.0, 1.0), result: 0.0}, 0.0), result: 0.0}
列 'p' 不存在，对列 journal_issn 不过滤，直接选择所有非无效值。
Block processing time: 0.011593 seconds
Computing Block 152 out of 386
Processing Block size=2
begin cleaner{left: ({left: ("[FunctionalDependency:(s: {journal_abbreviation}, t: {journal_issn})]", 0.0), operator: *, right: (1.0, 1.0), result: 0.0}, 0.0), operator: +, right: ({left: ("[FunctionalDependency:(s: {journal_title}, t: {journal_issn})]", 0.0), operator: *, right: (1.0, 1.0), result: 0.0}, 0.0), result: 0.0}
列 'p' 不存在，对列 journal_issn 不过滤，直接选择所有非无效值。
Block processing time: 0.011438 seconds
Computing Block 171 out of 386
Processing Block size=3
begin cleaner{left: ({left: ("[FunctionalDependency:(s: {journal_abbreviation}, t: {journal_issn})]", 0.0), operator: *, right: (1.0, 1.0), result: 0.0}, 0.0), operator: +, right: ({left: ("[FunctionalDependency:(s: {journal_title}, t: {journal_issn})]", 0.0), operator: *, right: (1.0, 1.0), result: 0.0}, 0.0), result: 0.0}
列 'p' 不存在，对列 journal_issn 不过滤，直接选择所有非无效值。
Block processing time: 0.016969 seconds
Computing Block 175 out of 386
Processing Block size=2
begin cleaner{left: ({left: ("[FunctionalDependency:(s: {journal_abbreviation}, t: {journal_issn})]", 0.0), operator: *, right: (1.0, 1.0), result: 0.0}, 0.0), operator: +, right: ({left: ("[FunctionalDependency:(s: {journal_title}, t: {journal_issn})]", 0.0), operator: *, right: (1.0, 1.0), result: 0.0}, 0.0), result: 0.0}
列 'p' 不存在，对列 journal_issn 不过滤，直接选择所有非无效值。
Block processing time: 0.011446 seconds
Computing Block 196 out of 386
Processing Block size=2
begin cleaner{left: ({left: ("[FunctionalDependency:(s: {journal_abbreviation}, t: {journal_issn})]", 0.0), operator: *, right: (1.0, 1.0), result: 0.0}, 0.0), operator: +, right: ({left: ("[FunctionalDependency:(s: {journal_title}, t: {journal_issn})]", 0.0), operator: *, right: (1.0, 1.0), result: 0.0}, 0.0), result: 0.0}
列 'p' 不存在，对列 journal_issn 不过滤，直接选择所有非无效值。
Block processing time: 0.011536 seconds
Computing Block 214 out of 386
Processing Block size=2
begin cleaner{left: ({left: ("[FunctionalDependency:(s: {journal_abbreviation}, t: {journal_issn})]", 0.0), operator: *, right: (1.0, 1.0), result: 0.0}, 0.0), operator: +, right: ({left: ("[FunctionalDependency:(s: {journal_title}, t: {journal_issn})]", 0.0), operator: *, right: (1.0, 1.0), result: 0.0}, 0.0), result: 0.0}
列 'p' 不存在，对列 journal_issn 不过滤，直接选择所有非无效值。
Block processing time: 0.011707 seconds
Computing Block 220 out of 386
Processing Block size=2
begin cleaner{left: ({left: ("[FunctionalDependency:(s: {journal_abbreviation}, t: {journal_issn})]", 0.0), operator: *, right: (1.0, 1.0), result: 0.0}, 0.0), operator: +, right: ({left: ("[FunctionalDependency:(s: {journal_title}, t: {journal_issn})]", 0.0), operator: *, right: (1.0, 1.0), result: 0.0}, 0.0), result: 0.0}
列 'p' 不存在，对列 journal_issn 不过滤，直接选择所有非无效值。
WARNING:root:No partitioning rule specified, processing might be slow
Block processing time: 0.011541 seconds
Computing Block 226 out of 386
Processing Block size=2
begin cleaner{left: ({left: ("[FunctionalDependency:(s: {journal_abbreviation}, t: {journal_issn})]", 0.0), operator: *, right: (1.0, 1.0), result: 0.0}, 0.0), operator: +, right: ({left: ("[FunctionalDependency:(s: {journal_title}, t: {journal_issn})]", 0.0), operator: *, right: (1.0, 1.0), result: 0.0}, 0.0), result: 0.0}
列 'p' 不存在，对列 journal_issn 不过滤，直接选择所有非无效值。
clean_bool length:2
newest best op: Uniop(df,'journal_issn','1930-7381',(['journal_abbreviation'], {('Obesity (Silver Spring)',)}),{left: ({left: ("[FunctionalDependency:(s: {journal_abbreviation}, t: {journal_issn})]", 0.0), operator: *, right: (1.0, 1.0), result: 0.0}, 0.0), operator: +, right: ({left: ("[FunctionalDependency:(s: {journal_title}, t: {journal_issn})]", 1.0), operator: *, right: (1.0, 1.0), result: 1.0}, 1.0), result: 0.5})
now error: 1.0
pruned: 1
UpdateCleanBool,purned:1
clean_bool length:1
Block processing time: 0.016118 seconds
Computing Block 243 out of 386
Processing Block size=2
begin cleaner{left: ({left: ("[FunctionalDependency:(s: {journal_abbreviation}, t: {journal_issn})]", 0.0), operator: *, right: (1.0, 1.0), result: 0.0}, 0.0), operator: +, right: ({left: ("[FunctionalDependency:(s: {journal_title}, t: {journal_issn})]", 1.0), operator: *, right: (1.0, 1.0), result: 1.0}, 1.0), result: 0.5}
列 'p' 不存在，对列 journal_issn 不过滤，直接选择所有非无效值。
Block processing time: 0.011411 seconds
Computing Block 257 out of 386
Processing Block size=2
begin cleaner{left: ({left: ("[FunctionalDependency:(s: {journal_abbreviation}, t: {journal_issn})]", 0.0), operator: *, right: (1.0, 1.0), result: 0.0}, 0.0), operator: +, right: ({left: ("[FunctionalDependency:(s: {journal_title}, t: {journal_issn})]", 0.0), operator: *, right: (1.0, 1.0), result: 0.0}, 0.0), result: 0.0}
列 'p' 不存在，对列 journal_issn 不过滤，直接选择所有非无效值。
Block processing time: 0.011351 seconds
Computing Block 268 out of 386
Processing Block size=2
begin cleaner{left: ({left: ("[FunctionalDependency:(s: {journal_abbreviation}, t: {journal_issn})]", 0.0), operator: *, right: (1.0, 1.0), result: 0.0}, 0.0), operator: +, right: ({left: ("[FunctionalDependency:(s: {journal_title}, t: {journal_issn})]", 0.0), operator: *, right: (1.0, 1.0), result: 0.0}, 0.0), result: 0.0}
列 'p' 不存在，对列 journal_issn 不过滤，直接选择所有非无效值。
Block processing time: 0.01126 seconds
Computing Block 290 out of 386
Processing Block size=2
begin cleaner{left: ({left: ("[FunctionalDependency:(s: {journal_abbreviation}, t: {journal_issn})]", 0.0), operator: *, right: (1.0, 1.0), result: 0.0}, 0.0), operator: +, right: ({left: ("[FunctionalDependency:(s: {journal_title}, t: {journal_issn})]", 0.0), operator: *, right: (1.0, 1.0), result: 0.0}, 0.0), result: 0.0}
列 'p' 不存在，对列 journal_issn 不过滤，直接选择所有非无效值。
Block processing time: 0.01126 seconds
Computing Block 317 out of 386
Processing Block size=3
begin cleaner{left: ({left: ("[FunctionalDependency:(s: {journal_abbreviation}, t: {journal_issn})]", 0.0), operator: *, right: (1.0, 1.0), result: 0.0}, 0.0), operator: +, right: ({left: ("[FunctionalDependency:(s: {journal_title}, t: {journal_issn})]", 0.0), operator: *, right: (1.0, 1.0), result: 0.0}, 0.0), result: 0.0}
列 'p' 不存在，对列 journal_issn 不过滤，直接选择所有非无效值。
Block processing time: 0.016807 seconds
Computing Block 331 out of 386
Processing Block size=2
begin cleaner{left: ({left: ("[FunctionalDependency:(s: {journal_abbreviation}, t: {journal_issn})]", 0.0), operator: *, right: (1.0, 1.0), result: 0.0}, 0.0), operator: +, right: ({left: ("[FunctionalDependency:(s: {journal_title}, t: {journal_issn})]", 0.0), operator: *, right: (1.0, 1.0), result: 0.0}, 0.0), result: 0.0}
列 'p' 不存在，对列 journal_issn 不过滤，直接选择所有非无效值。
Block processing time: 0.011327 seconds
Computing Block 336 out of 386
Processing Block size=2
begin cleaner{left: ({left: ("[FunctionalDependency:(s: {journal_abbreviation}, t: {journal_issn})]", 0.0), operator: *, right: (1.0, 1.0), result: 0.0}, 0.0), operator: +, right: ({left: ("[FunctionalDependency:(s: {journal_title}, t: {journal_issn})]", 0.0), operator: *, right: (1.0, 1.0), result: 0.0}, 0.0), result: 0.0}
列 'p' 不存在，对列 journal_issn 不过滤，直接选择所有非无效值。
Block processing time: 0.011219 seconds
Computing Block 361 out of 386
Processing Block size=2
begin cleaner{left: ({left: ("[FunctionalDependency:(s: {journal_abbreviation}, t: {journal_issn})]", 0.0), operator: *, right: (1.0, 1.0), result: 0.0}, 0.0), operator: +, right: ({left: ("[FunctionalDependency:(s: {journal_title}, t: {journal_issn})]", 0.0), operator: *, right: (1.0, 1.0), result: 0.0}, 0.0), result: 0.0}
列 'p' 不存在，对列 journal_issn 不过滤，直接选择所有非无效值。
Block processing time: 0.011224 seconds
Computing Block 362 out of 386
Processing Block size=2
begin cleaner{left: ({left: ("[FunctionalDependency:(s: {journal_abbreviation}, t: {journal_issn})]", 0.0), operator: *, right: (1.0, 1.0), result: 0.0}, 0.0), operator: +, right: ({left: ("[FunctionalDependency:(s: {journal_title}, t: {journal_issn})]", 0.0), operator: *, right: (1.0, 1.0), result: 0.0}, 0.0), result: 0.0}
列 'p' 不存在，对列 journal_issn 不过滤，直接选择所有非无效值。
Block processing time: 0.011274 seconds
Computing Block 381 out of 386
Processing Block size=2
begin cleaner{left: ({left: ("[FunctionalDependency:(s: {journal_abbreviation}, t: {journal_issn})]", 0.0), operator: *, right: (1.0, 1.0), result: 0.0}, 0.0), operator: +, right: ({left: ("[FunctionalDependency:(s: {journal_title}, t: {journal_issn})]", 0.0), operator: *, right: (1.0, 1.0), result: 0.0}, 0.0), result: 0.0}
列 'p' 不存在，对列 journal_issn 不过滤，直接选择所有非无效值。
Block processing time: 0.011232 seconds
Computing Block 382 out of 386
Processing Block size=2
begin cleaner{left: ({left: ("[FunctionalDependency:(s: {journal_abbreviation}, t: {journal_issn})]", 1.0), operator: *, right: (1.0, 1.0), result: 1.0}, 1.0), operator: +, right: ({left: ("[FunctionalDependency:(s: {journal_title}, t: {journal_issn})]", 1.0), operator: *, right: (1.0, 1.0), result: 1.0}, 1.0), result: 1.0}
列 'p' 不存在，对列 journal_issn 不过滤，直接选择所有非无效值。
Block processing time: 0.011177 seconds
  当前节点: journal_issn 有 1 个清洗操作
['journal_issn']的清洗完成

本层累积的编辑规则数: 1
读入数据大小：1000
处理了 1 条规则，更新数据...
所有编辑规则已更新完成

处理第 1 层级, 包含节点: ['journal_abbreviation']
  跳过已清洗结束的节点: journal_abbreviation
['journal_abbreviation']的清洗完成

本层累积的编辑规则数: 0
本层没有可以进行的清洗操作，进行下一层

处理第 2 层级, 包含节点: ['journal_title']
  跳过已清洗结束的节点: journal_title
['journal_title']的清洗完成

本层累积的编辑规则数: 0
本层没有可以进行的清洗操作，进行下一层

处理第 3 层级, 包含节点: ['journal_issn']
  当前节点: journal_issn 存在可用清洗信号
数据块大小: 1000
分块属性:
[['journal_abbreviation'], ['journal_title']]
Grouping by ['journal_abbreviation'] yields 386 groups.
Grouping by ['journal_title'] yields 654 groups.
Current group product: 252444, Total rows: 1000
Removing attribute group ['journal_title'] with 654 groups.
Current group product: 386, Total rows: 1000
Final selected attributes for partitioning: [['journal_abbreviation']]
Removed attributes for potential later use: [['journal_title']]
Starting initial block mapping...
Initial number of blocks: 386
Final number of blocks after further splitting: 386
Computing Block 16 out of 386
Processing Block size=2
begin cleaner[FunctionalDependency:(s: {'journal_abbreviation'}, t: {'journal_issn'})]*1.0+[FunctionalDependency:(s: {'journal_title'}, t: {'journal_issn'})]*1.0
列 'p' 不存在，对列 journal_issn 不过滤，直接选择所有非无效值。
Block processing time: 0.015254 seconds
Computing Block 51 out of 386
Processing Block size=2
begin cleaner{left: ({left: ("[FunctionalDependency:(s: {journal_abbreviation}, t: {journal_issn})]", 0.0), operator: *, right: (1.0, 1.0), result: 0.0}, 0.0), operator: +, right: ({left: ("[FunctionalDependency:(s: {journal_title}, t: {journal_issn})]", 0.0), operator: *, right: (1.0, 1.0), result: 0.0}, 0.0), result: 0.0}
列 'p' 不存在，对列 journal_issn 不过滤，直接选择所有非无效值。
Block processing time: 0.015078 seconds
Computing Block 54 out of 386
Processing Block size=5
begin cleaner{left: ({left: ("[FunctionalDependency:(s: {journal_abbreviation}, t: {journal_issn})]", 0.0), operator: *, right: (1.0, 1.0), result: 0.0}, 0.0), operator: +, right: ({left: ("[FunctionalDependency:(s: {journal_title}, t: {journal_issn})]", 0.0), operator: *, right: (1.0, 1.0), result: 0.0}, 0.0), result: 0.0}
列 'p' 不存在，对列 journal_issn 不过滤，直接选择所有非无效值。
Block processing time: 0.036543 seconds
Computing Block 84 out of 386
Processing Block size=2
begin cleaner{left: ({left: ("[FunctionalDependency:(s: {journal_abbreviation}, t: {journal_issn})]", 0.0), operator: *, right: (1.0, 1.0), result: 0.0}, 0.0), operator: +, right: ({left: ("[FunctionalDependency:(s: {journal_title}, t: {journal_issn})]", 0.0), operator: *, right: (1.0, 1.0), result: 0.0}, 0.0), result: 0.0}
列 'p' 不存在，对列 journal_issn 不过滤，直接选择所有非无效值。
Block processing time: 0.015224 seconds
Computing Block 88 out of 386
Processing Block size=3
begin cleaner{left: ({left: ("[FunctionalDependency:(s: {journal_abbreviation}, t: {journal_issn})]", 0.0), operator: *, right: (1.0, 1.0), result: 0.0}, 0.0), operator: +, right: ({left: ("[FunctionalDependency:(s: {journal_title}, t: {journal_issn})]", 0.0), operator: *, right: (1.0, 1.0), result: 0.0}, 0.0), result: 0.0}
列 'p' 不存在，对列 journal_issn 不过滤，直接选择所有非无效值。
Block processing time: 0.022593 seconds
Computing Block 147 out of 386
Processing Block size=2
begin cleaner{left: ({left: ("[FunctionalDependency:(s: {journal_abbreviation}, t: {journal_issn})]", 0.0), operator: *, right: (1.0, 1.0), result: 0.0}, 0.0), operator: +, right: ({left: ("[FunctionalDependency:(s: {journal_title}, t: {journal_issn})]", 0.0), operator: *, right: (1.0, 1.0), result: 0.0}, 0.0), result: 0.0}
列 'p' 不存在，对列 journal_issn 不过滤，直接选择所有非无效值。
Block processing time: 0.014003 seconds
Computing Block 152 out of 386
Processing Block size=2
begin cleaner{left: ({left: ("[FunctionalDependency:(s: {journal_abbreviation}, t: {journal_issn})]", 0.0), operator: *, right: (1.0, 1.0), result: 0.0}, 0.0), operator: +, right: ({left: ("[FunctionalDependency:(s: {journal_title}, t: {journal_issn})]", 0.0), operator: *, right: (1.0, 1.0), result: 0.0}, 0.0), result: 0.0}
列 'p' 不存在，对列 journal_issn 不过滤，直接选择所有非无效值。
Block processing time: 0.013943 seconds
Computing Block 171 out of 386
Processing Block size=3
begin cleaner{left: ({left: ("[FunctionalDependency:(s: {journal_abbreviation}, t: {journal_issn})]", 0.0), operator: *, right: (1.0, 1.0), result: 0.0}, 0.0), operator: +, right: ({left: ("[FunctionalDependency:(s: {journal_title}, t: {journal_issn})]", 0.0), operator: *, right: (1.0, 1.0), result: 0.0}, 0.0), result: 0.0}
列 'p' 不存在，对列 journal_issn 不过滤，直接选择所有非无效值。
Block processing time: 0.020917 seconds
Computing Block 175 out of 386
Processing Block size=2
begin cleaner{left: ({left: ("[FunctionalDependency:(s: {journal_abbreviation}, t: {journal_issn})]", 0.0), operator: *, right: (1.0, 1.0), result: 0.0}, 0.0), operator: +, right: ({left: ("[FunctionalDependency:(s: {journal_title}, t: {journal_issn})]", 0.0), operator: *, right: (1.0, 1.0), result: 0.0}, 0.0), result: 0.0}
列 'p' 不存在，对列 journal_issn 不过滤，直接选择所有非无效值。
Block processing time: 0.014174 seconds
Computing Block 196 out of 386
Processing Block size=2
begin cleaner{left: ({left: ("[FunctionalDependency:(s: {journal_abbreviation}, t: {journal_issn})]", 0.0), operator: *, right: (1.0, 1.0), result: 0.0}, 0.0), operator: +, right: ({left: ("[FunctionalDependency:(s: {journal_title}, t: {journal_issn})]", 0.0), operator: *, right: (1.0, 1.0), result: 0.0}, 0.0), result: 0.0}
列 'p' 不存在，对列 journal_issn 不过滤，直接选择所有非无效值。
Block processing time: 0.014193 seconds
Computing Block 214 out of 386
Processing Block size=2
begin cleaner{left: ({left: ("[FunctionalDependency:(s: {journal_abbreviation}, t: {journal_issn})]", 0.0), operator: *, right: (1.0, 1.0), result: 0.0}, 0.0), operator: +, right: ({left: ("[FunctionalDependency:(s: {journal_title}, t: {journal_issn})]", 0.0), operator: *, right: (1.0, 1.0), result: 0.0}, 0.0), result: 0.0}
列 'p' 不存在，对列 journal_issn 不过滤，直接选择所有非无效值。
Block processing time: 0.014199 seconds
Computing Block 220 out of 386
Processing Block size=2
begin cleaner{left: ({left: ("[FunctionalDependency:(s: {journal_abbreviation}, t: {journal_issn})]", 0.0), operator: *, right: (1.0, 1.0), result: 0.0}, 0.0), operator: +, right: ({left: ("[FunctionalDependency:(s: {journal_title}, t: {journal_issn})]", 0.0), operator: *, right: (1.0, 1.0), result: 0.0}, 0.0), result: 0.0}
列 'p' 不存在，对列 journal_issn 不过滤，直接选择所有非无效值。
Block processing time: 0.014116 seconds
Computing Block 226 out of 386
Processing Block size=2
begin cleaner{left: ({left: ("[FunctionalDependency:(s: {journal_abbreviation}, t: {journal_issn})]", 0.0), operator: *, right: (1.0, 1.0), result: 0.0}, 0.0), operator: +, right: ({left: ("[FunctionalDependency:(s: {journal_title}, t: {journal_issn})]", 0.0), operator: *, right: (1.0, 1.0), result: 0.0}, 0.0), result: 0.0}
列 'p' 不存在，对列 journal_issn 不过滤，直接选择所有非无效值。
clean_bool length:2
newest best op: Uniop(df,'journal_issn','1930-7381',(['journal_abbreviation'], {('Obesity (Silver Spring)',)}),{left: ({left: ("[FunctionalDependency:(s: {journal_abbreviation}, t: {journal_issn})]", 0.0), operator: *, right: (1.0, 1.0), result: 0.0}, 0.0), operator: +, right: ({left: ("[FunctionalDependency:(s: {journal_title}, t: {journal_issn})]", 1.0), operator: *, right: (1.0, 1.0), result: 1.0}, 1.0), result: 0.5})
now error: 1.0
pruned: 1
UpdateCleanBool,purned:1
clean_bool length:1
Block processing time: 0.01876 seconds
Computing Block 243 out of 386
Processing Block size=2
begin cleaner{left: ({left: ("[FunctionalDependency:(s: {journal_abbreviation}, t: {journal_issn})]", 0.0), operator: *, right: (1.0, 1.0), result: 0.0}, 0.0), operator: +, right: ({left: ("[FunctionalDependency:(s: {journal_title}, t: {journal_issn})]", 1.0), operator: *, right: (1.0, 1.0), result: 1.0}, 1.0), result: 0.5}
列 'p' 不存在，对列 journal_issn 不过滤，直接选择所有非无效值。
Block processing time: 0.014196 seconds
Computing Block 257 out of 386
Processing Block size=2
begin cleaner{left: ({left: ("[FunctionalDependency:(s: {journal_abbreviation}, t: {journal_issn})]", 0.0), operator: *, right: (1.0, 1.0), result: 0.0}, 0.0), operator: +, right: ({left: ("[FunctionalDependency:(s: {journal_title}, t: {journal_issn})]", 0.0), operator: *, right: (1.0, 1.0), result: 0.0}, 0.0), result: 0.0}
列 'p' 不存在，对列 journal_issn 不过滤，直接选择所有非无效值。
Block processing time: 0.014236 seconds
Computing Block 268 out of 386
Processing Block size=2
begin cleaner{left: ({left: ("[FunctionalDependency:(s: {journal_abbreviation}, t: {journal_issn})]", 0.0), operator: *, right: (1.0, 1.0), result: 0.0}, 0.0), operator: +, right: ({left: ("[FunctionalDependency:(s: {journal_title}, t: {journal_issn})]", 0.0), operator: *, right: (1.0, 1.0), result: 0.0}, 0.0), result: 0.0}
列 'p' 不存在，对列 journal_issn 不过滤，直接选择所有非无效值。
Block processing time: 0.014103 seconds
Computing Block 290 out of 386
Processing Block size=2
begin cleaner{left: ({left: ("[FunctionalDependency:(s: {journal_abbreviation}, t: {journal_issn})]", 0.0), operator: *, right: (1.0, 1.0), result: 0.0}, 0.0), operator: +, right: ({left: ("[FunctionalDependency:(s: {journal_title}, t: {journal_issn})]", 0.0), operator: *, right: (1.0, 1.0), result: 0.0}, 0.0), result: 0.0}
列 'p' 不存在，对列 journal_issn 不过滤，直接选择所有非无效值。
Block processing time: 0.014154 seconds
Computing Block 317 out of 386
Processing Block size=3
begin cleaner{left: ({left: ("[FunctionalDependency:(s: {journal_abbreviation}, t: {journal_issn})]", 0.0), operator: *, right: (1.0, 1.0), result: 0.0}, 0.0), operator: +, right: ({left: ("[FunctionalDependency:(s: {journal_title}, t: {journal_issn})]", 0.0), operator: *, right: (1.0, 1.0), result: 0.0}, 0.0), result: 0.0}
列 'p' 不存在，对列 journal_issn 不过滤，直接选择所有非无效值。
Block processing time: 0.076135 seconds
Computing Block 331 out of 386
Processing Block size=2
begin cleaner{left: ({left: ("[FunctionalDependency:(s: {journal_abbreviation}, t: {journal_issn})]", 0.0), operator: *, right: (1.0, 1.0), result: 0.0}, 0.0), operator: +, right: ({left: ("[FunctionalDependency:(s: {journal_title}, t: {journal_issn})]", 0.0), operator: *, right: (1.0, 1.0), result: 0.0}, 0.0), result: 0.0}
列 'p' 不存在，对列 journal_issn 不过滤，直接选择所有非无效值。
Block processing time: 0.014116 seconds
Computing Block 336 out of 386
Processing Block size=2
begin cleaner{left: ({left: ("[FunctionalDependency:(s: {journal_abbreviation}, t: {journal_issn})]", 0.0), operator: *, right: (1.0, 1.0), result: 0.0}, 0.0), operator: +, right: ({left: ("[FunctionalDependency:(s: {journal_title}, t: {journal_issn})]", 0.0), operator: *, right: (1.0, 1.0), result: 0.0}, 0.0), result: 0.0}
列 'p' 不存在，对列 journal_issn 不过滤，直接选择所有非无效值。
Block processing time: 0.014022 seconds
Computing Block 361 out of 386
Processing Block size=2
begin cleaner{left: ({left: ("[FunctionalDependency:(s: {journal_abbreviation}, t: {journal_issn})]", 0.0), operator: *, right: (1.0, 1.0), result: 0.0}, 0.0), operator: +, right: ({left: ("[FunctionalDependency:(s: {journal_title}, t: {journal_issn})]", 0.0), operator: *, right: (1.0, 1.0), result: 0.0}, 0.0), result: 0.0}
列 'p' 不存在，对列 journal_issn 不过滤，直接选择所有非无效值。
Block processing time: 0.014025 seconds
Computing Block 362 out of 386
Processing Block size=2
begin cleaner{left: ({left: ("[FunctionalDependency:(s: {journal_abbreviation}, t: {journal_issn})]", 0.0), operator: *, right: (1.0, 1.0), result: 0.0}, 0.0), operator: +, right: ({left: ("[FunctionalDependency:(s: {journal_title}, t: {journal_issn})]", 0.0), operator: *, right: (1.0, 1.0), result: 0.0}, 0.0), result: 0.0}
列 'p' 不存在，对列 journal_issn 不过滤，直接选择所有非无效值。
Block processing time: 0.014022 seconds
Computing Block 381 out of 386
Processing Block size=2
begin cleaner{left: ({left: ("[FunctionalDependency:(s: {journal_abbreviation}, t: {journal_issn})]", 0.0), operator: *, right: (1.0, 1.0), result: 0.0}, 0.0), operator: +, right: ({left: ("[FunctionalDependency:(s: {journal_title}, t: {journal_issn})]", 0.0), operator: *, right: (1.0, 1.0), result: 0.0}, 0.0), result: 0.0}
列 'p' 不存在，对列 journal_issn 不过滤，直接选择所有非无效值。
Block processing time: 0.014125 seconds
Computing Block 382 out of 386
Processing Block size=2
begin cleaner{left: ({left: ("[FunctionalDependency:(s: {journal_abbreviation}, t: {journal_issn})]", 1.0), operator: *, right: (1.0, 1.0), result: 1.0}, 1.0), operator: +, right: ({left: ("[FunctionalDependency:(s: {journal_title}, t: {journal_issn})]", 1.0), operator: *, right: (1.0, 1.0), result: 1.0}, 1.0), result: 1.0}
列 'p' 不存在，对列 journal_issn 不过滤，直接选择所有非无效值。
Block processing time: 0.014395 seconds
  当前节点: journal_issn 有 1 个清洗操作
['journal_issn']的清洗完成

本层累积的编辑规则数: 1
读入数据大小：1000
处理了 1 条规则，更新数据...
所有编辑规则已更新完成

处理第 1 层级, 包含节点: ['journal_abbreviation']
  跳过已清洗结束的节点: journal_abbreviation
['journal_abbreviation']的清洗完成

本层累积的编辑规则数: 0
本层没有可以进行的清洗操作，进行下一层

处理第 2 层级, 包含节点: ['journal_title']
  跳过已清洗结束的节点: journal_title
['journal_title']的清洗完成

本层累积的编辑规则数: 0
本层没有可以进行的清洗操作，进行下一层

处理第 3 层级, 包含节点: ['journal_issn']
  当前节点 journal_issn 清洗次数超过限制，标记为完成
['journal_issn']的清洗完成

本层累积的编辑规则数: 0
本层没有可以进行的清洗操作，进行下一层

清洗规则溯源分析:

处理第 1 层级, 包含节点: ['journal_abbreviation']

处理第 2 层级, 包含节点: ['journal_title']

处理第 3 层级, 包含节点: ['journal_issn']

清洗流程展示:
关联图存储到: TestDataset/result/train/rayyan/rayyan_14/acplt.png
清洗总执行时间: 7.2115 秒
清洗结果已保存到: TestDataset/result/train/rayyan/rayyan_14/rayyan_14Cleaned.csv
测评性能开始：
没有指定错误比例，仅进行原数据集的空值替换，不添加错误
已将注入错误的文件保存到: TestDataset/result/train/rayyan/rayyan_14/rayyan_14Cleaned.csv
差异文件已保存到:
TestDataset/result/train/rayyan/rayyan_14/rayyan_14_clean_vs_dirty.csv
TestDataset/result/train/rayyan/rayyan_14/rayyan_14_dirty_vs_cleaned.csv
TestDataset/result/train/rayyan/rayyan_14/rayyan_14_clean_vs_cleaned.csv
修复错误数据文件已保存到: TestDataset/result/train/rayyan/rayyan_14/rayyan_14_repair_errors.csv
未修复但是应该修复数据文件已保存到: TestDataset/result/train/rayyan/rayyan_14/rayyan_14_unrepaired.csv
修复准确率: 0.53125, 修复召回率: 0.007368877329865626, F1值: 0.014536126547108832
========================================
EDR 结果已保存到: TestDataset/result/train/rayyan/rayyan_14/rayyan_14_edr_evaluation.txt
错误减少率 (EDR): 0.003034243606415258
========================================
混合距离结果已保存到: TestDataset/result/train/rayyan/rayyan_14/rayyan_14_hybrid_distance_evaluation.txt
混合距离 (Hybrid Distance): 0.23172288412016184
========================================
R-EDR 结果已保存到: TestDataset/result/train/rayyan/rayyan_14/rayyan_14_record_based_edr_evaluation.txt
基于条目的错误减少率 (R-EDR): 0.0
========================================
测试结果:
Accuracy: 0.53125
Recall: 0.007368877329865626
F1 Score: 0.014536126547108832
EDR: 0.003034243606415258
Hybrid Distance: 0.23172288412016184
R-EDR: 0.0
time(s): 7.211549500000001
speed: 0.7211549500000001 seconds/100num
测评结束，详细测评日志见：TestDataset/result/train/rayyan/rayyan_14
