26/04/29 16:37:35 WARN Utils: Your hostname, qianzekaideMacBook-Air.local resolves to a loopback address: 127.0.0.1; using 192.168.3.1 instead (on interface bridge0)
26/04/29 16:37:35 WARN Utils: Set SPARK_LOCAL_IP if you need to bind to another address
26/04/29 16:37:35 WARN NativeCodeLoader: Unable to load native-hadoop library for your platform... using builtin-java classes where applicable
Using Spark's default log4j profile: org/apache/spark/log4j-defaults.properties
Setting default log level to "WARN".
To adjust logging level use sc.setLogLevel(newLevel). For SparkR, use setLogLevel(newLevel).
WARNING:root:No partitioning rule specified, processing might be slow
WARNING:root:No partitioning rule specified, processing might be slow
WARNING:root:No partitioning rule specified, processing might be slow
WARNING:root:No partitioning rule specified, processing might be slow
WARNING:root:No partitioning rule specified, processing might be slow
初始化清洗器和分析依赖关系...
处理单属性清洗算子：
处理单属性清洗算子：[Outlier:(domain=article_title, outliers= set())]
开始清洗属性 article_title 的数据
属性 article_title 的数据大小: 1000
属性 article_title 没有可应用的清洗规则。
处理单属性清洗算子：[Outlier:(domain=journal_title, outliers= set())]
开始清洗属性 journal_title 的数据
属性 journal_title 的数据大小: 734
属性 journal_title 没有可应用的清洗规则。
处理单属性清洗算子：[Outlier:(domain=author_list, outliers= set())]
开始清洗属性 author_list 的数据
属性 author_list 的数据大小: 947
属性 author_list 没有可应用的清洗规则。
处理单属性清洗算子：[Date:(domain=article_pagination，format = %b-%y)]
开始清洗属性 article_pagination 的数据
属性 article_pagination 的数据大小: 883
属性 article_pagination 没有可应用的清洗规则。
执行层级和目标模型分类...
执行层级 (并行组): [[{'journal_abbreviation'}], [{'journal_title'}], [{'journal_issn'}]]
目标模型分类: {'journal_title': [<SampleScrubber.cleaner.multiple.AttrRelation object at 0x14d70ff40>], 'journal_issn': [<SampleScrubber.cleaner.multiple.AttrRelation object at 0x14d70fe80>, <SampleScrubber.cleaner.multiple.AttrRelation object at 0x14d70fe20>]}

处理第 1 层级, 包含节点: ['journal_abbreviation']
  当前节点: journal_abbreviation 无可用清洗信号
  当前节点: journal_abbreviation 无清洗操作
['journal_abbreviation']的清洗完成

本层累积的编辑规则数: 0
本层没有可以进行的清洗操作，进行下一层

处理第 2 层级, 包含节点: ['journal_title']
  当前节点: journal_title 存在可用清洗信号
数据块大小: 1000
分块属性:
[['journal_abbreviation']]
Starting initial block mapping...
Initial number of blocks: 431
Final number of blocks after further splitting: 431
Computing Block 17 out of 431
Processing Block size=2
begin cleaner[FunctionalDependency:(s: {'journal_abbreviation'}, t: {'journal_title'})]*1.0
列 'p' 不存在，对列 journal_title 不过滤，直接选择所有非无效值。
Block processing time: 0.002584 seconds
Computing Block 46 out of 431
Processing Block size=2
begin cleaner{left: ("[FunctionalDependency:(s: {journal_abbreviation}, t: {journal_title})]", 0.0), operator: *, right: (1.0, 1.0), result: 0.0}
列 'p' 不存在，对列 journal_title 不过滤，直接选择所有非无效值。
Block processing time: 0.002272 seconds
Computing Block 51 out of 431
Processing Block size=2
begin cleaner{left: ("[FunctionalDependency:(s: {journal_abbreviation}, t: {journal_title})]", 0.0), operator: *, right: (1.0, 1.0), result: 0.0}
列 'p' 不存在，对列 journal_title 不过滤，直接选择所有非无效值。
Block processing time: 0.002241 seconds
Computing Block 83 out of 431
Processing Block size=2
begin cleaner{left: ("[FunctionalDependency:(s: {journal_abbreviation}, t: {journal_title})]", 0.0), operator: *, right: (1.0, 1.0), result: 0.0}
列 'p' 不存在，对列 journal_title 不过滤，直接选择所有非无效值。
clean_bool length:3
newest best op: Uniop(df,'journal_title','European Journal Of Anaesthesiology',(['journal_abbreviation'], {('Eur J Anaesthesiol',)}),{left: ("[FunctionalDependency:(s: {journal_abbreviation}, t: {journal_title})]", 0.0), operator: *, right: (1.0, 1.0), result: 0.0})
now error: 0.0
Block processing time: 0.009253 seconds
Computing Block 88 out of 431
Processing Block size=3
begin cleaner{left: ("[FunctionalDependency:(s: {journal_abbreviation}, t: {journal_title})]", 0.0), operator: *, right: (1.0, 1.0), result: 0.0}
列 'p' 不存在，对列 journal_title 不过滤，直接选择所有非无效值。
Block processing time: 0.003621 seconds
Computing Block 103 out of 431
Processing Block size=2
begin cleaner{left: ("[FunctionalDependency:(s: {journal_abbreviation}, t: {journal_title})]", 0.0), operator: *, right: (1.0, 1.0), result: 0.0}
列 'p' 不存在，对列 journal_title 不过滤，直接选择所有非无效值。
clean_bool length:3
newest best op: Uniop(df,'journal_title','Psycho-oncology',(['journal_abbreviation'], {('Psychooncology',)}),{left: ("[FunctionalDependency:(s: {journal_abbreviation}, t: {journal_title})]", 0.0), operator: *, right: (1.0, 1.0), result: 0.0})
now error: 0.0
Block processing time: 0.008324 seconds
Computing Block 115 out of 431
Processing Block size=2
begin cleaner{left: ("[FunctionalDependency:(s: {journal_abbreviation}, t: {journal_title})]", 0.0), operator: *, right: (1.0, 1.0), result: 0.0}
列 'p' 不存在，对列 journal_title 不过滤，直接选择所有非无效值。
clean_bool length:3
newest best op: Uniop(df,'journal_title','$Cancer chemotherapy a$nd pharmacology',(['journal_abbreviation'], {('Cancer Chemother. Pharmacol.',)}),{left: ("[FunctionalDependency:(s: {journal_abbreviation}, t: {journal_title})]", 0.0), operator: *, right: (1.0, 1.0), result: 0.0})
now error: 0.0
Block processing time: 0.009017 seconds
Computing Block 154 out of 431
Processing Block size=2
begin cleaner{left: ("[FunctionalDependency:(s: {journal_abbreviation}, t: {journal_title})]", 0.0), operator: *, right: (1.0, 1.0), result: 0.0}
列 'p' 不存在，对列 journal_title 不过滤，直接选择所有非无效值。
clean_bool length:3
newest best op: Uniop(df,'journal_title','Tumour biology : the j#ournal of %the International Society for Oncodevelopmental Biology and Medicine',(['journal_abbreviation'], {('Tumour Biol.',)}),{left: ("[FunctionalDependency:(s: {journal_abbreviation}, t: {journal_title})]", 0.0), operator: *, right: (1.0, 1.0), result: 0.0})
now error: 0.0
Block processing time: 0.014177 seconds
Computing Block 160 out of 431
Processing Block size=2
begin cleaner{left: ("[FunctionalDependency:(s: {journal_abbreviation}, t: {journal_title})]", 0.0), operator: *, right: (1.0, 1.0), result: 0.0}
列 'p' 不存在，对列 journal_title 不过滤，直接选择所有非无效值。
Block processing time: 0.002406 seconds
Computing Block 201 out of 431
Processing Block size=2
begin cleaner{left: ("[FunctionalDependency:(s: {journal_abbreviation}, t: {journal_title})]", 0.0), operator: *, right: (1.0, 1.0), result: 0.0}
列 'p' 不存在，对列 journal_title 不过滤，直接选择所有非无效值。
Block processing time: 0.002663 seconds
Computing Block 233 out of 431
Processing Block size=2
begin cleaner{left: ("[FunctionalDependency:(s: {journal_abbreviation}, t: {journal_title})]", 0.0), operator: *, right: (1.0, 1.0), result: 0.0}
列 'p' 不存在，对列 journal_title 不过滤，直接选择所有非无效值。
clean_bool length:3
newest best op: Uniop(df,'journal_title','B$ioMed research international',(['journal_abbreviation'], {('Biomed Res Int',)}),{left: ("[FunctionalDependency:(s: {journal_abbreviation}, t: {journal_title})]", 0.0), operator: *, right: (1.0, 1.0), result: 0.0})
now error: 0.0
Block processing time: 0.009616 seconds
Computing Block 244 out of 431
Processing Block size=2
begin cleaner{left: ("[FunctionalDependency:(s: {journal_abbreviation}, t: {journal_title})]", 0.0), operator: *, right: (1.0, 1.0), result: 0.0}
列 'p' 不存在，对列 journal_title 不过滤，直接选择所有非无效值。
Block processing time: 0.002579 seconds
Computing Block 250 out of 431
Processing Block size=2
begin cleaner{left: ("[FunctionalDependency:(s: {journal_abbreviation}, t: {journal_title})]", 0.0), operator: *, right: (1.0, 1.0), result: 0.0}
列 'p' 不存在，对列 journal_title 不过滤，直接选择所有非无效值。
clean_bool length:3
newest best op: Uniop(df,'journal_title','International jo@@urn??al of obesity (2005)',(['journal_abbreviation'], {('Int J Obes (Lond)',)}),{left: ("[FunctionalDependency:(s: {journal_abbreviation}, t: {journal_title})]", 0.0), operator: *, right: (1.0, 1.0), result: 0.0})
now error: 0.0
Block processing time: 0.008893 seconds
Computing Block 260 out of 431
Processing Block size=2
WARNING:root:No partitioning rule specified, processing might be slow
begin cleaner{left: ("[FunctionalDependency:(s: {journal_abbreviation}, t: {journal_title})]", 0.0), operator: *, right: (1.0, 1.0), result: 0.0}
列 'p' 不存在，对列 journal_title 不过滤，直接选择所有非无效值。
Block processing time: 0.002357 seconds
Computing Block 263 out of 431
Processing Block size=2
begin cleaner{left: ("[FunctionalDependency:(s: {journal_abbreviation}, t: {journal_title})]", 0.0), operator: *, right: (1.0, 1.0), result: 0.0}
列 'p' 不存在，对列 journal_title 不过滤，直接选择所有非无效值。
clean_bool length:3
newest best op: Uniop(df,'journal_title','The European respiratory journal',(['journal_abbreviation'], {('Eur. Respir. J.',)}),{left: ("[FunctionalDependency:(s: {journal_abbreviation}, t: {journal_title})]", 0.0), operator: *, right: (1.0, 1.0), result: 0.0})
now error: 0.0
Block processing time: 0.008342 seconds
Computing Block 278 out of 431
Processing Block size=3
begin cleaner{left: ("[FunctionalDependency:(s: {journal_abbreviation}, t: {journal_title})]", 0.0), operator: *, right: (1.0, 1.0), result: 0.0}
列 'p' 不存在，对列 journal_title 不过滤，直接选择所有非无效值。
Block processing time: 0.003297 seconds
Computing Block 282 out of 431
Processing Block size=2
begin cleaner{left: ("[FunctionalDependency:(s: {journal_abbreviation}, t: {journal_title})]", 0.0), operator: *, right: (1.0, 1.0), result: 0.0}
列 'p' 不存在，对列 journal_title 不过滤，直接选择所有非无效值。
Block processing time: 0.002305 seconds
Computing Block 285 out of 431
Processing Block size=2
begin cleaner{left: ("[FunctionalDependency:(s: {journal_abbreviation}, t: {journal_title})]", 0.0), operator: *, right: (1.0, 1.0), result: 0.0}
列 'p' 不存在，对列 journal_title 不过滤，直接选择所有非无效值。
Block processing time: 0.002203 seconds
Computing Block 293 out of 431
Processing Block size=2
begin cleaner{left: ("[FunctionalDependency:(s: {journal_abbreviation}, t: {journal_title})]", 0.0), operator: *, right: (1.0, 1.0), result: 0.0}
列 'p' 不存在，对列 journal_title 不过滤，直接选择所有非无效值。
clean_bool length:3
newest best op: Uniop(df,'journal_title','Endocrinology',(['journal_abbreviation'], {('Endocrinology',)}),{left: ("[FunctionalDependency:(s: {journal_abbreviation}, t: {journal_title})]", 0.0), operator: *, right: (1.0, 1.0), result: 0.0})
now error: 0.0
Block processing time: 0.007869 seconds
Computing Block 314 out of 431
Processing Block size=2
begin cleaner{left: ("[FunctionalDependency:(s: {journal_abbreviation}, t: {journal_title})]", 0.0), operator: *, right: (1.0, 1.0), result: 0.0}
列 'p' 不存在，对列 journal_title 不过滤，直接选择所有非无效值。
Block processing time: 0.002256 seconds
Computing Block 333 out of 431
Processing Block size=2
begin cleaner{left: ("[FunctionalDependency:(s: {journal_abbreviation}, t: {journal_title})]", 0.0), operator: *, right: (1.0, 1.0), result: 0.0}
列 'p' 不存在，对列 journal_title 不过滤，直接选择所有非无效值。
Block processing time: 0.002234 seconds
Computing Block 352 out of 431
Processing Block size=3
begin cleaner{left: ("[FunctionalDependency:(s: {journal_abbreviation}, t: {journal_title})]", 0.0), operator: *, right: (1.0, 1.0), result: 0.0}
列 'p' 不存在，对列 journal_title 不过滤，直接选择所有非无效值。
Block processing time: 0.003244 seconds
Computing Block 354 out of 431
Processing Block size=3
begin cleaner{left: ("[FunctionalDependency:(s: {journal_abbreviation}, t: {journal_title})]", 0.0), operator: *, right: (1.0, 1.0), result: 0.0}
列 'p' 不存在，对列 journal_title 不过滤，直接选择所有非无效值。
Block processing time: 0.003221 seconds
Computing Block 369 out of 431
Processing Block size=2
begin cleaner{left: ("[FunctionalDependency:(s: {journal_abbreviation}, t: {journal_title})]", 0.0), operator: *, right: (1.0, 1.0), result: 0.0}
列 'p' 不存在，对列 journal_title 不过滤，直接选择所有非无效值。
Block processing time: 0.002203 seconds
Computing Block 371 out of 431
Processing Block size=6
begin cleaner{left: ("[FunctionalDependency:(s: {journal_abbreviation}, t: {journal_title})]", 0.0), operator: *, right: (1.0, 1.0), result: 0.0}
列 'p' 不存在，对列 journal_title 不过滤，直接选择所有非无效值。
clean_bool length:3
newest best op: Uniop(df,'journal_title','PLoS One',(['journal_abbreviation'], {('PloS one',)}),{left: ("[FunctionalDependency:(s: {journal_abbreviation}, t: {journal_title})]", 0.0), operator: *, right: (1.0, 1.0), result: 0.0})
now error: 0.0
Block processing time: 0.019785 seconds
Computing Block 394 out of 431
Processing Block size=2
begin cleaner{left: ("[FunctionalDependency:(s: {journal_abbreviation}, t: {journal_title})]", 0.0), operator: *, right: (1.0, 1.0), result: 0.0}
列 'p' 不存在，对列 journal_title 不过滤，直接选择所有非无效值。
clean_bool length:3
newest best op: Uniop(df,'journal_title','Nephrology dialysis tr@@ansplantation : official publication of the European Dialysis and Transplant Association - European Renal Association',(['journal_abbreviation'], {('Nephrol. Dial. Transplant.',)}),{left: ("[FunctionalDependency:(s: {journal_abbreviation}, t: {journal_title})]", 0.0), operator: *, right: (1.0, 1.0), result: 0.0})
now error: 0.0
Block processing time: 0.018286 seconds
Computing Block 401 out of 431
Processing Block size=2
begin cleaner{left: ("[FunctionalDependency:(s: {journal_abbreviation}, t: {journal_title})]", 0.0), operator: *, right: (1.0, 1.0), result: 0.0}
列 'p' 不存在，对列 journal_title 不过滤，直接选择所有非无效值。
Block processing time: 0.002208 seconds
Computing Block 422 out of 431
Processing Block size=2
begin cleaner{left: ("[FunctionalDependency:(s: {journal_abbreviation}, t: {journal_title})]", 0.0), operator: *, right: (1.0, 1.0), result: 0.0}
列 'p' 不存在，对列 journal_title 不过滤，直接选择所有非无效值。
Block processing time: 0.002186 seconds
Computing Block 424 out of 431
Processing Block size=2
begin cleaner{left: ("[FunctionalDependency:(s: {journal_abbreviation}, t: {journal_title})]", 0.0), operator: *, right: (1.0, 1.0), result: 0.0}
列 'p' 不存在，对列 journal_title 不过滤，直接选择所有非无效值。
Block processing time: 0.002385 seconds
Computing Block 427 out of 431
Processing Block size=2
begin cleaner{left: ("[FunctionalDependency:(s: {journal_abbreviation}, t: {journal_title})]", 0.0), operator: *, right: (1.0, 1.0), result: 0.0}
列 'p' 不存在，对列 journal_title 不过滤，直接选择所有非无效值。
Block processing time: 0.002232 seconds
Computing Block 431 out of 431
Processing Block size=3
begin cleaner{left: ("[FunctionalDependency:(s: {journal_abbreviation}, t: {journal_title})]", 0.0), operator: *, right: (1.0, 1.0), result: 0.0}
列 'p' 不存在，对列 journal_title 不过滤，直接选择所有非无效值。
Block processing time: 0.00316 seconds
  当前节点: journal_title 有 10 个清洗操作
['journal_title']的清洗完成

本层累积的编辑规则数: 10
读入数据大小：1000
处理了 10 条规则，更新数据...
所有编辑规则已更新完成

处理第 1 层级, 包含节点: ['journal_abbreviation']
  跳过已清洗结束的节点: journal_abbreviation
['journal_abbreviation']的清洗完成

本层累积的编辑规则数: 0
本层没有可以进行的清洗操作，进行下一层

处理第 2 层级, 包含节点: ['journal_title']
  当前节点: journal_title 存在可用清洗信号
数据块大小: 1000
分块属性:
[['journal_abbreviation']]
Starting initial block mapping...
Initial number of blocks: 431
Final number of blocks after further splitting: 431
Computing Block 17 out of 431
Processing Block size=2
begin cleaner[FunctionalDependency:(s: {'journal_abbreviation'}, t: {'journal_title'})]*1.0
列 'p' 不存在，对列 journal_title 不过滤，直接选择所有非无效值。
Block processing time: 0.002405 seconds
Computing Block 46 out of 431
Processing Block size=2
begin cleaner{left: ("[FunctionalDependency:(s: {journal_abbreviation}, t: {journal_title})]", 0.0), operator: *, right: (1.0, 1.0), result: 0.0}
列 'p' 不存在，对列 journal_title 不过滤，直接选择所有非无效值。
Block processing time: 0.002313 seconds
Computing Block 51 out of 431
Processing Block size=2
begin cleaner{left: ("[FunctionalDependency:(s: {journal_abbreviation}, t: {journal_title})]", 0.0), operator: *, right: (1.0, 1.0), result: 0.0}
列 'p' 不存在，对列 journal_title 不过滤，直接选择所有非无效值。
Block processing time: 0.002194 seconds
Computing Block 83 out of 431
Processing Block size=2
begin cleaner{left: ("[FunctionalDependency:(s: {journal_abbreviation}, t: {journal_title})]", 0.0), operator: *, right: (1.0, 1.0), result: 0.0}
列 'p' 不存在，对列 journal_title 不过滤，直接选择所有非无效值。
Block processing time: 0.002206 seconds
Computing Block 88 out of 431
Processing Block size=3
begin cleaner{left: ("[FunctionalDependency:(s: {journal_abbreviation}, t: {journal_title})]", 0.0), operator: *, right: (1.0, 1.0), result: 0.0}
列 'p' 不存在，对列 journal_title 不过滤，直接选择所有非无效值。
Block processing time: 0.0032 seconds
Computing Block 103 out of 431
Processing Block size=2
begin cleaner{left: ("[FunctionalDependency:(s: {journal_abbreviation}, t: {journal_title})]", 0.0), operator: *, right: (1.0, 1.0), result: 0.0}
列 'p' 不存在，对列 journal_title 不过滤，直接选择所有非无效值。
Block processing time: 0.002179 seconds
Computing Block 115 out of 431
Processing Block size=2
begin cleaner{left: ("[FunctionalDependency:(s: {journal_abbreviation}, t: {journal_title})]", 0.0), operator: *, right: (1.0, 1.0), result: 0.0}
列 'p' 不存在，对列 journal_title 不过滤，直接选择所有非无效值。
Block processing time: 0.002185 seconds
Computing Block 154 out of 431
Processing Block size=2
begin cleaner{left: ("[FunctionalDependency:(s: {journal_abbreviation}, t: {journal_title})]", 0.0), operator: *, right: (1.0, 1.0), result: 0.0}
列 'p' 不存在，对列 journal_title 不过滤，直接选择所有非无效值。
Block processing time: 0.002213 seconds
Computing Block 160 out of 431
Processing Block size=2
begin cleaner{left: ("[FunctionalDependency:(s: {journal_abbreviation}, t: {journal_title})]", 0.0), operator: *, right: (1.0, 1.0), result: 0.0}
列 'p' 不存在，对列 journal_title 不过滤，直接选择所有非无效值。
Block processing time: 0.002171 seconds
Computing Block 201 out of 431
Processing Block size=2
begin cleaner{left: ("[FunctionalDependency:(s: {journal_abbreviation}, t: {journal_title})]", 0.0), operator: *, right: (1.0, 1.0), result: 0.0}
列 'p' 不存在，对列 journal_title 不过滤，直接选择所有非无效值。
Block processing time: 0.002163 seconds
Computing Block 233 out of 431
Processing Block size=2
begin cleaner{left: ("[FunctionalDependency:(s: {journal_abbreviation}, t: {journal_title})]", 0.0), operator: *, right: (1.0, 1.0), result: 0.0}
列 'p' 不存在，对列 journal_title 不过滤，直接选择所有非无效值。
Block processing time: 0.002196 seconds
Computing Block 244 out of 431
Processing Block size=2
begin cleaner{left: ("[FunctionalDependency:(s: {journal_abbreviation}, t: {journal_title})]", 0.0), operator: *, right: (1.0, 1.0), result: 0.0}
列 'p' 不存在，对列 journal_title 不过滤，直接选择所有非无效值。
Block processing time: 0.002242 seconds
Computing Block 250 out of 431
Processing Block size=2
begin cleaner{left: ("[FunctionalDependency:(s: {journal_abbreviation}, t: {journal_title})]", 0.0), operator: *, right: (1.0, 1.0), result: 0.0}
列 'p' 不存在，对列 journal_title 不过滤，直接选择所有非无效值。
Block processing time: 0.002211 seconds
Computing Block 260 out of 431
Processing Block size=2
begin cleaner{left: ("[FunctionalDependency:(s: {journal_abbreviation}, t: {journal_title})]", 0.0), operator: *, right: (1.0, 1.0), result: 0.0}
列 'p' 不存在，对列 journal_title 不过滤，直接选择所有非无效值。
Block processing time: 0.002225 seconds
Computing Block 263 out of 431
Processing Block size=2
begin cleaner{left: ("[FunctionalDependency:(s: {journal_abbreviation}, t: {journal_title})]", 0.0), operator: *, right: (1.0, 1.0), result: 0.0}
列 'p' 不存在，对列 journal_title 不过滤，直接选择所有非无效值。
Block processing time: 0.002217 seconds
Computing Block 278 out of 431
Processing Block size=3
begin cleaner{left: ("[FunctionalDependency:(s: {journal_abbreviation}, t: {journal_title})]", 0.0), operator: *, right: (1.0, 1.0), result: 0.0}
列 'p' 不存在，对列 journal_title 不过滤，直接选择所有非无效值。
Block processing time: 0.003254 seconds
Computing Block 282 out of 431
Processing Block size=2
begin cleaner{left: ("[FunctionalDependency:(s: {journal_abbreviation}, t: {journal_title})]", 0.0), operator: *, right: (1.0, 1.0), result: 0.0}
列 'p' 不存在，对列 journal_title 不过滤，直接选择所有非无效值。
Block processing time: 0.002206 seconds
Computing Block 285 out of 431
Processing Block size=2
begin cleaner{left: ("[FunctionalDependency:(s: {journal_abbreviation}, t: {journal_title})]", 0.0), operator: *, right: (1.0, 1.0), result: 0.0}
列 'p' 不存在，对列 journal_title 不过滤，直接选择所有非无效值。
Block processing time: 0.002199 seconds
Computing Block 293 out of 431
Processing Block size=2
begin cleaner{left: ("[FunctionalDependency:(s: {journal_abbreviation}, t: {journal_title})]", 0.0), operator: *, right: (1.0, 1.0), result: 0.0}
列 'p' 不存在，对列 journal_title 不过滤，直接选择所有非无效值。
Block processing time: 0.002195 seconds
Computing Block 314 out of 431
Processing Block size=2
begin cleaner{left: ("[FunctionalDependency:(s: {journal_abbreviation}, t: {journal_title})]", 0.0), operator: *, right: (1.0, 1.0), result: 0.0}
列 'p' 不存在，对列 journal_title 不过滤，直接选择所有非无效值。
Block processing time: 0.002206 seconds
Computing Block 333 out of 431
Processing Block size=2
begin cleaner{left: ("[FunctionalDependency:(s: {journal_abbreviation}, t: {journal_title})]", 0.0), operator: *, right: (1.0, 1.0), result: 0.0}
列 'p' 不存在，对列 journal_title 不过滤，直接选择所有非无效值。
Block processing time: 0.002444 seconds
Computing Block 352 out of 431
Processing Block size=3
begin cleaner{left: ("[FunctionalDependency:(s: {journal_abbreviation}, t: {journal_title})]", 0.0), operator: *, right: (1.0, 1.0), result: 0.0}
列 'p' 不存在，对列 journal_title 不过滤，直接选择所有非无效值。
Block processing time: 0.003234 seconds
Computing Block 354 out of 431
Processing Block size=3
begin cleaner{left: ("[FunctionalDependency:(s: {journal_abbreviation}, t: {journal_title})]", 0.0), operator: *, right: (1.0, 1.0), result: 0.0}
列 'p' 不存在，对列 journal_title 不过滤，直接选择所有非无效值。
Block processing time: 0.003305 seconds
Computing Block 369 out of 431
Processing Block size=2
begin cleaner{left: ("[FunctionalDependency:(s: {journal_abbreviation}, t: {journal_title})]", 0.0), operator: *, right: (1.0, 1.0), result: 0.0}
列 'p' 不存在，对列 journal_title 不过滤，直接选择所有非无效值。
Block processing time: 0.002208 seconds
Computing Block 371 out of 431
Processing Block size=6
begin cleaner{left: ("[FunctionalDependency:(s: {journal_abbreviation}, t: {journal_title})]", 0.0), operator: *, right: (1.0, 1.0), result: 0.0}
列 'p' 不存在，对列 journal_title 不过滤，直接选择所有非无效值。
Block processing time: 0.006388 seconds
Computing Block 394 out of 431
Processing Block size=2
begin cleaner{left: ("[FunctionalDependency:(s: {journal_abbreviation}, t: {journal_title})]", 0.0), operator: *, right: (1.0, 1.0), result: 0.0}
列 'p' 不存在，对列 journal_title 不过滤，直接选择所有非无效值。
Block processing time: 0.002436 seconds
Computing Block 401 out of 431
WARNING:root:No partitioning rule specified, processing might be slow
Processing Block size=2
begin cleaner{left: ("[FunctionalDependency:(s: {journal_abbreviation}, t: {journal_title})]", 0.0), operator: *, right: (1.0, 1.0), result: 0.0}
列 'p' 不存在，对列 journal_title 不过滤，直接选择所有非无效值。
Block processing time: 0.002223 seconds
Computing Block 422 out of 431
Processing Block size=2
begin cleaner{left: ("[FunctionalDependency:(s: {journal_abbreviation}, t: {journal_title})]", 0.0), operator: *, right: (1.0, 1.0), result: 0.0}
列 'p' 不存在，对列 journal_title 不过滤，直接选择所有非无效值。
Block processing time: 0.002071 seconds
Computing Block 424 out of 431
Processing Block size=2
begin cleaner{left: ("[FunctionalDependency:(s: {journal_abbreviation}, t: {journal_title})]", 0.0), operator: *, right: (1.0, 1.0), result: 0.0}
列 'p' 不存在，对列 journal_title 不过滤，直接选择所有非无效值。
Block processing time: 0.002025 seconds
Computing Block 427 out of 431
Processing Block size=2
begin cleaner{left: ("[FunctionalDependency:(s: {journal_abbreviation}, t: {journal_title})]", 0.0), operator: *, right: (1.0, 1.0), result: 0.0}
列 'p' 不存在，对列 journal_title 不过滤，直接选择所有非无效值。
Block processing time: 0.002024 seconds
Computing Block 431 out of 431
Processing Block size=3
begin cleaner{left: ("[FunctionalDependency:(s: {journal_abbreviation}, t: {journal_title})]", 0.0), operator: *, right: (1.0, 1.0), result: 0.0}
列 'p' 不存在，对列 journal_title 不过滤，直接选择所有非无效值。
Block processing time: 0.002954 seconds
  当前节点: journal_title 无清洗操作
['journal_title']的清洗完成

本层累积的编辑规则数: 0
本层没有可以进行的清洗操作，进行下一层

处理第 3 层级, 包含节点: ['journal_issn']
  当前节点: journal_issn 存在可用清洗信号
数据块大小: 1000
分块属性:
[['journal_abbreviation'], ['journal_title']]
Grouping by ['journal_abbreviation'] yields 431 groups.
Grouping by ['journal_title'] yields 724 groups.
Current group product: 312044, Total rows: 1000
Removing attribute group ['journal_title'] with 724 groups.
Current group product: 431, Total rows: 1000
Final selected attributes for partitioning: [['journal_abbreviation']]
Removed attributes for potential later use: [['journal_title']]
Starting initial block mapping...
Initial number of blocks: 431
Final number of blocks after further splitting: 431
Computing Block 17 out of 431
Processing Block size=2
begin cleaner[FunctionalDependency:(s: {'journal_abbreviation'}, t: {'journal_issn'})]*1.0+[FunctionalDependency:(s: {'journal_title'}, t: {'journal_issn'})]*1.0
列 'p' 不存在，对列 journal_issn 不过滤，直接选择所有非无效值。
clean_bool length:5
newest best op: Uniop(df,'journal_issn','1423-0356',(['journal_abbreviation'], {('Respiration',)}),{left: ({left: ("[FunctionalDependency:(s: {journal_abbreviation}, t: {journal_issn})]", 0.0), operator: *, right: (1.0, 1.0), result: 0.0}, 0.0), operator: +, right: ({left: ("[FunctionalDependency:(s: {journal_title}, t: {journal_issn})]", 0.0), operator: *, right: (1.0, 1.0), result: 0.0}, 0.0), result: 0.0})
now error: 0.0
Block processing time: 0.025841 seconds
Computing Block 46 out of 431
Processing Block size=2
begin cleaner{left: ({left: ("[FunctionalDependency:(s: {journal_abbreviation}, t: {journal_issn})]", 0.0), operator: *, right: (1.0, 1.0), result: 0.0}, 0.0), operator: +, right: ({left: ("[FunctionalDependency:(s: {journal_title}, t: {journal_issn})]", 0.0), operator: *, right: (1.0, 1.0), result: 0.0}, 0.0), result: 0.0}
列 'p' 不存在，对列 journal_issn 不过滤，直接选择所有非无效值。
Block processing time: 0.007535 seconds
Computing Block 51 out of 431
Processing Block size=2
begin cleaner{left: ({left: ("[FunctionalDependency:(s: {journal_abbreviation}, t: {journal_issn})]", 0.0), operator: *, right: (1.0, 1.0), result: 0.0}, 0.0), operator: +, right: ({left: ("[FunctionalDependency:(s: {journal_title}, t: {journal_issn})]", 0.0), operator: *, right: (1.0, 1.0), result: 0.0}, 0.0), result: 0.0}
列 'p' 不存在，对列 journal_issn 不过滤，直接选择所有非无效值。
Block processing time: 0.007105 seconds
Computing Block 83 out of 431
Processing Block size=2
begin cleaner{left: ({left: ("[FunctionalDependency:(s: {journal_abbreviation}, t: {journal_issn})]", 0.0), operator: *, right: (1.0, 1.0), result: 0.0}, 0.0), operator: +, right: ({left: ("[FunctionalDependency:(s: {journal_title}, t: {journal_issn})]", 0.0), operator: *, right: (1.0, 1.0), result: 0.0}, 0.0), result: 0.0}
列 'p' 不存在，对列 journal_issn 不过滤，直接选择所有非无效值。
Block processing time: 0.007119 seconds
Computing Block 88 out of 431
Processing Block size=3
begin cleaner{left: ({left: ("[FunctionalDependency:(s: {journal_abbreviation}, t: {journal_issn})]", 0.0), operator: *, right: (1.0, 1.0), result: 0.0}, 0.0), operator: +, right: ({left: ("[FunctionalDependency:(s: {journal_title}, t: {journal_issn})]", 0.0), operator: *, right: (1.0, 1.0), result: 0.0}, 0.0), result: 0.0}
列 'p' 不存在，对列 journal_issn 不过滤，直接选择所有非无效值。
clean_bool length:5
newest best op: Uniop(df,'journal_issn','Feb??-65',(['journal_abbreviation'], {('The American journal of clinical nutrition',)}),{left: ({left: ("[FunctionalDependency:(s: {journal_abbreviation}, t: {journal_issn})]", 0.0), operator: *, right: (1.0, 1.0), result: 0.0}, 0.0), operator: +, right: ({left: ("[FunctionalDependency:(s: {journal_title}, t: {journal_issn})]", 0.0), operator: *, right: (1.0, 1.0), result: 0.0}, 0.0), result: 0.0})
now error: 0.0
newest best op: Uniop(df,'journal_issn','Feb-65',(['journal_abbreviation'], {('The American journal of clinical nutrition',)}),{left: ({left: ("[FunctionalDependency:(s: {journal_abbreviation}, t: {journal_issn})]", 0.0), operator: *, right: (1.0, 1.0), result: 0.0}, 0.0), operator: +, right: ({left: ("[FunctionalDependency:(s: {journal_title}, t: {journal_issn})]", 0.0), operator: *, right: (1.0, 1.0), result: 0.0}, 0.0), result: 0.0})
now error: 0.0
Block processing time: 0.03367 seconds
Computing Block 103 out of 431
Processing Block size=2
begin cleaner{left: ({left: ("[FunctionalDependency:(s: {journal_abbreviation}, t: {journal_issn})]", 0.0), operator: *, right: (1.0, 1.0), result: 0.0}, 0.0), operator: +, right: ({left: ("[FunctionalDependency:(s: {journal_title}, t: {journal_issn})]", 0.0), operator: *, right: (1.0, 1.0), result: 0.0}, 0.0), result: 0.0}
列 'p' 不存在，对列 journal_issn 不过滤，直接选择所有非无效值。
clean_bool length:5
newest best op: Uniop(df,'journal_issn','1099-1611',(['journal_abbreviation'], {('Psychooncology',)}),{left: ({left: ("[FunctionalDependency:(s: {journal_abbreviation}, t: {journal_issn})]", 0.0), operator: *, right: (1.0, 1.0), result: 0.0}, 0.0), operator: +, right: ({left: ("[FunctionalDependency:(s: {journal_title}, t: {journal_issn})]", 0.0), operator: *, right: (1.0, 1.0), result: 0.0}, 0.0), result: 0.0})
now error: 0.0
Block processing time: 0.023301 seconds
Computing Block 115 out of 431
Processing Block size=2
begin cleaner{left: ({left: ("[FunctionalDependency:(s: {journal_abbreviation}, t: {journal_issn})]", 0.0), operator: *, right: (1.0, 1.0), result: 0.0}, 0.0), operator: +, right: ({left: ("[FunctionalDependency:(s: {journal_title}, t: {journal_issn})]", 0.0), operator: *, right: (1.0, 1.0), result: 0.0}, 0.0), result: 0.0}
列 'p' 不存在，对列 journal_issn 不过滤，直接选择所有非无效值。
Block processing time: 0.007183 seconds
Computing Block 154 out of 431
Processing Block size=2
begin cleaner{left: ({left: ("[FunctionalDependency:(s: {journal_abbreviation}, t: {journal_issn})]", 0.0), operator: *, right: (1.0, 1.0), result: 0.0}, 0.0), operator: +, right: ({left: ("[FunctionalDependency:(s: {journal_title}, t: {journal_issn})]", 0.0), operator: *, right: (1.0, 1.0), result: 0.0}, 0.0), result: 0.0}
列 'p' 不存在，对列 journal_issn 不过滤，直接选择所有非无效值。
clean_bool length:5
newest best op: Uniop(df,'journal_issn','14#23-0@@380',(['journal_abbreviation'], {('Tumour Biol.',)}),{left: ({left: ("[FunctionalDependency:(s: {journal_abbreviation}, t: {journal_issn})]", 0.0), operator: *, right: (1.0, 1.0), result: 0.0}, 0.0), operator: +, right: ({left: ("[FunctionalDependency:(s: {journal_title}, t: {journal_issn})]", 0.0), operator: *, right: (1.0, 1.0), result: 0.0}, 0.0), result: 0.0})
now error: 0.0
Block processing time: 0.023896 seconds
Computing Block 160 out of 431
Processing Block size=2
begin cleaner{left: ({left: ("[FunctionalDependency:(s: {journal_abbreviation}, t: {journal_issn})]", 0.0), operator: *, right: (1.0, 1.0), result: 0.0}, 0.0), operator: +, right: ({left: ("[FunctionalDependency:(s: {journal_title}, t: {journal_issn})]", 0.0), operator: *, right: (1.0, 1.0), result: 0.0}, 0.0), result: 0.0}
列 'p' 不存在，对列 journal_issn 不过滤，直接选择所有非无效值。
Block processing time: 0.007284 seconds
Computing Block 201 out of 431
Processing Block size=2
begin cleaner{left: ({left: ("[FunctionalDependency:(s: {journal_abbreviation}, t: {journal_issn})]", 0.0), operator: *, right: (1.0, 1.0), result: 0.0}, 0.0), operator: +, right: ({left: ("[FunctionalDependency:(s: {journal_title}, t: {journal_issn})]", 0.0), operator: *, right: (1.0, 1.0), result: 0.0}, 0.0), result: 0.0}
列 'p' 不存在，对列 journal_issn 不过滤，直接选择所有非无效值。
Block processing time: 0.007175 seconds
Computing Block 233 out of 431
Processing Block size=2
begin cleaner{left: ({left: ("[FunctionalDependency:(s: {journal_abbreviation}, t: {journal_issn})]", 0.0), operator: *, right: (1.0, 1.0), result: 0.0}, 0.0), operator: +, right: ({left: ("[FunctionalDependency:(s: {journal_title}, t: {journal_issn})]", 0.0), operator: *, right: (1.0, 1.0), result: 0.0}, 0.0), result: 0.0}
列 'p' 不存在，对列 journal_issn 不过滤，直接选择所有非无效值。
Block processing time: 0.007155 seconds
Computing Block 244 out of 431
Processing Block size=2
begin cleaner{left: ({left: ("[FunctionalDependency:(s: {journal_abbreviation}, t: {journal_issn})]", 0.0), operator: *, right: (1.0, 1.0), result: 0.0}, 0.0), operator: +, right: ({left: ("[FunctionalDependency:(s: {journal_title}, t: {journal_issn})]", 0.0), operator: *, right: (1.0, 1.0), result: 0.0}, 0.0), result: 0.0}
列 'p' 不存在，对列 journal_issn 不过滤，直接选择所有非无效值。
clean_bool length:5
newest best op: Uniop(df,'journal_issn','1930-739X',(['journal_abbreviation'], {('Obesity (Silver Spring)',)}),{left: ({left: ("[FunctionalDependency:(s: {journal_abbreviation}, t: {journal_issn})]", 0.0), operator: *, right: (1.0, 1.0), result: 0.0}, 0.0), operator: +, right: ({left: ("[FunctionalDependency:(s: {journal_title}, t: {journal_issn})]", 0.0), operator: *, right: (1.0, 1.0), result: 0.0}, 0.0), result: 0.0})
now error: 0.0
Block processing time: 0.023199 seconds
Computing Block 250 out of 431
Processing Block size=2
begin cleaner{left: ({left: ("[FunctionalDependency:(s: {journal_abbreviation}, t: {journal_issn})]", 0.0), operator: *, right: (1.0, 1.0), result: 0.0}, 0.0), operator: +, right: ({left: ("[FunctionalDependency:(s: {journal_title}, t: {journal_issn})]", 0.0), operator: *, right: (1.0, 1.0), result: 0.0}, 0.0), result: 0.0}
列 'p' 不存在，对列 journal_issn 不过滤，直接选择所有非无效值。
Block processing time: 0.007135 seconds
Computing Block 260 out of 431
Processing Block size=2
begin cleaner{left: ({left: ("[FunctionalDependency:(s: {journal_abbreviation}, t: {journal_issn})]", 0.0), operator: *, right: (1.0, 1.0), result: 0.0}, 0.0), operator: +, right: ({left: ("[FunctionalDependency:(s: {journal_title}, t: {journal_issn})]", 0.0), operator: *, right: (1.0, 1.0), result: 0.0}, 0.0), result: 0.0}
列 'p' 不存在，对列 journal_issn 不过滤，直接选择所有非无效值。
Block processing time: 0.007066 seconds
Computing Block 263 out of 431
Processing Block size=2
begin cleaner{left: ({left: ("[FunctionalDependency:(s: {journal_abbreviation}, t: {journal_issn})]", 0.0), operator: *, right: (1.0, 1.0), result: 0.0}, 0.0), operator: +, right: ({left: ("[FunctionalDependency:(s: {journal_title}, t: {journal_issn})]", 0.0), operator: *, right: (1.0, 1.0), result: 0.0}, 0.0), result: 0.0}
列 'p' 不存在，对列 journal_issn 不过滤，直接选择所有非无效值。
clean_bool length:5
newest best op: Uniop(df,'journal_issn','0903-$??1936',(['journal_abbreviation'], {('Eur. Respir. J.',)}),{left: ({left: ("[FunctionalDependency:(s: {journal_abbreviation}, t: {journal_issn})]", 0.0), operator: *, right: (1.0, 1.0), result: 0.0}, 0.0), operator: +, right: ({left: ("[FunctionalDependency:(s: {journal_title}, t: {journal_issn})]", 0.0), operator: *, right: (1.0, 1.0), result: 0.0}, 0.0), result: 0.0})
now error: 0.0
Block processing time: 0.022229 seconds
Computing Block 278 out of 431
Processing Block size=3
begin cleaner{left: ({left: ("[FunctionalDependency:(s: {journal_abbreviation}, t: {journal_issn})]", 0.0), operator: *, right: (1.0, 1.0), result: 0.0}, 0.0), operator: +, right: ({left: ("[FunctionalDependency:(s: {journal_title}, t: {journal_issn})]", 0.0), operator: *, right: (1.0, 1.0), result: 0.0}, 0.0), result: 0.0}
列 'p' 不存在，对列 journal_issn 不过滤，直接选择所有非无效值。
Block processing time: 0.010308 seconds
Computing Block 282 out of 431
Processing Block size=2
begin cleaner{left: ({left: ("[FunctionalDependency:(s: {journal_abbreviation}, t: {journal_issn})]", 0.0), operator: *, right: (1.0, 1.0), result: 0.0}, 0.0), operator: +, right: ({left: ("[FunctionalDependency:(s: {journal_title}, t: {journal_issn})]", 0.0), operator: *, right: (1.0, 1.0), result: 0.0}, 0.0), result: 0.0}
列 'p' 不存在，对列 journal_issn 不过滤，直接选择所有非无效值。
clean_bool length:5
newest best op: Uniop(df,'journal_issn','1558-2035',(['journal_abbreviation'], {('J Cardiovasc Med (Hagerstown)',)}),{left: ({left: ("[FunctionalDependency:(s: {journal_abbreviation}, t: {journal_issn})]", 0.0), operator: *, right: (1.0, 1.0), result: 0.0}, 0.0), operator: +, right: ({left: ("[FunctionalDependency:(s: {journal_title}, t: {journal_issn})]", 0.0), operator: *, right: (1.0, 1.0), result: 0.0}, 0.0), result: 0.0})
now error: 0.0
Block processing time: 0.022181 seconds
Computing Block 285 out of 431
Processing Block size=2
begin cleaner{left: ({left: ("[FunctionalDependency:(s: {journal_abbreviation}, t: {journal_issn})]", 0.0), operator: *, right: (1.0, 1.0), result: 0.0}, 0.0), operator: +, right: ({left: ("[FunctionalDependency:(s: {journal_title}, t: {journal_issn})]", 0.0), operator: *, right: (1.0, 1.0), result: 0.0}, 0.0), result: 0.0}
列 'p' 不存在，对列 journal_issn 不过滤，直接选择所有非无效值。
clean_bool length:5
newest best op: Uniop(df,'journal_issn','1097-0142',(['journal_abbreviation'], {('Cancer',)}),{left: ({left: ("[FunctionalDependency:(s: {journal_abbreviation}, t: {journal_issn})]", 0.0), operator: *, right: (1.0, 1.0), result: 0.0}, 0.0), operator: +, right: ({left: ("[FunctionalDependency:(s: {journal_title}, t: {journal_issn})]", 0.0), operator: *, right: (1.0, 1.0), result: 0.0}, 0.0), result: 0.0})
now error: 0.0
Block processing time: 0.022256 seconds
Computing Block 293 out of 431
Processing Block size=2
begin cleaner{left: ({left: ("[FunctionalDependency:(s: {journal_abbreviation}, t: {journal_issn})]", 0.0), operator: *, right: (1.0, 1.0), result: 0.0}, 0.0), operator: +, right: ({left: ("[FunctionalDependency:(s: {journal_title}, t: {journal_issn})]", 0.0), operator: *, right: (1.0, 1.0), result: 0.0}, 0.0), result: 0.0}
列 'p' 不存在，对列 journal_issn 不过滤，直接选择所有非无效值。
Block processing time: 0.006845 seconds
Computing Block 314 out of 431
Processing Block size=2
begin cleaner{left: ({left: ("[FunctionalDependency:(s: {journal_abbreviation}, t: {journal_issn})]", 0.0), operator: *, right: (1.0, 1.0), result: 0.0}, 0.0), operator: +, right: ({left: ("[FunctionalDependency:(s: {journal_title}, t: {journal_issn})]", 0.0), operator: *, right: (1.0, 1.0), result: 0.0}, 0.0), result: 0.0}
列 'p' 不存在，对列 journal_issn 不过滤，直接选择所有非无效值。
clean_bool length:5
newest best op: Uniop(df,'journal_issn','0039-2499',(['journal_abbreviation'], {('Stroke',)}),{left: ({left: ("[FunctionalDependency:(s: {journal_abbreviation}, t: {journal_issn})]", 0.0), operator: *, right: (1.0, 1.0), result: 0.0}, 0.0), operator: +, right: ({left: ("[FunctionalDependency:(s: {journal_title}, t: {journal_issn})]", 0.0), operator: *, right: (1.0, 1.0), result: 0.0}, 0.0), result: 0.0})
now error: 0.0
Block processing time: 0.021939 seconds
Computing Block 333 out of 431
Processing Block size=2
begin cleaner{left: ({left: ("[FunctionalDependency:(s: {journal_abbreviation}, t: {journal_issn})]", 0.0), operator: *, right: (1.0, 1.0), result: 0.0}, 0.0), operator: +, right: ({left: ("[FunctionalDependency:(s: {journal_title}, t: {journal_issn})]", 0.0), operator: *, right: (1.0, 1.0), result: 0.0}, 0.0), result: 0.0}
列 'p' 不存在，对列 journal_issn 不过滤，直接选择所有非无效值。
Block processing time: 0.006664 seconds
Computing Block 352 out of 431
Processing Block size=3
begin cleaner{left: ({left: ("[FunctionalDependency:(s: {journal_abbreviation}, t: {journal_issn})]", 0.0), operator: *, right: (1.0, 1.0), result: 0.0}, 0.0), operator: +, right: ({left: ("[FunctionalDependency:(s: {journal_title}, t: {journal_issn})]", 0.0), operator: *, right: (1.0, 1.0), result: 0.0}, 0.0), result: 0.0}
列 'p' 不存在，对列 journal_issn 不过滤，直接选择所有非无效值。
Block processing time: 0.009829 seconds
Computing Block 354 out of 431
Processing Block size=3
begin cleaner{left: ({left: ("[FunctionalDependency:(s: {journal_abbreviation}, t: {journal_issn})]", 0.0), operator: *, right: (1.0, 1.0), result: 0.0}, 0.0), operator: +, right: ({left: ("[FunctionalDependency:(s: {journal_title}, t: {journal_issn})]", 0.0), operator: *, right: (1.0, 1.0), result: 0.0}, 0.0), result: 0.0}
列 'p' 不存在，对列 journal_issn 不过滤，直接选择所有非无效值。
clean_bool length:5
newest best op: Uniop(df,'journal_issn','22-Sep',(['journal_abbreviation'], {('Circulation',)}),{left: ({left: ("[FunctionalDependency:(s: {journal_abbreviation}, t: {journal_issn})]", 0.0), operator: *, right: (1.0, 1.0), result: 0.0}, 0.0), operator: +, right: ({left: ("[FunctionalDependency:(s: {journal_title}, t: {journal_issn})]", 0.0), operator: *, right: (1.0, 1.0), result: 0.0}, 0.0), result: 0.0})
now error: 0.0
Block processing time: 0.031568 seconds
Computing Block 369 out of 431
Processing Block size=2
begin cleaner{left: ({left: ("[FunctionalDependency:(s: {journal_abbreviation}, t: {journal_issn})]", 0.0), operator: *, right: (1.0, 1.0), result: 0.0}, 0.0), operator: +, right: ({left: ("[FunctionalDependency:(s: {journal_title}, t: {journal_issn})]", 0.0), operator: *, right: (1.0, 1.0), result: 0.0}, 0.0), result: 0.0}
列 'p' 不存在，对列 journal_issn 不过滤，直接选择所有非无效值。
clean_bool length:5
newest best op: Uniop(df,'journal_issn','1462-8910',(['journal_abbreviation'], {('Colorectal Dis',)}),{left: ({left: ("[FunctionalDependency:(s: {journal_abbreviation}, t: {journal_issn})]", 0.0), operator: *, right: (1.0, 1.0), result: 0.0}, 0.0), operator: +, right: ({left: ("[FunctionalDependency:(s: {journal_title}, t: {journal_issn})]", 0.0), operator: *, right: (1.0, 1.0), result: 0.0}, 0.0), result: 0.0})
now error: 0.0
Block processing time: 0.021972 seconds
Computing Block 371 out of 431
Processing Block size=6
begin cleaner{left: ({left: ("[FunctionalDependency:(s: {journal_abbreviation}, t: {journal_issn})]", 0.0), operator: *, right: (1.0, 1.0), result: 0.0}, 0.0), operator: +, right: ({left: ("[FunctionalDependency:(s: {journal_title}, t: {journal_issn})]", 0.0), operator: *, right: (1.0, 1.0), result: 0.0}, 0.0), result: 0.0}
列 'p' 不存在，对列 journal_issn 不过滤，直接选择所有非无效值。
Block processing time: 0.020073 seconds
Computing Block 394 out of 431
Processing Block size=2
begin cleaner{left: ({left: ("[FunctionalDependency:(s: {journal_abbreviation}, t: {journal_issn})]", 0.0), operator: *, right: (1.0, 1.0), result: 0.0}, 0.0), operator: +, right: ({left: ("[FunctionalDependency:(s: {journal_title}, t: {journal_issn})]", 0.0), operator: *, right: (1.0, 1.0), result: 0.0}, 0.0), result: 0.0}
列 'p' 不存在，对列 journal_issn 不过滤，直接选择所有非无效值。
clean_bool length:5
newest best op: Uniop(df,'journal_issn','1460-2$38??5',(['journal_abbreviation'], {('Nephrol. Dial. Transplant.',)}),{left: ({left: ("[FunctionalDependency:(s: {journal_abbreviation}, t: {journal_issn})]", 0.0), operator: *, right: (1.0, 1.0), result: 0.0}, 0.0), operator: +, right: ({left: ("[FunctionalDependency:(s: {journal_title}, t: {journal_issn})]", 0.0), operator: *, right: (1.0, 1.0), result: 0.0}, 0.0), result: 0.0})
now error: 0.0
Block processing time: 0.022786 seconds
Computing Block 401 out of 431
Processing Block size=2
begin cleaner{left: ({left: ("[FunctionalDependency:(s: {journal_abbreviation}, t: {journal_issn})]", 0.0), operator: *, right: (1.0, 1.0), result: 0.0}, 0.0), operator: +, right: ({left: ("[FunctionalDependency:(s: {journal_title}, t: {journal_issn})]", 0.0), operator: *, right: (1.0, 1.0), result: 0.0}, 0.0), result: 0.0}
列 'p' 不存在，对列 journal_issn 不过滤，直接选择所有非无效值。
Block processing time: 0.006798 seconds
Computing Block 422 out of 431
Processing Block size=2
begin cleaner{left: ({left: ("[FunctionalDependency:(s: {journal_abbreviation}, t: {journal_issn})]", 0.0), operator: *, right: (1.0, 1.0), result: 0.0}, 0.0), operator: +, right: ({left: ("[FunctionalDependency:(s: {journal_title}, t: {journal_issn})]", 0.0), operator: *, right: (1.0, 1.0), result: 0.0}, 0.0), result: 0.0}
列 'p' 不存在，对列 journal_issn 不过滤，直接选择所有非无效值。
Block processing time: 0.00675 seconds
Computing Block 424 out of 431
Processing Block size=2
begin cleaner{left: ({left: ("[FunctionalDependency:(s: {journal_abbreviation}, t: {journal_issn})]", 1.0), operator: *, right: (1.0, 1.0), result: 1.0}, 1.0), operator: +, right: ({left: ("[FunctionalDependency:(s: {journal_title}, t: {journal_issn})]", 1.0), operator: *, right: (1.0, 1.0), result: 1.0}, 1.0), result: 1.0}
列 'p' 不存在，对列 journal_issn 不过滤，直接选择所有非无效值。
Block processing time: 0.006736 seconds
Computing Block 427 out of 431
Processing Block size=2
begin cleaner{left: ({left: ("[FunctionalDependency:(s: {journal_abbreviation}, t: {journal_issn})]", 0.0), operator: *, right: (1.0, 1.0), result: 0.0}, 0.0), operator: +, right: ({left: ("[FunctionalDependency:(s: {journal_title}, t: {journal_issn})]", 0.0), operator: *, right: (1.0, 1.0), result: 0.0}, 0.0), result: 0.0}
列 'p' 不存在，对列 journal_issn 不过滤，直接选择所有非无效值。
Block processing time: 0.006735 seconds
Computing Block 431 out of 431
Processing Block size=3
begin cleaner{left: ({left: ("[FunctionalDependency:(s: {journal_abbreviation}, t: {journal_issn})]", 0.0), operator: *, right: (1.0, 1.0), result: 0.0}, 0.0), operator: +, right: ({left: ("[FunctionalDependency:(s: {journal_title}, t: {journal_issn})]", 0.0), operator: *, right: (1.0, 1.0), result: 0.0}, 0.0), result: 0.0}
列 'p' 不存在，对列 journal_issn 不过滤，直接选择所有非无效值。
clean_bool length:5
WARNING:root:No partitioning rule specified, processing might be slow
newest best op: Uniop(df,'journal_issn','1467-1107',(['journal_abbreviation'], {('Cardiol Young',)}),{left: ({left: ("[FunctionalDependency:(s: {journal_abbreviation}, t: {journal_issn})]", 0.0), operator: *, right: (1.0, 1.0), result: 0.0}, 0.0), operator: +, right: ({left: ("[FunctionalDependency:(s: {journal_title}, t: {journal_issn})]", 0.0), operator: *, right: (1.0, 1.0), result: 0.0}, 0.0), result: 0.0})
now error: 0.0
Block processing time: 0.031958 seconds
  当前节点: journal_issn 有 13 个清洗操作
['journal_issn']的清洗完成

本层累积的编辑规则数: 13
读入数据大小：1000
处理了 13 条规则，更新数据...
所有编辑规则已更新完成

处理第 1 层级, 包含节点: ['journal_abbreviation']
  跳过已清洗结束的节点: journal_abbreviation
['journal_abbreviation']的清洗完成

本层累积的编辑规则数: 0
本层没有可以进行的清洗操作，进行下一层

处理第 2 层级, 包含节点: ['journal_title']
  跳过已清洗结束的节点: journal_title
['journal_title']的清洗完成

本层累积的编辑规则数: 0
本层没有可以进行的清洗操作，进行下一层

处理第 3 层级, 包含节点: ['journal_issn']
  当前节点: journal_issn 存在可用清洗信号
数据块大小: 1000
分块属性:
[['journal_abbreviation'], ['journal_title']]
Grouping by ['journal_abbreviation'] yields 431 groups.
Grouping by ['journal_title'] yields 724 groups.
Current group product: 312044, Total rows: 1000
Removing attribute group ['journal_title'] with 724 groups.
Current group product: 431, Total rows: 1000
Final selected attributes for partitioning: [['journal_abbreviation']]
Removed attributes for potential later use: [['journal_title']]
Starting initial block mapping...
Initial number of blocks: 431
Final number of blocks after further splitting: 431
Computing Block 17 out of 431
Processing Block size=2
begin cleaner[FunctionalDependency:(s: {'journal_abbreviation'}, t: {'journal_issn'})]*1.0+[FunctionalDependency:(s: {'journal_title'}, t: {'journal_issn'})]*1.0
列 'p' 不存在，对列 journal_issn 不过滤，直接选择所有非无效值。
Block processing time: 0.011021 seconds
Computing Block 46 out of 431
Processing Block size=2
begin cleaner{left: ({left: ("[FunctionalDependency:(s: {journal_abbreviation}, t: {journal_issn})]", 0.0), operator: *, right: (1.0, 1.0), result: 0.0}, 0.0), operator: +, right: ({left: ("[FunctionalDependency:(s: {journal_title}, t: {journal_issn})]", 0.0), operator: *, right: (1.0, 1.0), result: 0.0}, 0.0), result: 0.0}
列 'p' 不存在，对列 journal_issn 不过滤，直接选择所有非无效值。
Block processing time: 0.010655 seconds
Computing Block 51 out of 431
Processing Block size=2
begin cleaner{left: ({left: ("[FunctionalDependency:(s: {journal_abbreviation}, t: {journal_issn})]", 0.0), operator: *, right: (1.0, 1.0), result: 0.0}, 0.0), operator: +, right: ({left: ("[FunctionalDependency:(s: {journal_title}, t: {journal_issn})]", 0.0), operator: *, right: (1.0, 1.0), result: 0.0}, 0.0), result: 0.0}
列 'p' 不存在，对列 journal_issn 不过滤，直接选择所有非无效值。
Block processing time: 0.010605 seconds
Computing Block 83 out of 431
Processing Block size=2
begin cleaner{left: ({left: ("[FunctionalDependency:(s: {journal_abbreviation}, t: {journal_issn})]", 0.0), operator: *, right: (1.0, 1.0), result: 0.0}, 0.0), operator: +, right: ({left: ("[FunctionalDependency:(s: {journal_title}, t: {journal_issn})]", 0.0), operator: *, right: (1.0, 1.0), result: 0.0}, 0.0), result: 0.0}
列 'p' 不存在，对列 journal_issn 不过滤，直接选择所有非无效值。
Block processing time: 0.010598 seconds
Computing Block 88 out of 431
Processing Block size=3
begin cleaner{left: ({left: ("[FunctionalDependency:(s: {journal_abbreviation}, t: {journal_issn})]", 0.0), operator: *, right: (1.0, 1.0), result: 0.0}, 0.0), operator: +, right: ({left: ("[FunctionalDependency:(s: {journal_title}, t: {journal_issn})]", 0.0), operator: *, right: (1.0, 1.0), result: 0.0}, 0.0), result: 0.0}
列 'p' 不存在，对列 journal_issn 不过滤，直接选择所有非无效值。
Block processing time: 0.015703 seconds
Computing Block 103 out of 431
Processing Block size=2
begin cleaner{left: ({left: ("[FunctionalDependency:(s: {journal_abbreviation}, t: {journal_issn})]", 0.0), operator: *, right: (1.0, 1.0), result: 0.0}, 0.0), operator: +, right: ({left: ("[FunctionalDependency:(s: {journal_title}, t: {journal_issn})]", 0.0), operator: *, right: (1.0, 1.0), result: 0.0}, 0.0), result: 0.0}
列 'p' 不存在，对列 journal_issn 不过滤，直接选择所有非无效值。
Block processing time: 0.010571 seconds
Computing Block 115 out of 431
Processing Block size=2
begin cleaner{left: ({left: ("[FunctionalDependency:(s: {journal_abbreviation}, t: {journal_issn})]", 0.0), operator: *, right: (1.0, 1.0), result: 0.0}, 0.0), operator: +, right: ({left: ("[FunctionalDependency:(s: {journal_title}, t: {journal_issn})]", 0.0), operator: *, right: (1.0, 1.0), result: 0.0}, 0.0), result: 0.0}
列 'p' 不存在，对列 journal_issn 不过滤，直接选择所有非无效值。
Block processing time: 0.010589 seconds
Computing Block 154 out of 431
Processing Block size=2
begin cleaner{left: ({left: ("[FunctionalDependency:(s: {journal_abbreviation}, t: {journal_issn})]", 0.0), operator: *, right: (1.0, 1.0), result: 0.0}, 0.0), operator: +, right: ({left: ("[FunctionalDependency:(s: {journal_title}, t: {journal_issn})]", 0.0), operator: *, right: (1.0, 1.0), result: 0.0}, 0.0), result: 0.0}
列 'p' 不存在，对列 journal_issn 不过滤，直接选择所有非无效值。
Block processing time: 0.010662 seconds
Computing Block 160 out of 431
Processing Block size=2
begin cleaner{left: ({left: ("[FunctionalDependency:(s: {journal_abbreviation}, t: {journal_issn})]", 0.0), operator: *, right: (1.0, 1.0), result: 0.0}, 0.0), operator: +, right: ({left: ("[FunctionalDependency:(s: {journal_title}, t: {journal_issn})]", 0.0), operator: *, right: (1.0, 1.0), result: 0.0}, 0.0), result: 0.0}
列 'p' 不存在，对列 journal_issn 不过滤，直接选择所有非无效值。
Block processing time: 0.010592 seconds
Computing Block 201 out of 431
Processing Block size=2
begin cleaner{left: ({left: ("[FunctionalDependency:(s: {journal_abbreviation}, t: {journal_issn})]", 0.0), operator: *, right: (1.0, 1.0), result: 0.0}, 0.0), operator: +, right: ({left: ("[FunctionalDependency:(s: {journal_title}, t: {journal_issn})]", 0.0), operator: *, right: (1.0, 1.0), result: 0.0}, 0.0), result: 0.0}
列 'p' 不存在，对列 journal_issn 不过滤，直接选择所有非无效值。
Block processing time: 0.010693 seconds
Computing Block 233 out of 431
Processing Block size=2
begin cleaner{left: ({left: ("[FunctionalDependency:(s: {journal_abbreviation}, t: {journal_issn})]", 0.0), operator: *, right: (1.0, 1.0), result: 0.0}, 0.0), operator: +, right: ({left: ("[FunctionalDependency:(s: {journal_title}, t: {journal_issn})]", 0.0), operator: *, right: (1.0, 1.0), result: 0.0}, 0.0), result: 0.0}
列 'p' 不存在，对列 journal_issn 不过滤，直接选择所有非无效值。
Block processing time: 0.010669 seconds
Computing Block 244 out of 431
Processing Block size=2
begin cleaner{left: ({left: ("[FunctionalDependency:(s: {journal_abbreviation}, t: {journal_issn})]", 0.0), operator: *, right: (1.0, 1.0), result: 0.0}, 0.0), operator: +, right: ({left: ("[FunctionalDependency:(s: {journal_title}, t: {journal_issn})]", 0.0), operator: *, right: (1.0, 1.0), result: 0.0}, 0.0), result: 0.0}
列 'p' 不存在，对列 journal_issn 不过滤，直接选择所有非无效值。
Block processing time: 0.010647 seconds
Computing Block 250 out of 431
Processing Block size=2
begin cleaner{left: ({left: ("[FunctionalDependency:(s: {journal_abbreviation}, t: {journal_issn})]", 0.0), operator: *, right: (1.0, 1.0), result: 0.0}, 0.0), operator: +, right: ({left: ("[FunctionalDependency:(s: {journal_title}, t: {journal_issn})]", 0.0), operator: *, right: (1.0, 1.0), result: 0.0}, 0.0), result: 0.0}
列 'p' 不存在，对列 journal_issn 不过滤，直接选择所有非无效值。
Block processing time: 0.010625 seconds
Computing Block 260 out of 431
Processing Block size=2
begin cleaner{left: ({left: ("[FunctionalDependency:(s: {journal_abbreviation}, t: {journal_issn})]", 0.0), operator: *, right: (1.0, 1.0), result: 0.0}, 0.0), operator: +, right: ({left: ("[FunctionalDependency:(s: {journal_title}, t: {journal_issn})]", 0.0), operator: *, right: (1.0, 1.0), result: 0.0}, 0.0), result: 0.0}
列 'p' 不存在，对列 journal_issn 不过滤，直接选择所有非无效值。
Block processing time: 0.010569 seconds
Computing Block 263 out of 431
Processing Block size=2
begin cleaner{left: ({left: ("[FunctionalDependency:(s: {journal_abbreviation}, t: {journal_issn})]", 0.0), operator: *, right: (1.0, 1.0), result: 0.0}, 0.0), operator: +, right: ({left: ("[FunctionalDependency:(s: {journal_title}, t: {journal_issn})]", 0.0), operator: *, right: (1.0, 1.0), result: 0.0}, 0.0), result: 0.0}
列 'p' 不存在，对列 journal_issn 不过滤，直接选择所有非无效值。
Block processing time: 0.01057 seconds
Computing Block 278 out of 431
Processing Block size=3
begin cleaner{left: ({left: ("[FunctionalDependency:(s: {journal_abbreviation}, t: {journal_issn})]", 0.0), operator: *, right: (1.0, 1.0), result: 0.0}, 0.0), operator: +, right: ({left: ("[FunctionalDependency:(s: {journal_title}, t: {journal_issn})]", 0.0), operator: *, right: (1.0, 1.0), result: 0.0}, 0.0), result: 0.0}
列 'p' 不存在，对列 journal_issn 不过滤，直接选择所有非无效值。
Block processing time: 0.015648 seconds
Computing Block 282 out of 431
Processing Block size=2
begin cleaner{left: ({left: ("[FunctionalDependency:(s: {journal_abbreviation}, t: {journal_issn})]", 0.0), operator: *, right: (1.0, 1.0), result: 0.0}, 0.0), operator: +, right: ({left: ("[FunctionalDependency:(s: {journal_title}, t: {journal_issn})]", 0.0), operator: *, right: (1.0, 1.0), result: 0.0}, 0.0), result: 0.0}
列 'p' 不存在，对列 journal_issn 不过滤，直接选择所有非无效值。
Block processing time: 0.010574 seconds
Computing Block 285 out of 431
Processing Block size=2
begin cleaner{left: ({left: ("[FunctionalDependency:(s: {journal_abbreviation}, t: {journal_issn})]", 0.0), operator: *, right: (1.0, 1.0), result: 0.0}, 0.0), operator: +, right: ({left: ("[FunctionalDependency:(s: {journal_title}, t: {journal_issn})]", 0.0), operator: *, right: (1.0, 1.0), result: 0.0}, 0.0), result: 0.0}
列 'p' 不存在，对列 journal_issn 不过滤，直接选择所有非无效值。
Block processing time: 0.01078 seconds
Computing Block 293 out of 431
Processing Block size=2
begin cleaner{left: ({left: ("[FunctionalDependency:(s: {journal_abbreviation}, t: {journal_issn})]", 0.0), operator: *, right: (1.0, 1.0), result: 0.0}, 0.0), operator: +, right: ({left: ("[FunctionalDependency:(s: {journal_title}, t: {journal_issn})]", 0.0), operator: *, right: (1.0, 1.0), result: 0.0}, 0.0), result: 0.0}
列 'p' 不存在，对列 journal_issn 不过滤，直接选择所有非无效值。
Block processing time: 0.010759 seconds
Computing Block 314 out of 431
Processing Block size=2
begin cleaner{left: ({left: ("[FunctionalDependency:(s: {journal_abbreviation}, t: {journal_issn})]", 0.0), operator: *, right: (1.0, 1.0), result: 0.0}, 0.0), operator: +, right: ({left: ("[FunctionalDependency:(s: {journal_title}, t: {journal_issn})]", 0.0), operator: *, right: (1.0, 1.0), result: 0.0}, 0.0), result: 0.0}
列 'p' 不存在，对列 journal_issn 不过滤，直接选择所有非无效值。
Block processing time: 0.011446 seconds
Computing Block 333 out of 431
Processing Block size=2
begin cleaner{left: ({left: ("[FunctionalDependency:(s: {journal_abbreviation}, t: {journal_issn})]", 0.0), operator: *, right: (1.0, 1.0), result: 0.0}, 0.0), operator: +, right: ({left: ("[FunctionalDependency:(s: {journal_title}, t: {journal_issn})]", 0.0), operator: *, right: (1.0, 1.0), result: 0.0}, 0.0), result: 0.0}
列 'p' 不存在，对列 journal_issn 不过滤，直接选择所有非无效值。
Block processing time: 0.011573 seconds
Computing Block 352 out of 431
Processing Block size=3
begin cleaner{left: ({left: ("[FunctionalDependency:(s: {journal_abbreviation}, t: {journal_issn})]", 0.0), operator: *, right: (1.0, 1.0), result: 0.0}, 0.0), operator: +, right: ({left: ("[FunctionalDependency:(s: {journal_title}, t: {journal_issn})]", 0.0), operator: *, right: (1.0, 1.0), result: 0.0}, 0.0), result: 0.0}
列 'p' 不存在，对列 journal_issn 不过滤，直接选择所有非无效值。
Block processing time: 0.016774 seconds
Computing Block 354 out of 431
Processing Block size=3
begin cleaner{left: ({left: ("[FunctionalDependency:(s: {journal_abbreviation}, t: {journal_issn})]", 0.0), operator: *, right: (1.0, 1.0), result: 0.0}, 0.0), operator: +, right: ({left: ("[FunctionalDependency:(s: {journal_title}, t: {journal_issn})]", 0.0), operator: *, right: (1.0, 1.0), result: 0.0}, 0.0), result: 0.0}
列 'p' 不存在，对列 journal_issn 不过滤，直接选择所有非无效值。
Block processing time: 0.016122 seconds
Computing Block 369 out of 431
Processing Block size=2
begin cleaner{left: ({left: ("[FunctionalDependency:(s: {journal_abbreviation}, t: {journal_issn})]", 0.0), operator: *, right: (1.0, 1.0), result: 0.0}, 0.0), operator: +, right: ({left: ("[FunctionalDependency:(s: {journal_title}, t: {journal_issn})]", 0.0), operator: *, right: (1.0, 1.0), result: 0.0}, 0.0), result: 0.0}
列 'p' 不存在，对列 journal_issn 不过滤，直接选择所有非无效值。
Block processing time: 0.0106 seconds
Computing Block 371 out of 431
Processing Block size=6
begin cleaner{left: ({left: ("[FunctionalDependency:(s: {journal_abbreviation}, t: {journal_issn})]", 0.0), operator: *, right: (1.0, 1.0), result: 0.0}, 0.0), operator: +, right: ({left: ("[FunctionalDependency:(s: {journal_title}, t: {journal_issn})]", 0.0), operator: *, right: (1.0, 1.0), result: 0.0}, 0.0), result: 0.0}
列 'p' 不存在，对列 journal_issn 不过滤，直接选择所有非无效值。
Block processing time: 0.030627 seconds
Computing Block 394 out of 431
Processing Block size=2
begin cleaner{left: ({left: ("[FunctionalDependency:(s: {journal_abbreviation}, t: {journal_issn})]", 0.0), operator: *, right: (1.0, 1.0), result: 0.0}, 0.0), operator: +, right: ({left: ("[FunctionalDependency:(s: {journal_title}, t: {journal_issn})]", 0.0), operator: *, right: (1.0, 1.0), result: 0.0}, 0.0), result: 0.0}
列 'p' 不存在，对列 journal_issn 不过滤，直接选择所有非无效值。
Block processing time: 0.010585 seconds
Computing Block 401 out of 431
Processing Block size=2
begin cleaner{left: ({left: ("[FunctionalDependency:(s: {journal_abbreviation}, t: {journal_issn})]", 0.0), operator: *, right: (1.0, 1.0), result: 0.0}, 0.0), operator: +, right: ({left: ("[FunctionalDependency:(s: {journal_title}, t: {journal_issn})]", 0.0), operator: *, right: (1.0, 1.0), result: 0.0}, 0.0), result: 0.0}
列 'p' 不存在，对列 journal_issn 不过滤，直接选择所有非无效值。
Block processing time: 0.010539 seconds
Computing Block 422 out of 431
Processing Block size=2
begin cleaner{left: ({left: ("[FunctionalDependency:(s: {journal_abbreviation}, t: {journal_issn})]", 0.0), operator: *, right: (1.0, 1.0), result: 0.0}, 0.0), operator: +, right: ({left: ("[FunctionalDependency:(s: {journal_title}, t: {journal_issn})]", 0.0), operator: *, right: (1.0, 1.0), result: 0.0}, 0.0), result: 0.0}
列 'p' 不存在，对列 journal_issn 不过滤，直接选择所有非无效值。
Block processing time: 0.010468 seconds
Computing Block 424 out of 431
Processing Block size=2
begin cleaner{left: ({left: ("[FunctionalDependency:(s: {journal_abbreviation}, t: {journal_issn})]", 1.0), operator: *, right: (1.0, 1.0), result: 1.0}, 1.0), operator: +, right: ({left: ("[FunctionalDependency:(s: {journal_title}, t: {journal_issn})]", 1.0), operator: *, right: (1.0, 1.0), result: 1.0}, 1.0), result: 1.0}
列 'p' 不存在，对列 journal_issn 不过滤，直接选择所有非无效值。
Block processing time: 0.01062 seconds
Computing Block 427 out of 431
Processing Block size=2
begin cleaner{left: ({left: ("[FunctionalDependency:(s: {journal_abbreviation}, t: {journal_issn})]", 0.0), operator: *, right: (1.0, 1.0), result: 0.0}, 0.0), operator: +, right: ({left: ("[FunctionalDependency:(s: {journal_title}, t: {journal_issn})]", 0.0), operator: *, right: (1.0, 1.0), result: 0.0}, 0.0), result: 0.0}
列 'p' 不存在，对列 journal_issn 不过滤，直接选择所有非无效值。
Block processing time: 0.010512 seconds
Computing Block 431 out of 431
Processing Block size=3
begin cleaner{left: ({left: ("[FunctionalDependency:(s: {journal_abbreviation}, t: {journal_issn})]", 0.0), operator: *, right: (1.0, 1.0), result: 0.0}, 0.0), operator: +, right: ({left: ("[FunctionalDependency:(s: {journal_title}, t: {journal_issn})]", 0.0), operator: *, right: (1.0, 1.0), result: 0.0}, 0.0), result: 0.0}
列 'p' 不存在，对列 journal_issn 不过滤，直接选择所有非无效值。
Block processing time: 0.015582 seconds
  当前节点: journal_issn 无清洗操作
['journal_issn']的清洗完成

本层累积的编辑规则数: 0
本层没有可以进行的清洗操作，进行下一层

清洗规则溯源分析:

处理第 1 层级, 包含节点: ['journal_abbreviation']

处理第 2 层级, 包含节点: ['journal_title']

处理第 3 层级, 包含节点: ['journal_issn']

清洗流程展示:
关联图存储到: TestDataset/result/train/rayyan/rayyan_12/acplt.png
清洗总执行时间: 5.7777 秒
清洗结果已保存到: TestDataset/result/train/rayyan/rayyan_12/rayyan_12Cleaned.csv
测评性能开始：
没有指定错误比例，仅进行原数据集的空值替换，不添加错误
已将注入错误的文件保存到: TestDataset/result/train/rayyan/rayyan_12/rayyan_12Cleaned.csv
差异文件已保存到:
TestDataset/result/train/rayyan/rayyan_12/rayyan_12_clean_vs_dirty.csv
TestDataset/result/train/rayyan/rayyan_12/rayyan_12_dirty_vs_cleaned.csv
TestDataset/result/train/rayyan/rayyan_12/rayyan_12_clean_vs_cleaned.csv
修复错误数据文件已保存到: TestDataset/result/train/rayyan/rayyan_12/rayyan_12_repair_errors.csv
未修复但是应该修复数据文件已保存到: TestDataset/result/train/rayyan/rayyan_12/rayyan_12_unrepaired.csv
修复准确率: 0.34615384615384615, 修复召回率: 0.006617647058823529, F1值: 0.012987012983331565
========================================
EDR 结果已保存到: TestDataset/result/train/rayyan/rayyan_12/rayyan_12_edr_evaluation.txt
错误减少率 (EDR): -0.0029411764705882353
========================================
混合距离结果已保存到: TestDataset/result/train/rayyan/rayyan_12/rayyan_12_hybrid_distance_evaluation.txt
混合距离 (Hybrid Distance): 0.19581083862562654
========================================
R-EDR 结果已保存到: TestDataset/result/train/rayyan/rayyan_12/rayyan_12_record_based_edr_evaluation.txt
基于条目的错误减少率 (R-EDR): 0.001336898395721925
========================================
测试结果:
Accuracy: 0.34615384615384615
Recall: 0.006617647058823529
F1 Score: 0.012987012983331565
EDR: -0.0029411764705882353
Hybrid Distance: 0.19581083862562654
R-EDR: 0.001336898395721925
time(s): 5.777742207999999
speed: 0.5777742208 seconds/100num
测评结束，详细测评日志见：TestDataset/result/train/rayyan/rayyan_12
